✓ static/img/figures/gnas-301/unit-01/fig-U1-1.dark.svg (780x470, widest text ends at 768.4, wordmark at 675.7)
✓ static/img/figures/gnas-301/unit-01/fig-U1-1.svg (780x470, widest text ends at 768.4, wordmark at 675.7)
✓ static/img/figures/gnas-301/unit-01/fig-U1-1.ur.dark.svg (780x470, widest text ends at 624.2, wordmark at 12)
✓ static/img/figures/gnas-301/unit-01/fig-U1-1.ur.svg (780x470, widest text ends at 624.2, wordmark at 12)
✓ static/img/figures/gnas-301/unit-01/fig-U1-2.dark.svg (780x470, widest text ends at 771.4, wordmark at 675.7)
✓ static/img/figures/gnas-301/unit-01/fig-U1-2.svg (780x470, widest text ends at 771.4, wordmark at 675.7)
✓ static/img/figures/gnas-301/unit-01/fig-U1-2.ur.dark.svg (780x470, widest text ends at 734.6, wordmark at 12)
✓ static/img/figures/gnas-301/unit-01/fig-U1-2.ur.svg (780x470, widest text ends at 734.6, wordmark at 12)
✓ static/img/figures/gnas-301/unit-01/fig-U1-3.dark.svg (780x470, widest text ends at 768.4, wordmark at 675.7)
✓ static/img/figures/gnas-301/unit-01/fig-U1-3.svg (780x470, widest text ends at 768.4, wordmark at 675.7)
✓ static/img/figures/gnas-301/unit-01/fig-U1-3.ur.dark.svg (780x470, widest text ends at 736.4, wordmark at 12)
✓ static/img/figures/gnas-301/unit-01/fig-U1-3.ur.svg (780x470, widest text ends at 736.4, wordmark at 12)
✓ static/img/figures/gnas-301/unit-01/fig-U1-4.dark.svg (780x470, widest text ends at 768.4, wordmark at 675.7)
✓ static/img/figures/gnas-301/unit-01/fig-U1-4.svg (780x470, widest text ends at 768.4, wordmark at 675.7)
✓ static/img/figures/gnas-301/unit-01/fig-U1-4.ur.dark.svg (780x470, widest text ends at 734, wordmark at 12)
✓ static/img/figures/gnas-301/unit-01/fig-U1-4.ur.svg (780x470, widest text ends at 734, wordmark at 12)
✓ static/img/figures/gnas-301/unit-01/fig-U1-5.dark.svg (780x470, widest text ends at 768.4, wordmark at 675.7)
✓ static/img/figures/gnas-301/unit-01/fig-U1-5.svg (780x470, widest text ends at 768.4, wordmark at 675.7)
✓ static/img/figures/gnas-301/unit-01/fig-U1-5.ur.dark.svg (780x470, widest text ends at 736.8, wordmark at 12)
✓ static/img/figures/gnas-301/unit-01/fig-U1-5.ur.svg (780x470, widest text ends at 736.8, wordmark at 12)
✓ static/img/figures/gnas-301/unit-01/fig-U1-6.dark.svg (780x470, widest text ends at 768.4, wordmark at 675.7)
✓ static/img/figures/gnas-301/unit-01/fig-U1-6.svg (780x470, widest text ends at 768.4, wordmark at 675.7)
✓ static/img/figures/gnas-301/unit-01/fig-U1-6.ur.dark.svg (780x470, widest text ends at 740, wordmark at 12)
✓ static/img/figures/gnas-301/unit-01/fig-U1-6.ur.svg (780x470, widest text ends at 740, wordmark at 12)
✓ static/img/figures/gnas-301/unit-01/fig-U1-7.dark.svg (780x470, widest text ends at 768.4, wordmark at 675.7)
✓ static/img/figures/gnas-301/unit-01/fig-U1-7.svg (780x470, widest text ends at 768.4, wordmark at 675.7)
✓ static/img/figures/gnas-301/unit-01/fig-U1-7.ur.dark.svg (780x470, widest text ends at 740.1, wordmark at 12)
✓ static/img/figures/gnas-301/unit-01/fig-U1-7.ur.svg (780x470, widest text ends at 740.1, wordmark at 12)
✓ static/img/figures/gnas-301/unit-01/fig-U1-8.dark.svg (780x470, widest text ends at 768.4, wordmark at 675.7)
✓ static/img/figures/gnas-301/unit-01/fig-U1-8.svg (780x470, widest text ends at 768.4, wordmark at 675.7)
✓ static/img/figures/gnas-301/unit-01/fig-U1-8.ur.dark.svg (780x470, widest text ends at 734.6, wordmark at 12)
✓ static/img/figures/gnas-301/unit-01/fig-U1-8.ur.svg (780x470, widest text ends at 734.6, wordmark at 12)
