### starting: npm run serve -- --port 4599
### render-inspect  EFMP-302 Unit 3
### route: /semester-1/efmp-302/unit-03  pages: 8  placed figures: 10
### host: http://127.0.0.1:4599   browser: chromium 149.0.7827.0
### started: 2026-09-24T14:08:56.394Z

===== A. DESKTOP 1280x900 =====

-- index: headings=5 imgs=0 visibleBroken=0 notServed=0 missingAlt=0 bareUrlLinks=0 vagueLinks=0 hOverflow=false
   heading order: no skipped levels

-- topic-01: headings=12 imgs=4 visibleBroken=0 notServed=0 missingAlt=0 bareUrlLinks=2 vagueLinks=0 hOverflow=false
   img /img/figures/efmp-302/unit-03/fig-U3-1.svg natural=300x150 shown=true loading=lazy alt="Table comparing three definitions of teacher effectiveness - achievement gain, observed pr"
   img /img/figures/efmp-302/unit-03/fig-U3-1.dark.svg natural=0x0 shown=false loading=lazy alt="Table comparing three definitions of teacher effectiveness - achievement gain, observed pr"
   img /img/figures/efmp-302/unit-03/fig-U3-2.svg natural=265x150 shown=true loading=lazy alt="Concept map of teacher effectiveness branching into within-classroom processes and factors"
   img /img/figures/efmp-302/unit-03/fig-U3-2.dark.svg natural=0x0 shown=false loading=lazy alt="Concept map of teacher effectiveness branching into within-classroom processes and factors"
   heading order: no skipped levels
   advisory bare-URL link text: https://files.eric.ed.gov/fulltext/ED521228.pdf | https://doi.org/10.3389/feduc.2023.1253622

-- topic-02: headings=14 imgs=4 visibleBroken=0 notServed=0 missingAlt=0 bareUrlLinks=0 vagueLinks=0 hOverflow=false
   img /img/figures/efmp-302/unit-03/fig-U3-3.svg natural=260x150 shown=true loading=lazy alt="Table of seven teacher personality traits - empathy, patience, self-control, optimism, hum"
   img /img/figures/efmp-302/unit-03/fig-U3-3.dark.svg natural=0x0 shown=false loading=lazy alt="Table of seven teacher personality traits - empathy, patience, self-control, optimism, hum"
   img /img/figures/efmp-302/unit-03/fig-U3-4.svg natural=231x150 shown=true loading=lazy alt="Layered diagram of professional image with appearance as a thin outer band, then conduct, "
   img /img/figures/efmp-302/unit-03/fig-U3-4.dark.svg natural=0x0 shown=false loading=lazy alt="Layered diagram of professional image with appearance as a thin outer band, then conduct, "
   heading order: no skipped levels

-- topic-03: headings=12 imgs=4 visibleBroken=0 notServed=0 missingAlt=0 bareUrlLinks=1 vagueLinks=0 hOverflow=false
   img /img/figures/efmp-302/unit-03/fig-U3-5.svg natural=254x150 shown=true loading=lazy alt="Concept map with a teacher at the centre linked to pupils, parents, colleagues, the head a"
   img /img/figures/efmp-302/unit-03/fig-U3-5.dark.svg natural=0x0 shown=false loading=lazy alt="Concept map with a teacher at the centre linked to pupils, parents, colleagues, the head a"
   img /img/figures/efmp-302/unit-03/fig-U3-6.svg natural=232x150 shown=true loading=lazy alt="Flowchart of a conflict de-escalation sequence from an angry first contact through decisio"
   img /img/figures/efmp-302/unit-03/fig-U3-6.dark.svg natural=0x0 shown=false loading=lazy alt="Flowchart of a conflict de-escalation sequence from an angry first contact through decisio"
   heading order: no skipped levels
   advisory bare-URL link text: https://files.eric.ed.gov/fulltext/ED521228.pdf

-- topic-04: headings=13 imgs=4 visibleBroken=0 notServed=0 missingAlt=0 bareUrlLinks=2 vagueLinks=0 hOverflow=false
   img /img/figures/efmp-302/unit-03/fig-U3-7.svg natural=287x150 shown=true loading=lazy alt="Table comparing verbal and non-verbal communication channels by what each carries best, ho"
   img /img/figures/efmp-302/unit-03/fig-U3-7.dark.svg natural=0x0 shown=false loading=lazy alt="Table comparing verbal and non-verbal communication channels by what each carries best, ho"
   img /img/figures/efmp-302/unit-03/fig-U3-8.svg natural=239x150 shown=true loading=lazy alt="Overhead schematic of a classroom marking the teacher's non-verbal channels in place - pro"
   img /img/figures/efmp-302/unit-03/fig-U3-8.dark.svg natural=0x0 shown=false loading=lazy alt="Overhead schematic of a classroom marking the teacher's non-verbal channels in place - pro"
   heading order: no skipped levels
   advisory bare-URL link text: https://doi.org/10.14434/josotl.v16i3.19284 | https://doi.org/10.1080/2331186X.2024.2325788

-- topic-05: headings=14 imgs=4 visibleBroken=0 notServed=0 missingAlt=0 bareUrlLinks=1 vagueLinks=0 hOverflow=false
   img /img/figures/efmp-302/unit-03/fig-U3-9.svg natural=287x150 shown=true loading=lazy alt="Timeline of the shifting expected role of a teacher from transmitter of content through in"
   img /img/figures/efmp-302/unit-03/fig-U3-9.dark.svg natural=0x0 shown=false loading=lazy alt="Timeline of the shifting expected role of a teacher from transmitter of content through in"
   img /img/figures/efmp-302/unit-03/fig-U3-10.svg natural=260x150 shown=true loading=lazy alt="Concept map of a teacher at the centre with five branches - facilitator, researcher, chang"
   img /img/figures/efmp-302/unit-03/fig-U3-10.dark.svg natural=0x0 shown=false loading=lazy alt="Concept map of a teacher at the centre with five branches - facilitator, researcher, chang"
   heading order: no skipped levels
   advisory bare-URL link text: https://doi.org/10.1787/b19f5af7-en

-- unit-assessment: headings=10 imgs=0 visibleBroken=0 notServed=0 missingAlt=0 bareUrlLinks=0 vagueLinks=0 hOverflow=false
   heading order: no skipped levels

-- unit-teacher-notes: headings=7 imgs=0 visibleBroken=0 notServed=0 missingAlt=0 bareUrlLinks=0 vagueLinks=0 hOverflow=false
   heading order: no skipped levels

===== B. NARROW 360x780 =====

-- index: docHorizontalOverflow=0px tables=0 figures=0 spill=0

-- topic-01: docHorizontalOverflow=0px tables=1 figures=2 spill=2
   table[0] client=328 scroll=328 fits=true lastHeader="What a strong response d" scroller=NONE
   figure[0] .figure client=328 scroll=900 scroller=FIGURE.figure
   figure[1] .figure client=328 scroll=900 scroller=FIGURE.figure

-- topic-02: docHorizontalOverflow=0px tables=1 figures=2 spill=2
   table[0] client=328 scroll=328 fits=true lastHeader="What a strong response d" scroller=NONE
   figure[0] .figure client=328 scroll=900 scroller=FIGURE.figure
   figure[1] .figure client=328 scroll=800 scroller=FIGURE.figure

-- topic-03: docHorizontalOverflow=0px tables=1 figures=2 spill=2
   table[0] client=328 scroll=328 fits=true lastHeader="What a strong response d" scroller=NONE
   figure[0] .figure client=328 scroll=880 scroller=FIGURE.figure
   figure[1] .figure client=328 scroll=880 scroller=FIGURE.figure

-- topic-04: docHorizontalOverflow=0px tables=1 figures=2 spill=2
   table[0] client=328 scroll=328 fits=true lastHeader="What a strong response d" scroller=NONE
   figure[0] .figure client=328 scroll=860 scroller=FIGURE.figure
   figure[1] .figure client=328 scroll=860 scroller=FIGURE.figure

-- topic-05: docHorizontalOverflow=0px tables=1 figures=2 spill=2
   table[0] client=328 scroll=328 fits=true lastHeader="What a strong response d" scroller=NONE
   figure[0] .figure client=328 scroll=900 scroller=FIGURE.figure
   figure[1] .figure client=328 scroll=900 scroller=FIGURE.figure

-- unit-assessment: docHorizontalOverflow=0px tables=5 figures=0 spill=8
   table[0] client=328 scroll=527 fits=false lastHeader="Strong (4-5)" scroller=TABLE. (client=328 scroll=527 tabindex=0 aria-label=Scrollable table, scroll sideways to see all columns)
   table[1] client=328 scroll=473 fits=false lastHeader="Strong (4-5)" scroller=TABLE. (client=328 scroll=473 tabindex=0 aria-label=Scrollable table, scroll sideways to see all columns)
   table[2] client=328 scroll=471 fits=false lastHeader="Strong (4-5)" scroller=TABLE. (client=328 scroll=471 tabindex=0 aria-label=Scrollable table, scroll sideways to see all columns)
   table[3] client=328 scroll=488 fits=false lastHeader="Strong (4-5)" scroller=TABLE. (client=328 scroll=488 tabindex=0 aria-label=Scrollable table, scroll sideways to see all columns)
   table[4] client=328 scroll=499 fits=false lastHeader="Strong (4-5)" scroller=TABLE. (client=328 scroll=499 tabindex=0 aria-label=Scrollable table, scroll sideways to see all columns)

-- unit-teacher-notes: docHorizontalOverflow=0px tables=0 figures=0 spill=0

===== C. A4 PRINT EMULATION (794px) =====

-- index @print: clippedElems=0 figureImgs=0 answerHeadings=[]

-- topic-01 @print: clippedElems=0 figureImgs=4 answerHeadings=[]
   printfig /img/figures/efmp-302/unit-03/fig-U3-1.svg w=640 right=717 fits
   printfig /img/figures/efmp-302/unit-03/fig-U3-1.dark.svg w=0 right=0 fits
   printfig /img/figures/efmp-302/unit-03/fig-U3-2.svg w=640 right=717 fits
   printfig /img/figures/efmp-302/unit-03/fig-U3-2.dark.svg w=0 right=0 fits

-- topic-02 @print: clippedElems=0 figureImgs=4 answerHeadings=[]
   printfig /img/figures/efmp-302/unit-03/fig-U3-3.svg w=640 right=717 fits
   printfig /img/figures/efmp-302/unit-03/fig-U3-3.dark.svg w=0 right=0 fits
   printfig /img/figures/efmp-302/unit-03/fig-U3-4.svg w=640 right=717 fits
   printfig /img/figures/efmp-302/unit-03/fig-U3-4.dark.svg w=0 right=0 fits

-- topic-03 @print: clippedElems=0 figureImgs=4 answerHeadings=[]
   printfig /img/figures/efmp-302/unit-03/fig-U3-5.svg w=640 right=717 fits
   printfig /img/figures/efmp-302/unit-03/fig-U3-5.dark.svg w=0 right=0 fits
   printfig /img/figures/efmp-302/unit-03/fig-U3-6.svg w=760 right=777 fits
   printfig /img/figures/efmp-302/unit-03/fig-U3-6.dark.svg w=0 right=0 fits

-- topic-04 @print: clippedElems=0 figureImgs=4 answerHeadings=[]
   printfig /img/figures/efmp-302/unit-03/fig-U3-7.svg w=640 right=717 fits
   printfig /img/figures/efmp-302/unit-03/fig-U3-7.dark.svg w=0 right=0 fits
   printfig /img/figures/efmp-302/unit-03/fig-U3-8.svg w=640 right=717 fits
   printfig /img/figures/efmp-302/unit-03/fig-U3-8.dark.svg w=0 right=0 fits

-- topic-05 @print: clippedElems=0 figureImgs=4 answerHeadings=[]
   printfig /img/figures/efmp-302/unit-03/fig-U3-9.svg w=760 right=777 fits
   printfig /img/figures/efmp-302/unit-03/fig-U3-9.dark.svg w=0 right=0 fits
   printfig /img/figures/efmp-302/unit-03/fig-U3-10.svg w=640 right=717 fits
   printfig /img/figures/efmp-302/unit-03/fig-U3-10.dark.svg w=0 right=0 fits

-- unit-assessment @print: clippedElems=0 figureImgs=0 answerHeadings=["Answers and marking guidance​","MCQ answer key​","RRQ model answers and mark schemes​","ERQ rubrics​"]

-- unit-teacher-notes @print: clippedElems=0 figureImgs=0 answerHeadings=["Marking the unit assessment​"]

===== D. SVG TEXT GEOMETRY =====
   fig-U3-1.light [table] viewBox=900x450 texts=33 wordmark@x=795.7 -> clean
   fig-U3-1.dark [table] viewBox=900x450 texts=33 wordmark@x=795.7 -> clean
   fig-U3-2.light [concept-map] viewBox=900x510 texts=26 wordmark@x=795.7 -> clean
   fig-U3-2.dark [concept-map] viewBox=900x510 texts=26 wordmark@x=795.7 -> clean
   fig-U3-3.light [table] viewBox=900x520 texts=33 wordmark@x=795.7 -> clean
   fig-U3-3.dark [table] viewBox=900x520 texts=33 wordmark@x=795.7 -> clean
   fig-U3-4.light [diagram] viewBox=800x520 texts=23 wordmark@x=695.6 -> clean
   fig-U3-4.dark [diagram] viewBox=800x520 texts=23 wordmark@x=695.6 -> clean
   fig-U3-5.light [concept-map] viewBox=880x520 texts=14 wordmark@x=775.6 -> clean
   fig-U3-5.dark [concept-map] viewBox=880x520 texts=14 wordmark@x=775.6 -> clean
   fig-U3-6.light [flowchart] viewBox=880x570 texts=29 wordmark@x=775.6 -> clean
   fig-U3-6.dark [flowchart] viewBox=880x570 texts=29 wordmark@x=775.6 -> clean
   fig-U3-7.light [table] viewBox=860x450 texts=23 wordmark@x=755.8 -> clean
   fig-U3-7.dark [table] viewBox=860x450 texts=23 wordmark@x=755.8 -> clean
   fig-U3-8.light [diagram] viewBox=860x540 texts=14 wordmark@x=755.8 -> clean
   fig-U3-8.dark [diagram] viewBox=860x540 texts=14 wordmark@x=755.8 -> clean
   fig-U3-9.light [timeline] viewBox=900x470 texts=23 wordmark@x=795.7 -> clean
   fig-U3-9.dark [timeline] viewBox=900x470 texts=23 wordmark@x=795.7 -> clean
   fig-U3-10.light [concept-map] viewBox=900x520 texts=14 wordmark@x=795.7 -> clean
   fig-U3-10.dark [concept-map] viewBox=900x520 texts=14 wordmark@x=795.7 -> clean

### finished: 2026-09-24T14:09:48.606Z
### defects: 0
### exit_code: 0
