OK  static/img/figures/efmp-302/unit-06/fig-U6-1.ur.svg texts=41 pairs=0 wordmark=0 rectEscape=0 viewBoxEscape=0 nearMiss=0
OK  static/img/figures/efmp-302/unit-06/fig-U6-1.ur.dark.svg texts=41 pairs=0 wordmark=0 rectEscape=0 viewBoxEscape=0 nearMiss=0
DEF static/img/figures/efmp-302/unit-06/fig-U6-2.ur.svg texts=17 pairs=0 wordmark=0 rectEscape=3 viewBoxEscape=0 nearMiss=0
{
  "pairs": [],
  "wordmark": [],
  "rectEscape": [
    {
      "text": "رد کرتی ہے: ان شاگردوں سے دور تربیت جنہیں آپ پ",
      "box": "ro@44,72",
      "esc": [
        "left by 37.0"
      ]
    },
    {
      "text": "رد کرتی ہے: اُس سبق پر مشورہ جسے کوئی نہیں دیک",
      "box": "ro@654,342",
      "esc": [
        "left by 5.5"
      ]
    },
    {
      "text": "رد کرتی ہے: وہ سونپا گیا کورس جسے کسی نے نہیں ",
      "box": "ro@44,342",
      "esc": [
        "left by 17.2"
      ]
    }
  ],
  "viewBoxEscape": []
}
DEF static/img/figures/efmp-302/unit-06/fig-U6-2.ur.dark.svg texts=17 pairs=0 wordmark=0 rectEscape=3 viewBoxEscape=0 nearMiss=0
{
  "pairs": [],
  "wordmark": [],
  "rectEscape": [
    {
      "text": "رد کرتی ہے: ان شاگردوں سے دور تربیت جنہیں آپ پ",
      "box": "ro@44,72",
      "esc": [
        "left by 37.0"
      ]
    },
    {
      "text": "رد کرتی ہے: اُس سبق پر مشورہ جسے کوئی نہیں دیک",
      "box": "ro@654,342",
      "esc": [
        "left by 5.5"
      ]
    },
    {
      "text": "رد کرتی ہے: وہ سونپا گیا کورس جسے کسی نے نہیں ",
      "box": "ro@44,342",
      "esc": [
        "left by 17.2"
      ]
    }
  ],
  "viewBoxEscape": []
}
OK  static/img/figures/efmp-302/unit-06/fig-U6-3.ur.svg texts=22 pairs=0 wordmark=0 rectEscape=0 viewBoxEscape=0 nearMiss=0
OK  static/img/figures/efmp-302/unit-06/fig-U6-3.ur.dark.svg texts=22 pairs=0 wordmark=0 rectEscape=0 viewBoxEscape=0 nearMiss=0
OK  static/img/figures/efmp-302/unit-06/fig-U6-4.ur.svg texts=28 pairs=0 wordmark=0 rectEscape=0 viewBoxEscape=0 nearMiss=0
OK  static/img/figures/efmp-302/unit-06/fig-U6-4.ur.dark.svg texts=28 pairs=0 wordmark=0 rectEscape=0 viewBoxEscape=0 nearMiss=0
OK  static/img/figures/efmp-302/unit-06/fig-U6-5.ur.svg texts=53 pairs=0 wordmark=0 rectEscape=0 viewBoxEscape=0 nearMiss=1
OK  static/img/figures/efmp-302/unit-06/fig-U6-5.ur.dark.svg texts=53 pairs=0 wordmark=0 rectEscape=0 viewBoxEscape=0 nearMiss=1
OK  static/img/figures/efmp-302/unit-06/fig-U6-6.ur.svg texts=17 pairs=0 wordmark=0 rectEscape=0 viewBoxEscape=0 nearMiss=0
OK  static/img/figures/efmp-302/unit-06/fig-U6-6.ur.dark.svg texts=17 pairs=0 wordmark=0 rectEscape=0 viewBoxEscape=0 nearMiss=0
OK  static/img/figures/efmp-302/unit-06/fig-U6-7.ur.svg texts=22 pairs=0 wordmark=0 rectEscape=0 viewBoxEscape=0 nearMiss=0
OK  static/img/figures/efmp-302/unit-06/fig-U6-7.ur.dark.svg texts=22 pairs=0 wordmark=0 rectEscape=0 viewBoxEscape=0 nearMiss=0
OK  static/img/figures/efmp-302/unit-06/fig-U6-8.ur.svg texts=23 pairs=0 wordmark=0 rectEscape=0 viewBoxEscape=0 nearMiss=0
OK  static/img/figures/efmp-302/unit-06/fig-U6-8.ur.dark.svg texts=23 pairs=0 wordmark=0 rectEscape=0 viewBoxEscape=0 nearMiss=0
6 GEOMETRY DEFECTS
