-- fig-U6-2.svg
   fits | box ctr@350,200 | "Development that"
   fits | box ctr@350,200 | "changes practice"
   fits | box n@20,30 | "Sustained over time"
   fits | box ro@20,72 | "rules out: the one-day event, alone"
   fits | box n@630,30 | "Embedded in your classroom"
   ESCAPE right by 25.1 | box ro@630,72 | "rules out: training away from the pupils you t"
   fits | box n@20,120 | "Focused on content and pupils"
   ESCAPE right by 23.5 | box ro@20,162 | "rules out: generic sessions on teaching in gen"
   fits | box n@630,120 | "Collaborative"
   fits | box ro@630,162 | "rules out: improving alone, unobserved"
   fits | box n@20,300 | "Supported by feedback"
   ESCAPE right by 20.0 | box ro@20,342 | "rules out: advice about a lesson nobody watche"
   fits | box n@630,300 | "Chosen by the teacher"
   ESCAPE right by 15.4 | box ro@630,342 | "rules out: the assigned course nobody asked fo"
-- fig-U6-2.dark.svg
   fits | box ctr@350,200 | "Development that"
   fits | box ctr@350,200 | "changes practice"
   fits | box n@20,30 | "Sustained over time"
   fits | box ro@20,72 | "rules out: the one-day event, alone"
   fits | box n@630,30 | "Embedded in your classroom"
   ESCAPE right by 25.1 | box ro@630,72 | "rules out: training away from the pupils you t"
   fits | box n@20,120 | "Focused on content and pupils"
   ESCAPE right by 23.5 | box ro@20,162 | "rules out: generic sessions on teaching in gen"
   fits | box n@630,120 | "Collaborative"
   fits | box ro@630,162 | "rules out: improving alone, unobserved"
   fits | box n@20,300 | "Supported by feedback"
   ESCAPE right by 20.0 | box ro@20,342 | "rules out: advice about a lesson nobody watche"
   fits | box n@630,300 | "Chosen by the teacher"
   ESCAPE right by 15.4 | box ro@630,342 | "rules out: the assigned course nobody asked fo"
