### render-inspect  GNAS-301 Unit 4
### route: /semester-1/gnas-301/unit-04  pages: 10  placed figures: 14
### host: http://127.0.0.1:4173   browser: chromium 149.0.7827.0
### started: 2026-09-23T22:33:52.879Z

===== A. DESKTOP 1280x900 =====

-- index: headings=5 imgs=0 visibleBroken=0 notServed=0 missingAlt=0 bareUrlLinks=0 vagueLinks=0 hOverflow=false
   heading order: no skipped levels

-- topic-01: headings=12 imgs=4 visibleBroken=0 notServed=0 missingAlt=0 bareUrlLinks=4 vagueLinks=0 hOverflow=false
   img /img/figures/gnas-301/unit-04/fig-U4-1.svg natural=249x150 shown=true loading=lazy alt="Diagram of four workplace sectors, industry, construction, agriculture and services, each "
   img /img/figures/gnas-301/unit-04/fig-U4-1.dark.svg natural=0x0 shown=false loading=lazy alt="Diagram of four workplace sectors, industry, construction, agriculture and services, each "
   img /img/figures/gnas-301/unit-04/fig-U4-2.svg natural=249x150 shown=true loading=lazy alt="Table of accident and injury types by sector with a driver and one prevention point each"
   img /img/figures/gnas-301/unit-04/fig-U4-2.dark.svg natural=0x0 shown=false loading=lazy alt="Table of accident and injury types by sector with a driver and one prevention point each"
   heading order: no skipped levels
   advisory bare-URL link text: https://doi.org/10.1186/s42506-024-00150-2 | https://doi.org/10.1186/s13063-019-3743-3 | https://doi.org/10.46660/ijeeg.Vol12.Iss4.2021.651 | https://www.who.int/health-topics/occupational-hea

-- topic-02: headings=11 imgs=4 visibleBroken=0 notServed=0 missingAlt=0 bareUrlLinks=1 vagueLinks=0 hOverflow=false
   img /img/figures/gnas-301/unit-04/fig-U4-3.svg natural=249x150 shown=true loading=lazy alt="Flowchart of the PDCA cycle of an OSH management system, plan, do, check, act, drawn as a "
   img /img/figures/gnas-301/unit-04/fig-U4-3.dark.svg natural=0x0 shown=false loading=lazy alt="Flowchart of the PDCA cycle of an OSH management system, plan, do, check, act, drawn as a "
   img /img/figures/gnas-301/unit-04/fig-U4-4.svg natural=249x150 shown=true loading=lazy alt="Table comparing the ILO Convention No. 155 and ISO 45001:2018 reference points with what e"
   img /img/figures/gnas-301/unit-04/fig-U4-4.dark.svg natural=0x0 shown=false loading=lazy alt="Table comparing the ILO Convention No. 155 and ISO 45001:2018 reference points with what e"
   heading order: no skipped levels
   advisory bare-URL link text: https://www.who.int/health-topics/occupational-hea

-- topic-03: headings=12 imgs=4 visibleBroken=0 notServed=0 missingAlt=0 bareUrlLinks=2 vagueLinks=0 hOverflow=false
   img /img/figures/gnas-301/unit-04/fig-U4-6.svg natural=249x150 shown=true loading=lazy alt="Table of the four instruments of HSE regulation, act, rules and regulations, codes of prac"
   img /img/figures/gnas-301/unit-04/fig-U4-6.dark.svg natural=0x0 shown=false loading=lazy alt="Table of the four instruments of HSE regulation, act, rules and regulations, codes of prac"
   img /img/figures/gnas-301/unit-04/fig-U4-5.svg natural=249x150 shown=true loading=lazy alt="Diagram of internal control as five stacked layers, management philosophy, policies, proce"
   img /img/figures/gnas-301/unit-04/fig-U4-5.dark.svg natural=0x0 shown=false loading=lazy alt="Diagram of internal control as five stacked layers, management philosophy, policies, proce"
   heading order: no skipped levels
   advisory bare-URL link text: https://doi.org/10.46660/ijeeg.Vol12.Iss4.2021.651 | https://www.who.int/health-topics/occupational-hea

-- topic-04: headings=12 imgs=4 visibleBroken=0 notServed=0 missingAlt=0 bareUrlLinks=2 vagueLinks=0 hOverflow=false
   img /img/figures/gnas-301/unit-04/fig-U4-7.svg natural=249x150 shown=true loading=lazy alt="Table of the duties and rights triangle, employer, worker and government, each with duties"
   img /img/figures/gnas-301/unit-04/fig-U4-7.dark.svg natural=0x0 shown=false loading=lazy alt="Table of the duties and rights triangle, employer, worker and government, each with duties"
   img /img/figures/gnas-301/unit-04/fig-U4-8.svg natural=249x150 shown=true loading=lazy alt="Diagram of the OHS professional's role web with six spokes, adviser, trainer, inspector, i"
   img /img/figures/gnas-301/unit-04/fig-U4-8.dark.svg natural=0x0 shown=false loading=lazy alt="Diagram of the OHS professional's role web with six spokes, adviser, trainer, inspector, i"
   heading order: no skipped levels
   advisory bare-URL link text: https://www.who.int/health-topics/occupational-hea | https://doi.org/10.1186/s42506-024-00150-2

-- topic-05: headings=12 imgs=4 visibleBroken=0 notServed=0 missingAlt=0 bareUrlLinks=2 vagueLinks=0 hOverflow=false
   img /img/figures/gnas-301/unit-04/fig-U4-9.svg natural=249x150 shown=true loading=lazy alt="Concept map linking the four management functions, plan, organise, lead and control, to a "
   img /img/figures/gnas-301/unit-04/fig-U4-9.dark.svg natural=0x0 shown=false loading=lazy alt="Concept map linking the four management functions, plan, organise, lead and control, to a "
   img /img/figures/gnas-301/unit-04/fig-U4-10.svg natural=249x150 shown=true loading=lazy alt="Table of three HSE measures and models, the incident pyramid, the Swiss cheese model and t"
   img /img/figures/gnas-301/unit-04/fig-U4-10.dark.svg natural=0x0 shown=false loading=lazy alt="Table of three HSE measures and models, the incident pyramid, the Swiss cheese model and t"
   heading order: no skipped levels
   advisory bare-URL link text: https://www.who.int/health-topics/occupational-hea | https://doi.org/10.46660/ijeeg.Vol12.Iss4.2021.651

-- topic-06: headings=12 imgs=4 visibleBroken=0 notServed=0 missingAlt=0 bareUrlLinks=1 vagueLinks=0 hOverflow=false
   img /img/figures/gnas-301/unit-04/fig-U4-12.svg natural=249x150 shown=true loading=lazy alt="Table of five layers of HSE statutes and regulations applicable in Pakistan with what each"
   img /img/figures/gnas-301/unit-04/fig-U4-12.dark.svg natural=0x0 shown=false loading=lazy alt="Table of five layers of HSE statutes and regulations applicable in Pakistan with what each"
   img /img/figures/gnas-301/unit-04/fig-U4-11.svg natural=249x150 shown=true loading=lazy alt="Flowchart of the six steps of establishing an HSE plan, scope, hazards, objectives, contro"
   img /img/figures/gnas-301/unit-04/fig-U4-11.dark.svg natural=0x0 shown=false loading=lazy alt="Flowchart of the six steps of establishing an HSE plan, scope, hazards, objectives, contro"
   heading order: no skipped levels
   advisory bare-URL link text: https://www.who.int/health-topics/occupational-hea

-- topic-07: headings=13 imgs=4 visibleBroken=0 notServed=0 missingAlt=0 bareUrlLinks=3 vagueLinks=0 hOverflow=false
   img /img/figures/gnas-301/unit-04/fig-U4-13.svg natural=249x150 shown=true loading=lazy alt="Table of five worker health challenges, heat, dust, noise, stress and ergonomics, each wit"
   img /img/figures/gnas-301/unit-04/fig-U4-13.dark.svg natural=0x0 shown=false loading=lazy alt="Table of five worker health challenges, heat, dust, noise, stress and ergonomics, each wit"
   img /img/figures/gnas-301/unit-04/fig-U4-14.svg natural=249x150 shown=true loading=lazy alt="Diagram of HSE tools and instruments mapped to the four management-system elements, plan, "
   img /img/figures/gnas-301/unit-04/fig-U4-14.dark.svg natural=0x0 shown=false loading=lazy alt="Diagram of HSE tools and instruments mapped to the four management-system elements, plan, "
   heading order: no skipped levels
   advisory bare-URL link text: https://www.who.int/news-room/fact-sheets/detail/m | https://www.who.int/news-room/fact-sheets/detail/d | https://doi.org/10.1186/s13063-019-3743-3

-- unit-assessment: headings=10 imgs=0 visibleBroken=0 notServed=0 missingAlt=0 bareUrlLinks=0 vagueLinks=0 hOverflow=false
   heading order: no skipped levels

-- unit-teacher-notes: headings=6 imgs=0 visibleBroken=0 notServed=0 missingAlt=0 bareUrlLinks=0 vagueLinks=0 hOverflow=false
   heading order: no skipped levels

===== B. NARROW 360x780 =====

-- index: docHorizontalOverflow=0px tables=0 figures=0 spill=0

-- topic-01: docHorizontalOverflow=0px tables=1 figures=2 spill=0
   table[0] client=328 scroll=328 fits=true lastHeader="What a strong response d" scroller=NONE
   figure[0] .figure client=328 scroll=328 scroller=none
   figure[1] .figure client=328 scroll=328 scroller=none

-- topic-02: docHorizontalOverflow=0px tables=1 figures=2 spill=0
   table[0] client=328 scroll=328 fits=true lastHeader="What a strong response d" scroller=NONE
   figure[0] .figure client=328 scroll=328 scroller=none
   figure[1] .figure client=328 scroll=328 scroller=none

-- topic-03: docHorizontalOverflow=0px tables=1 figures=2 spill=0
   table[0] client=328 scroll=328 fits=true lastHeader="What a strong response d" scroller=NONE
   figure[0] .figure client=328 scroll=328 scroller=none
   figure[1] .figure client=328 scroll=328 scroller=none

-- topic-04: docHorizontalOverflow=0px tables=1 figures=2 spill=0
   table[0] client=328 scroll=328 fits=true lastHeader="What a strong response d" scroller=NONE
   figure[0] .figure client=328 scroll=328 scroller=none
   figure[1] .figure client=328 scroll=328 scroller=none

-- topic-05: docHorizontalOverflow=0px tables=1 figures=2 spill=0
   table[0] client=328 scroll=328 fits=true lastHeader="What a strong response d" scroller=NONE
   figure[0] .figure client=328 scroll=328 scroller=none
   figure[1] .figure client=328 scroll=328 scroller=none

-- topic-06: docHorizontalOverflow=0px tables=1 figures=2 spill=0
   table[0] client=328 scroll=328 fits=true lastHeader="What a strong response d" scroller=NONE
   figure[0] .figure client=328 scroll=328 scroller=none
   figure[1] .figure client=328 scroll=328 scroller=none

-- topic-07: docHorizontalOverflow=0px tables=1 figures=2 spill=0
   table[0] client=328 scroll=328 fits=true lastHeader="What a strong response d" scroller=NONE
   figure[0] .figure client=328 scroll=328 scroller=none
   figure[1] .figure client=328 scroll=328 scroller=none

-- unit-assessment: docHorizontalOverflow=0px tables=0 figures=0 spill=0

-- unit-teacher-notes: docHorizontalOverflow=0px tables=0 figures=0 spill=0

===== C. A4 PRINT EMULATION (794px) =====

-- index @print: clippedElems=0 figureImgs=0 answerHeadings=[]

-- topic-01 @print: clippedElems=0 figureImgs=4 answerHeadings=[]
   printfig /img/figures/gnas-301/unit-04/fig-U4-1.svg w=762 right=778 fits
   printfig /img/figures/gnas-301/unit-04/fig-U4-1.dark.svg w=0 right=0 fits
   printfig /img/figures/gnas-301/unit-04/fig-U4-2.svg w=762 right=778 fits
   printfig /img/figures/gnas-301/unit-04/fig-U4-2.dark.svg w=0 right=0 fits

-- topic-02 @print: clippedElems=0 figureImgs=4 answerHeadings=[]
   printfig /img/figures/gnas-301/unit-04/fig-U4-3.svg w=762 right=778 fits
   printfig /img/figures/gnas-301/unit-04/fig-U4-3.dark.svg w=0 right=0 fits
   printfig /img/figures/gnas-301/unit-04/fig-U4-4.svg w=762 right=778 fits
   printfig /img/figures/gnas-301/unit-04/fig-U4-4.dark.svg w=0 right=0 fits

-- topic-03 @print: clippedElems=0 figureImgs=4 answerHeadings=[]
   printfig /img/figures/gnas-301/unit-04/fig-U4-6.svg w=762 right=778 fits
   printfig /img/figures/gnas-301/unit-04/fig-U4-6.dark.svg w=0 right=0 fits
   printfig /img/figures/gnas-301/unit-04/fig-U4-5.svg w=762 right=778 fits
   printfig /img/figures/gnas-301/unit-04/fig-U4-5.dark.svg w=0 right=0 fits

-- topic-04 @print: clippedElems=0 figureImgs=4 answerHeadings=[]
   printfig /img/figures/gnas-301/unit-04/fig-U4-7.svg w=762 right=778 fits
   printfig /img/figures/gnas-301/unit-04/fig-U4-7.dark.svg w=0 right=0 fits
   printfig /img/figures/gnas-301/unit-04/fig-U4-8.svg w=762 right=778 fits
   printfig /img/figures/gnas-301/unit-04/fig-U4-8.dark.svg w=0 right=0 fits

-- topic-05 @print: clippedElems=0 figureImgs=4 answerHeadings=[]
   printfig /img/figures/gnas-301/unit-04/fig-U4-9.svg w=762 right=778 fits
   printfig /img/figures/gnas-301/unit-04/fig-U4-9.dark.svg w=0 right=0 fits
   printfig /img/figures/gnas-301/unit-04/fig-U4-10.svg w=762 right=778 fits
   printfig /img/figures/gnas-301/unit-04/fig-U4-10.dark.svg w=0 right=0 fits

-- topic-06 @print: clippedElems=0 figureImgs=4 answerHeadings=[]
   printfig /img/figures/gnas-301/unit-04/fig-U4-12.svg w=762 right=778 fits
   printfig /img/figures/gnas-301/unit-04/fig-U4-12.dark.svg w=0 right=0 fits
   printfig /img/figures/gnas-301/unit-04/fig-U4-11.svg w=762 right=778 fits
   printfig /img/figures/gnas-301/unit-04/fig-U4-11.dark.svg w=0 right=0 fits

-- topic-07 @print: clippedElems=0 figureImgs=4 answerHeadings=[]
   printfig /img/figures/gnas-301/unit-04/fig-U4-13.svg w=762 right=778 fits
   printfig /img/figures/gnas-301/unit-04/fig-U4-13.dark.svg w=0 right=0 fits
   printfig /img/figures/gnas-301/unit-04/fig-U4-14.svg w=762 right=778 fits
   printfig /img/figures/gnas-301/unit-04/fig-U4-14.dark.svg w=0 right=0 fits

-- unit-assessment @print: clippedElems=0 figureImgs=0 answerHeadings=["Answers and marking guidance​","MCQ answer key​","RRQ model answers and mark schemes​","ERQ rubrics​"]

-- unit-teacher-notes @print: clippedElems=0 figureImgs=0 answerHeadings=[]

===== D. SVG TEXT GEOMETRY =====
   fig-U4-1.light [diagram] viewBox=780x470 texts=26 wordmark@x=675.7 -> clean
   fig-U4-1.dark [diagram] viewBox=780x470 texts=26 wordmark@x=675.7 -> clean
   fig-U4-2.light [table] viewBox=780x470 texts=27 wordmark@x=675.7 -> clean
   fig-U4-2.dark [table] viewBox=780x470 texts=27 wordmark@x=675.7 -> clean
   fig-U4-3.light [flowchart] viewBox=780x470 texts=20 wordmark@x=675.7 -> clean
   fig-U4-3.dark [flowchart] viewBox=780x470 texts=20 wordmark@x=675.7 -> clean
   fig-U4-4.light [table] viewBox=780x470 texts=21 wordmark@x=675.7 -> clean
   fig-U4-4.dark [table] viewBox=780x470 texts=21 wordmark@x=675.7 -> clean
   fig-U4-6.light [table] viewBox=780x470 texts=18 wordmark@x=675.7 -> clean
   fig-U4-6.dark [table] viewBox=780x470 texts=18 wordmark@x=675.7 -> clean
   fig-U4-5.light [diagram] viewBox=780x470 texts=14 wordmark@x=675.7 -> clean
   fig-U4-5.dark [diagram] viewBox=780x470 texts=14 wordmark@x=675.7 -> clean
   fig-U4-7.light [table] viewBox=780x470 texts=21 wordmark@x=675.7 -> clean
   fig-U4-7.dark [table] viewBox=780x470 texts=21 wordmark@x=675.7 -> clean
   fig-U4-8.light [diagram] viewBox=780x470 texts=11 wordmark@x=675.7 -> clean
   fig-U4-8.dark [diagram] viewBox=780x470 texts=11 wordmark@x=675.7 -> clean
   fig-U4-9.light [concept-map] viewBox=780x470 texts=17 wordmark@x=675.7 -> clean
   fig-U4-9.dark [concept-map] viewBox=780x470 texts=17 wordmark@x=675.7 -> clean
   fig-U4-10.light [table] viewBox=780x470 texts=18 wordmark@x=675.7 -> clean
   fig-U4-10.dark [table] viewBox=780x470 texts=18 wordmark@x=675.7 -> clean
   fig-U4-12.light [table] viewBox=780x470 texts=23 wordmark@x=675.7 -> clean
   fig-U4-12.dark [table] viewBox=780x470 texts=23 wordmark@x=675.7 -> clean
   fig-U4-11.light [flowchart] viewBox=780x470 texts=25 wordmark@x=675.7 -> clean
   fig-U4-11.dark [flowchart] viewBox=780x470 texts=25 wordmark@x=675.7 -> clean
   fig-U4-13.light [table] viewBox=780x470 texts=27 wordmark@x=675.7 -> clean
   fig-U4-13.dark [table] viewBox=780x470 texts=27 wordmark@x=675.7 -> clean
   fig-U4-14.light [diagram] viewBox=780x470 texts=22 wordmark@x=675.7 -> clean
   fig-U4-14.dark [diagram] viewBox=780x470 texts=22 wordmark@x=675.7 -> clean

### finished: 2026-09-23T22:34:50.993Z
### defects: 0
### exit_code: 0
