$ node scratchpad/render-run003.mjs   # headless Chromium via playwright 1.61.1 (repo devDep), host http://localhost:3105 = npm run serve --port 3105 over prebuilt build/ at commit 0cb98a9; viewports 1280x900 screen, 360x780 screen, 794x1123 print-media
desktop-1280 /index: status=200 imgs=1 noAlt=0 broken=0 clipped=0 hscroll=false w=[28] badLinks=0
desktop-1280 /topic-01: status=200 imgs=5 noAlt=0 broken=2 clipped=0 hscroll=false w=[28,640,0,703,0] badLinks=4
desktop-1280 /topic-02: status=200 imgs=5 noAlt=0 broken=2 clipped=0 hscroll=false w=[28,640,0,640,0] badLinks=3
desktop-1280 /topic-03: status=200 imgs=5 noAlt=0 broken=2 clipped=0 hscroll=false w=[28,640,0,640,0] badLinks=1
desktop-1280 /topic-04: status=200 imgs=5 noAlt=0 broken=2 clipped=0 hscroll=false w=[28,640,0,703,0] badLinks=2
desktop-1280 /unit-assessment: status=200 imgs=1 noAlt=0 broken=0 clipped=0 hscroll=false w=[28] badLinks=0
desktop-1280 /unit-teacher-notes: status=200 imgs=1 noAlt=0 broken=0 clipped=0 hscroll=false w=[28] badLinks=0
narrow-360 /index: status=200 imgs=2 noAlt=0 broken=0 clipped=0 hscroll=false w=[28,28] badLinks=0
narrow-360 /topic-01: status=200 imgs=6 noAlt=0 broken=2 clipped=2 hscroll=false w=[28,28,880,0,1030,0] badLinks=4
narrow-360 /topic-02: status=200 imgs=6 noAlt=0 broken=2 clipped=2 hscroll=false w=[28,28,920,0,900,0] badLinks=3
narrow-360 /topic-03: status=200 imgs=6 noAlt=0 broken=2 clipped=2 hscroll=false w=[28,28,900,0,880,0] badLinks=1
narrow-360 /topic-04: status=200 imgs=6 noAlt=0 broken=2 clipped=2 hscroll=false w=[28,28,880,0,900,0] badLinks=2
narrow-360 /unit-assessment: status=200 imgs=2 noAlt=0 broken=0 clipped=0 hscroll=false w=[28,28] badLinks=0
narrow-360 /unit-teacher-notes: status=200 imgs=2 noAlt=0 broken=0 clipped=0 hscroll=false w=[28,28] badLinks=0
print-a4 /index: status=200 imgs=2 noAlt=0 broken=0 clipped=0 hscroll=false w=[0,0] badLinks=0
print-a4 /topic-01: status=200 imgs=6 noAlt=0 broken=2 clipped=0 hscroll=false w=[0,0,640,0,760,0] badLinks=4
print-a4 /topic-02: status=200 imgs=6 noAlt=0 broken=2 clipped=0 hscroll=false w=[0,0,640,0,640,0] badLinks=3
print-a4 /topic-03: status=200 imgs=6 noAlt=0 broken=2 clipped=0 hscroll=false w=[0,0,640,0,640,0] badLinks=1
print-a4 /topic-04: status=200 imgs=6 noAlt=0 broken=2 clipped=0 hscroll=false w=[0,0,640,0,760,0] badLinks=2
print-a4 /unit-assessment: status=200 imgs=2 noAlt=0 broken=0 clipped=0 hscroll=false w=[0,0] badLinks=0
print-a4 /unit-teacher-notes: status=200 imgs=2 noAlt=0 broken=0 clipped=0 hscroll=false w=[0,0] badLinks=0
--- MCQ list shape (unit-assessment, desktop) ---
[{"items":10,"nested":10},{"items":10,"nested":0},{"items":5,"nested":0},{"items":10,"nested":0}]
--- tables narrow (unit-assessment) ---
[{"cols":4,"wrapperOverflowX":"visible","wrapperTabIndex":null,"wrapperRole":null,"wrapperAriaLabel":null,"scrollable":false},{"cols":4,"wrapperOverflowX":"visible","wrapperTabIndex":null,"wrapperRole":null,"wrapperAriaLabel":null,"scrollable":false},{"cols":4,"wrapperOverflowX":"visible","wrapperTabIndex":null,"wrapperRole":null,"wrapperAriaLabel":null,"scrollable":false},{"cols":4,"wrapperOverflowX":"visible","wrapperTabIndex":null,"wrapperRole":null,"wrapperAriaLabel":null,"scrollable":false},{"cols":4,"wrapperOverflowX":"visible","wrapperTabIndex":null,"wrapperRole":null,"wrapperAriaLabel":null,"scrollable":false}]
EXIT:0
