COMMAND: npm run check:no-em-dash
RUN A (repo-wide, worktree HEAD 5005f2e, run 2026-09-23T17:10-17:12Z): see findings below.
Repo-wide exit_code=1. All 9 occurrences are in specs/content/geng-300/intake/* (stale tree). Zero occurrences in GICT-300 English or Urdu files.
Full output:

✖ Em dash found in authored content (9 occurrence(s)).

  specs/content/geng-300/intake/evaluation.md:1:33  U+2014 EM DASH
      ...GENG-300 · Functional English — Intake Evaluation
  specs/content/geng-300/intake/evaluation.md:41:17  U+2014 EM DASH
      ### 1. Identity — APPROVED
  specs/content/geng-300/intake/evaluation.md:47:18  U+2014 EM DASH
      ### 2. Partition — APPROVED
  specs/content/geng-300/intake/evaluation.md:53:17  U+2014 EM DASH
      ### 3. Coverage — APPROVED
  specs/content/geng-300/intake/evaluation.md:73:17  U+2014 EM DASH
      ### 4. Outcomes — APPROVED
  specs/content/geng-300/intake/evaluation.md:78:17  U+2014 EM DASH
      ### 5. Readings — APPROVED
  specs/content/geng-300/intake/evaluation.md:85:18  U+2014 EM DASH
      ### 6. Blueprint — APPROVED
  specs/content/geng-300/intake/evaluation.md:91:18  U+2014 EM DASH
      ### 7. Structure — APPROVED
  specs/content/geng-300/intake/evaluation.md:98:25  U+2014 EM DASH
      ### 8. Decision residue — APPROVED

Constitution Art. III.9: authored content contains zero em dash characters.
Restructure the sentence or use a spaced hyphen " - ". The en dash (U+2013)
is still allowed for numeric ranges. See specs/content/style-guide.md.

RUN B (scoped CONTENT_ROOT overlay = worktree HEAD 5005f2e content + origin/main geng-300 fix
(docs/semester-1/geng-300, specs/content/geng-300, static/img/figures/geng-300) + glossary.json
merged (HEAD 135 terms + 62 geng-300 terms from origin/main), cwd /tmp/g5ov, run 2026-09-23T17:2xZ):
GICT-300 and every other in-scope course pass, including the entire i18n/ur GICT-300 unit-01 mirror.
Full output:
✓ no em dash in authored content (scanned: docs, licence, guides, i18n, specs/content, glossary.json)
exit_code=0
