### U+FFFD
  topic-04.mdx:100 (x1)
  TOTAL: 1
### دہشت (stakes->terror)
  topic-01.mdx:96 (x1)
  topic-01.mdx:193 (x1)
  topic-03.mdx:113 (x1)
  TOTAL: 3
### تناوب (tension/conflict->alternation)
  topic-01.mdx:141 (x1)
  topic-03.mdx:112 (x1)
  topic-04.mdx:97 (x1)
  unit-assessment.mdx:211 (x1)
  TOTAL: 4
### فرضی استاد/مشق (serving->hypothetical)
  topic-01.mdx:128 (x1)
  topic-04.mdx:57 (x1)
  topic-04.mdx:173 (x1)
  unit-assessment.mdx:41 (x1)
  unit-teacher-notes.mdx:28 (x1)
  TOTAL: 5
### متبیل (متبادل typo)
  topic-04.mdx:215 (x1)
  topic-04.mdx:225 (x1)
  unit-assessment.mdx:173 (x1)
  unit-assessment.mdx:296 (x1)
  TOTAL: 4
### مجموعی۔ (integrative->summative)
  unit-assessment.mdx:158 (x1)
  TOTAL: 1
### استعلام (استعمال typo)
  topic-01.mdx:243 (x1)
  TOTAL: 1
### تالے (tallies->locks)
  topic-03.mdx:99 (x1)
  TOTAL: 1
### خلاصی طور پر (in the abstract)
  topic-03.mdx:50 (x1)
  TOTAL: 1
### گرما سکتا (گرا typo)
  topic-04.mdx:156 (x1)
  TOTAL: 1
### سنتا ہے (لگتا typo)
  topic-04.mdx:29 (x1)
  TOTAL: 1
### formally (embedded English)
  topic-01.mdx:223 (x1)
  TOTAL: 1
### چھیں چھیں (overlap calque)
  topic-01.mdx:73 (x1)
  unit-teacher-notes.mdx:54 (x1)
  TOTAL: 2
### پیچھا کر (follow->chase)
  topic-02.mdx:142 (x1)
  topic-02.mdx:228 (x1)
  TOTAL: 2
### بہ طور ڈیفالٹ
  topic-04.mdx:102 (x1)
  topic-04.mdx:113 (x1)
  unit-assessment.mdx:219 (x1)
  TOTAL: 3
### حاصل ممکن
  topic-02.mdx:113 (x1)
  topic-02.mdx:152 (x1)
  topic-02.mdx:184 (x1)
  topic-02.mdx:194 (x1)
  unit-assessment.mdx:33 (x1)
  unit-assessment.mdx:165 (x1)
  unit-assessment.mdx:233 (x1)
  unit-assessment.mdx:276 (x1)
  unit-assessment.mdx:278 (x1)
  TOTAL: 9
### شہادت کے قابلِ تفصیل
  topic-01.mdx:188 (x1)
  unit-assessment.mdx:22 (x1)
  TOTAL: 2
### ترقی اور ترقی (dev/promo conflation)
  index.mdx:9 (x1)
  index.mdx:55 (x1)
  topic-04.mdx:3 (x1)
  TOTAL: 3
### اشاریہ ڈھانچہ (incentive->indicator structure)
  topic-04.mdx:107 (x1)
  TOTAL: 1
### شاید کسی (rarely->perhaps)
  topic-04.mdx:95 (x1)
  TOTAL: 1
### آدھے میعاد (fortnight->half term)
  unit-teacher-notes.mdx:89 (x1)
  TOTAL: 1
### لے کر نہیں آنا (garbled)
  unit-teacher-notes.mdx:106 (x1)
  TOTAL: 1
### clo_refs (UR topic files vs EN SLO:EFMP-302-4-2)
  topic-01.mdx: SLO:EFMP-302-4-1
  topic-02.mdx: SLO:EFMP-302-4-1
  topic-03.mdx: SLO:EFMP-302-4-1
  topic-04.mdx: SLO:EFMP-302-4-1
