--- fig-U4-1.ur.svg (33 text elements) ---
  پیشہ ورانہ معیار
  ضابطہ اخلاق
  نصاب
  جس سوال کا
  جواب دیتا ہے
  استاد کیا جانتا اور
  کر سکتا ہے؟
  استاد کا رویہ کیسا
  ہونا چاہیے؟
  شاگردوں کو کیا
  سکھایا جائے؟
  کس چیز پر حکم چلاتا ہے
  اہلیت
  طرزِ عمل اور اخلاق
  مواد اور ترتیب
  اسے کون نافذ کرتا ہے
  تربیت دینے والے، جائزہ لینے والے،
  لائسنس دینے والے ادارے
  ملازم رکھنے والے اور
  رجسٹریشن ادارے
  بورڈ اور
  امتحانی نظام
  جو وہ نہیں
  کر سکتا
  استاد کے اندر یہ چاہنے
  والا بنانا
  اچھی تدریس کی
  تفصیل دینا
  یہ بتانا کہ پڑھانے
  کا اہل کون ہے
  تینوں کو عام طور پر خلط ملط کیا جاتا ہے۔ ضابطہ آپ کو کسر کی وضاحت کرنا نہیں سکھائے گا، اور نصاب یہ نہیں بتائے گا کہ کلاس کے سامنے کون ہونا چاہیے۔
  ہر ایک الگ سوال کا جواب دیتا ہے، اور کوئی دوسرے کا بدل نہیں۔
  textbook.com.pk
--- fig-U4-1.svg (32 text elements) ---
  Professional standard
  Code of conduct
  Curriculum
  The question it
  answers
  What should a teacher
  know and be able to do?
  How must a teacher
  behave?
  What should pupils
  be taught?
  What it governs
  Competence
  Conduct and ethics
  Content and sequence
  Who enforces it
  Trainers, appraisers,
  licensing bodies
  Employers and
  registration bodies
  Boards and
  examination systems
  What it cannot do
  Make a teacher want
  to meet it
  Describe good
  teaching
  Say who is fit
  to teach it
  The three are routinely confused. A code will not tell you how to explain fractions, and a curriculum will not tell you who should be in front of the class.
  Each answers a different question, and none substitutes for another.
  textbook.com.pk
fig-U4-1: ur vs ur.dark -> identical text labels: true; identical outside <style>: true
--- fig-U4-2.ur.svg (19 text elements) ---
  پیشہ ورانہ
  معیار
  ابتدائی تربیت کی رہنمائی
  تقاضا: کورس بنانے کے قابل تفصیل
  اور ایسا درجہ جو نوآموز واقعی پہنچ سکے
  مسلسل ترقی کی رہنمائی
  تقاضا: داخلے کے درجے سے اوپر جگہ، تاکہ
  تجربہ کار استاد کے پاس جانے کی جگہ ہو
  جائزے کو معلومات دینا
  تقاضا: مشاہدے کے قابل اشاریے، استادوں
  کے درمیان قابلِ موازنہ، اور اپیل کا حق
  عوامی جوابدہی کا دعویٰ
  تقاضا: ایسا زبان جو والد یا وزیر پڑھ سکے،
  اور ایسا وعدہ جو نظام پورا کر سکے
  چار استعمال ٹکرا سکتے ہیں۔
  تربیت کے لیے تفصیل جائزے میں
  بیوروکریسی لگتی ہے؛ عوام کے لیے اتنا سادہ زبان کسی کو ترقی دینے کے لیے بہت موٹا ہے۔
  چاروں کے لیے ایک ساتھ لکھا معیار ہر ایک کو تھوڑا کم خدمت دیتا ہے۔
  textbook.com.pk
--- fig-U4-2.svg (19 text elements) ---
  A professional
  standard
  Guiding initial teacher training
  requires: enough detail to build a course on
  and a level a beginner can actually reach
  Guiding continuing development
  requires: room above the entry level, so an
  experienced teacher still has somewhere to go
  Informing appraisal
  requires: observable indicators, comparable
  between teachers, and a right of appeal
  A public accountability claim
  requires: language a parent or minister can
  read, and a promise the system can keep
  The four uses can conflict.
  Detail for training reads as
  bureaucracy in appraisal; language simple enough for the public is too coarse to develop anyone.
  A standard written for all four at once serves each of them a little worse.
  textbook.com.pk
fig-U4-2: ur vs ur.dark -> identical text labels: true; identical outside <style>: true
--- fig-U4-3.ur.svg (19 text elements) ---
  معیار
  علم اور سمجھ
  استاد کیا جانتا ہے: مضمونی مواد، شاگرد اسے کیسے سیکھتے ہیں، کہاں غلط سمجھا جاتا ہے
  رجحانات
  استاد جو رویے اور اقدار رکھتا ہے: ہر شاگرد سیکھ سکتا ہے، غلطیاں معلومات ہیں
  کارکردگی اور مہارتیں
  استاد کیا کر سکتا ہے: وہ حصہ جو دیکھا جا سکتا ہے، اور اسی لیے جس کی تشخیص ہوتی ہے
  اشاریہ: غلط فہمیوں کے لیے منصوبہ بناتا ہے
  اشاریہ: سبق کے بیچ میں سمجھ جانچتا ہے
  اشاریہ: جانچ ناکام ہونے پر بدلتا ہے
  شہادت: ایسا منصوبہ جو وہ غلط
  جواب نام لے جو شاگرد دیتے ہیں
  شہادت: مشاہدہ شدہ سوال جس کا
  ایک شاگرد نے جواب نہ دیا
  شہادت: دوسری وضاحت،
  پہلی سے مختلف
  اشاریے حصوں کے نیچے بیٹھتے ہیں، اور شہادت صرف اشاریے پیدا کرتے ہیں۔ نیچے دکھائے گئے تین کارکردگی اور مہارتوں سے لیے گئے ہیں، وہ حصہ جو دیکھا جا سکتا ہے؛
  استاد کا علم اور اقدار کارکردگی سے جو دکھتی ہے اس سے نکالے جاتے ہیں۔
  textbook.com.pk
--- fig-U4-3.svg (19 text elements) ---
  Standard
  Knowledge and understanding
  what the teacher knows: subject content, how pupils learn it, where it is usually misunderstood
  Dispositions
  attitudes and values the teacher holds: that every pupil can learn, that errors are information
  Performance and skills
  what the teacher can do: the part that can be seen, and therefore the part that is assessed
  Indicator: plans for misconceptions
  Indicator: checks understanding mid-lesson
  Indicator: adapts when a check fails
  Evidence: a plan naming the
  wrong answer pupils give
  Evidence: observed question that
  was not answered by one pupil
  Evidence: the second explanation,
  different from the first
  Indicators sit beneath the parts, and only indicators produce evidence. The three shown below are drawn from performance
  and skills, the part that can be seen; what a teacher knows and values is inferred from what performance shows.
  textbook.com.pk
fig-U4-3: ur vs ur.dark -> identical text labels: true; identical outside <style>: true
--- fig-U4-4.ur.svg (40 text elements) ---
  معیار
  مرکز
  جماعتی شہادت کی مثال
  1 مضمونی علم
  جو پڑھایا جاتا ہے اسے جاننا
  غیر متوقع سوال کا درست جواب
  2 انسانی نشوونما اور ارتقا
  شاگرد کیسے بدلتے ہیں
  عمر کے مطابق کام، نصاب کے نہیں
  3 اسلامی اخلاقی اقدار اور
  سماجی زندگی کی مہارتیں
  عمل میں اقدار
  شاگردوں کے جھگڑے کا تصفیہ کیسے ہوتا ہے
  4 تدریسی منصوبہ بندی اور حکمتِ تدریس
  سبق کی ڈیزائننگ
  غالب غلط فہمی کا نام لینے والا منصوبہ
  5 تشخیص
  معلوم کرنا کیا سیکھا گیا
  نمبر دینے کے بعد کیا بدلا
  6 تعلمی ماحول
  سیکھنے کی جگہ بطور کمرہ
  کون غلط جواب دینے کا خطرہ لینے کو تیار ہے
  7 مؤثر ابلاغ اور ICT کی
  مہارت استعمال
  سمجھانا پڑنا
  دوسری وضاحت، پہلی جیسی نہیں
  8 تعاون اور شراکت داری
  دوسروں کے ساتھ کام
  کوئی ایسی چیز جو ساتھی نے اپنائی
  9 مسلسل پیشہ ورانہ ترقی
  اور ضابطہ اخلاق
  پڑھانے کے اہل رہنا
  بدلی مشق، حاضر گھنٹے نہیں
  10 انگریزی بطور دوسری یا
  غیر ملکی زبان کی تدریس
  زبان بطور رکاوٹ
  وہ شاگرد جس نے ریاضی سمجھی، صرف الفاظ نہیں
  یہ راستے کا خلاصہ ہے، معیارات خود نہیں۔ ہر معیار کا اپنے اشاریوں کے ساتھ مکمل متن ہے۔
  کسی کا جائزہ لینے سے پہلے، خود اپنے بھی، اسے بنیادی دستاویز میں پڑھیے۔
  textbook.com.pk
--- fig-U4-4.svg (40 text elements) ---
  Standard
  Focus
  Example of classroom evidence
  1 Subject matter knowledge
  Knowing what is taught
  A correct answer to an unplanned question
  2 Human growth and development
  How pupils change
  Task pitched to the age, not the syllabus
  3 Islamic ethical values and
  social life skills
  Values in practice
  How a dispute between pupils is settled
  4 Instructional planning and strategies
  Designing the lesson
  A plan naming the likely misconception
  5 Assessment
  Finding out what was learned
  What changed after the marking
  6 Learning environment
  The room as a place to learn
  Who is willing to risk a wrong answer
  7 Effective communication and
  proficient use of ICT
  Being understood
  A second explanation, unlike the first
  8 Collaboration and partnership
  Working with others
  Something a colleague adopted
  9 Continuous professional development
  and code of conduct
  Staying fit to teach
  Practice that changed, not hours attended
  10 Teaching of English as a second
  or foreign language
  Language as a barrier
  A pupil who understood the maths, not just the words
  This is a navigational summary, not the standards themselves. Each standard has a full text with its own indicators.
  Read it in the primary document before using it to judge anyone, including yourself.
  textbook.com.pk
fig-U4-4: ur vs ur.dark -> identical text labels: true; identical outside <style>: true
--- fig-U4-5.ur.svg (27 text elements) ---
  1 ایک اشاریہ
  چنیے
  نہ معیار، ایک اشاریہ
  2 شہادت
  جمع کیجیے
  مشق کی جیسی ابھی ہے
  3 فرق دیانتداری
  سے جانچیے
  اشاریے کے خلاف، ہم پیشہ کے نہیں
  4 ایک تبدیلی کی
  منصوبہ بندی
  اگلے ہفتے ہونے جتنی چھوٹی
  5 وہی شہادت
  دوبارہ جمع کیجیے
  ورنہ موازنہ بے معنی ہے
  وہی اشاریہ دوبارہ، یا اگلا
  کہاں ٹوٹتا ہے، پہلی جگہ
  ایک ساتھ بہت سارے اشاریے لینا۔ پانچ اشاریے پانچ آدھی
  ناپی چیزیں دیں گے اور کوئی ایسی تبدیلی نہیں جس کی
  نسبت کسی چیز سے ہو سکے۔
  کہاں ٹوٹتا ہے، دوسری جگہ
  مشق کے بجائے شہادت بدلنا۔ اگر منزل 5 منزل 2
  سے آسان چیز ناپے، تو چکر ہمیشہ
  بہتری دکھائے گا۔
  چکر سستا ہے۔ اسے کام کرنے والی چیز یہ ہے کہ منزل 5 منزل 2 کو بالکل دہراتی ہے، اور یہ کہ منزل 1
  اشاریہ چننے میں دیانتدار تھی۔
  textbook.com.pk
--- fig-U4-5.svg (27 text elements) ---
  1 Choose ONE
  indicator
  not a standard, one indicator
  2 Collect
  evidence
  of practice as it is now
  3 Judge the
  gap honestly
  against the indicator, not a peer
  4 Plan ONE
  change
  small enough to do next week
  5 Re-collect the
  SAME evidence
  or the comparison means nothing
  same indicator again, or the next one
  Where it breaks, first
  Choosing too many indicators at once. Five indicators
  produce five half-measurements and no change you
  could attribute to anything.
  Where it breaks, second
  Changing the evidence rather than the practice. If
  station 5 measures something easier than station 2,
  the loop will always show improvement.
  The loop is cheap. What makes it work is that station 5 repeats station 2 exactly, and that station 1 was
  honest about which indicator to pick.
  textbook.com.pk
fig-U4-5: ur vs ur.dark -> identical text labels: true; identical outside <style>: true
--- fig-U4-6.ur.svg (37 text elements) ---
  کیا اچھی دکھاتی ہے
  کیا نہیں دکھا سکتی
  اہلیت کے بغیر
  بنانا کتنا آسان
  شاگردوں کا کام
  کسی نے وہ چیز سیکھی
  یا نہیں
  استاد نے یہ پیدا
  کیا یا نہیں
  مشکل
  ساتھی کا مشاہدہ
  استاد واقعی
  کیا کرتا ہے
  عام سبق،
  جسے دیکھا نہ گیا
  درمیانہ: ایک سبق سجایا جا سکتا ہے
  منصوبہ بندی کے دستاویز
  ارادہ اور
  دور اندیشی
  جو کچھ
  ہوا
  آسان
  شاگردوں کی آواز
  میز سے تجربہ
  کیسا لگا
  کیا تجربے نے
  سیکھنا پیدا کیا
  درمیانہ: مقبولیت الجھا دیتی ہے
  استاد کا اپنا ریکارڈ
  کی گئی چیزوں کے پیچھے
  استدلال
  استدلال درست
  ہے یا نہیں
  بہت آسان
  یہ خط والا کالم ہی وجہ ہے کہ کوئی ایک ذریعہ اشاریے کا فیصلہ نہیں کرتا۔ Goe، Bell اور Little (2008): ایک سے زیادہ پیمانے، ہر ایک الگ پہلو کے لیے۔
  پیدا کرنے میں سب سے آسان شہادت رکھنے کے سب سے کم قابل ہے، اور یہی وجہ ہے کہ جائزے کے نظام اسی کو جمع کرتے ہیں۔
  textbook.com.pk
--- fig-U4-6.svg (37 text elements) ---
  What it shows well
  What it cannot show
  How easily produced
  without the competence
  Pupil work
  Whether anyone learned
  the thing
  Whether the teacher
  caused it
  Hard
  Colleague observation
  What the teacher
  actually does
  The ordinary lesson,
  unobserved
  Moderate: one lesson can be staged
  Planning documents
  Intention and
  foresight
  Anything that
  happened
  Easy
  Pupil voice
  How it is experienced
  from the desk
  Whether the experience
  produced learning
  Moderate: popularity confounds it
  The teacher's own record
  Reasoning behind the
  choices made
  Whether the reasoning
  is accurate
  Very easy
  The dashed column is why no single source settles an indicator. Goe, Bell and Little (2008): multiple measures, each for a different aspect.
  The easiest evidence to produce is the least worth having, which is exactly why appraisal systems accumulate it.
  textbook.com.pk
fig-U4-6: ur vs ur.dark -> identical text labels: true; identical outside <style>: true
--- fig-U4-7.ur.svg (32 text elements) ---
  داخلہ
  استاد کی تربیت میں
  لاگو کرنے والا: ادارہ
  داؤ پر: داخلہ
  سند بندی
  مکمل ہونے پر
  لاگو کرنے والا: سند دینے والا ادارہ
  داؤ پر: سند
  لائسنس
  جہاں لازم ہو
  لاگو کرنے والا: ریاست
  داؤ پر: پڑھانے کا حق
  آزمائش
  اور تصدیق
  لاگو کرنے والا: ملازم رکھنے والا
  داؤ پر: عہدہ
  وقفے وقفے سے جائزہ
  دہرایا جانے والا
  لاگو کرنے والا: صدرِ اسکول
  داؤ پر: مقام، اور تنخواہ
  ترقی
  یا منتقلی
  لاگو کرنے والا: نظام
  داؤ پر: اگلا کردار
  دوبارہ لائسنس
  جہاں موجود ہو
  لاگو کرنے والا: ریاست
  داؤ پر: پڑھاتے رہنا
  خط والے خانے صرف وہاں لاگو ہوتے ہیں جہاں کوئی قانونی دائرہ اختیار انہیں مانگتا ہے؛ باقی تقریباً ہر جگہ لاگو ہوتے ہیں۔
  ایک دستاویز سات بار چھ الگ فریقوں کے ہاتھوں استعمال ہوتی ہے، ہر ایک اس سے کچھ الگ چاہتا ہے۔
  اسی لیے وہی معیار داخلے پر رہنمائی اور جائزے پر دھمکی لگتا ہے۔ الفاظ کے بارے میں کچھ نہیں بدلا؛ داؤ بدلا۔
  textbook.com.pk
--- fig-U4-7.svg (32 text elements) ---
  Admission
  to teacher education
  applied by: the institution
  at stake: entry
  Certification
  on completion
  applied by: the awarding body
  at stake: the qualification
  Licensing
  where required
  applied by: the state
  at stake: the right to teach
  Probation
  and confirmation
  applied by: the employer
  at stake: the post
  Periodic appraisal
  recurring
  applied by: the head
  at stake: standing, and pay
  Promotion
  or transfer
  applied by: the system
  at stake: the next role
  Re-licensing
  where it exists
  applied by: the state
  at stake: continuing to teach
  Dashed boxes are applied only where a jurisdiction requires them; the rest apply almost everywhere.
  One document is used seven times by six different parties, each wanting something different from it.
  That is why the same standard reads as guidance at admission and as a threat at appraisal. Nothing about the words changed; the stake did.
  textbook.com.pk
fig-U4-7: ur vs ur.dark -> identical text labels: true; identical outside <style>: true
--- fig-U4-8.ur.svg (26 text elements) ---
  تشکیلی
  مجموعی
  مقصد
  فرق ڈھونڈیے؛ طے کیجیے آگے کیا ترقی دیجیے۔
  سوال یہ ہے: میں کس پر کام کروں؟
  مقصد
  فیصلے تک پہنچیے: تصدیق، ترقی، تنخواہ۔
  سوال یہ ہے: کیا حد پوری ہوئی؟
  تقاضے
  کمزوری مان لینے کا تحفظ؛ کوئی نتیجہ
  جڑا نہ ہو؛ کوئی بھروسہ مند شخص۔
  تقاضے
  استادوں کے درمیان قابلِ موازنہ؛ شہادت؛
  اپیل کا حق؛ اختیار اور فاصلہ۔
  استاد میں جو پیدا کرتا ہے
  دیانتدار اعتراف، بشمول سب سے
  کمزور جگہ کا۔
  استاد میں جو پیدا کرتا ہے
  محتاط خود پیشی، سب سے
  مضبوط جگہ سے شروع۔
  دونوں تقاضوں کا مجموعہ ایک دوسرے کے خلاف کھینچتا ہے
  Isoré (2009) مقاصد کو "اکثر متضاد - مگر لازمی ناممکنِ امتزاج نہیں" کہتی ہیں: ملک شاید کسی خالص شکل کا استعمال نہیں کرتے، ایک ڈھانچہ
  "دونوں کی خدمت کر سکتا ہے"، اور ایک ضمیمہ انہیں ملانے کو مخصوص ہے۔ دونوں کی خدمت کرنے والے نظام کو پہلے سے طے کرنا ہوگا کہ ہر گفتگو کس
  مقصد کی خدمت کرتی ہے، کون کیا دیکھتا ہے، اور کس چیز کا نتیجہ ہے۔
  کہے بغیر چھوڑ دیا جائے تو مجموعی مقصد بہ طور ڈیفالٹ جیت جاتا ہے، کیونکہ اسی کے ساتھ فیصلہ جڑا ہوتا ہے۔
  textbook.com.pk
--- fig-U4-8.svg (26 text elements) ---
  Formative
  Summative
  Purpose
  Find the gap; choose what to develop next.
  The question is: what do I work on?
  Purpose
  Reach a decision: confirm, promote, pay.
  The question is: has a threshold been met?
  Requires
  Safety to admit weakness; no consequence
  attached; someone trusted.
  Requires
  Comparability across teachers; evidence;
  appeal rights; authority and distance.
  Produces in the teacher
  Honest disclosure, including of the
  weakest area.
  Produces in the teacher
  Careful self-presentation, starting from
  the strongest area.
  The two sets of requirements pull against each other
  Isore (2009) calls the purposes "often conflicting - but not necessarily incompatible": countries rarely use a pure form, one framework
  "can serve both", and an annex is devoted to conciliating them. A system serving both must decide in advance which purpose each
  conversation serves, who sees what, and what carries consequence.
  Left unstated, the summative purpose wins by default, because it is the one with a decision attached.
  textbook.com.pk
fig-U4-8: ur vs ur.dark -> identical text labels: true; identical outside <style>: true
