### starting: npm run serve -- --port 4599
### render-inspect  GICT-300 Unit 1 (ur)
### route: /ur/semester-1/gict-300/unit-01  pages: 7  placed figures: 8
### host: http://127.0.0.1:4599   browser: chromium 149.0.7827.0
### started: 2026-09-23T22:27:06.560Z

===== A. DESKTOP 1280x900 =====

-- index: headings=5 imgs=0 visibleBroken=0 notServed=0 missingAlt=0 bareUrlLinks=0 vagueLinks=0 hOverflow=false
   heading order: no skipped levels

-- topic-01: headings=12 imgs=4 visibleBroken=0 notServed=0 missingAlt=0 bareUrlLinks=4 vagueLinks=0 hOverflow=false
   img /img/figures/gict-300/unit-01/fig-U1-1.ur.svg natural=249x150 shown=true loading=lazy alt="تصوراتی نقشہ جس کے درمیان میں کمپیوٹر خواندگی ہے اور مہارت کی پانچ شاخیں: ڈیوائس چلانا، فا"
   img /img/figures/gict-300/unit-01/fig-U1-1.ur.dark.svg natural=0x0 shown=false loading=lazy alt="تصوراتی نقشہ جس کے درمیان میں کمپیوٹر خواندگی ہے اور مہارت کی پانچ شاخیں: ڈیوائس چلانا، فا"
   img /img/figures/gict-300/unit-01/fig-U1-2.ur.svg natural=249x150 shown=true loading=lazy alt="پانچ روزمرہ اسکول کاموں کا جدول، ہر کام کے ساتھ اس کی درکار ڈیوائس، فائل سنبھالنے اور معلو"
   img /img/figures/gict-300/unit-01/fig-U1-2.ur.dark.svg natural=0x0 shown=false loading=lazy alt="پانچ روزمرہ اسکول کاموں کا جدول، ہر کام کے ساتھ اس کی درکار ڈیوائس، فائل سنبھالنے اور معلو"
   heading order: no skipped levels
   advisory bare-URL link text: https://doi.org/10.2760/115376 | https://open.umn.edu/opentextbooks/textbooks/infor | https://unesdoc.unesco.org/ark:/48223/pf0000265723 | https://hec.gov.pk/english/services/universities/P

-- topic-02: headings=12 imgs=4 visibleBroken=0 notServed=0 missingAlt=0 bareUrlLinks=2 vagueLinks=0 hOverflow=false
   img /img/figures/gict-300/unit-01/fig-U1-3.ur.svg natural=249x150 shown=true loading=lazy alt="حسابی سنگ میل کی ٹائم لائن: قدیم گنتارا سے میکانکی کیلکولیٹر، پنچ کارڈ مشینوں اور ENIAC کے"
   img /img/figures/gict-300/unit-01/fig-U1-3.ur.dark.svg natural=0x0 shown=false loading=lazy alt="حسابی سنگ میل کی ٹائم لائن: قدیم گنتارا سے میکانکی کیلکولیٹر، پنچ کارڈ مشینوں اور ENIAC کے"
   img /img/figures/gict-300/unit-01/fig-U1-4.ur.svg natural=249x150 shown=true loading=lazy alt="کمپیوٹر کی پانچ نسلوں کا جدول، ہر ایک کے سال، بنیادی ٹیکنالوجی اور مثال کے ساتھ، ویکیوم ٹی"
   img /img/figures/gict-300/unit-01/fig-U1-4.ur.dark.svg natural=0x0 shown=false loading=lazy alt="کمپیوٹر کی پانچ نسلوں کا جدول، ہر ایک کے سال، بنیادی ٹیکنالوجی اور مثال کے ساتھ، ویکیوم ٹی"
   heading order: no skipped levels
   advisory bare-URL link text: https://www.khanacademy.org/computing/computers-an | https://open.umn.edu/opentextbooks/textbooks/infor

-- topic-03: headings=12 imgs=4 visibleBroken=0 notServed=0 missingAlt=0 bareUrlLinks=2 vagueLinks=0 hOverflow=false
   img /img/figures/gict-300/unit-01/fig-U1-5.ur.svg natural=249x150 shown=true loading=lazy alt="اینالاگ، ڈیجیٹل اور ہائبرڈ کمپیوٹروں کا موازنہ: جس سگنل پر کام کرتے ہیں، کیسے جواب دیتے ہی"
   img /img/figures/gict-300/unit-01/fig-U1-5.ur.dark.svg natural=0x0 shown=false loading=lazy alt="اینالاگ، ڈیجیٹل اور ہائبرڈ کمپیوٹروں کا موازنہ: جس سگنل پر کام کرتے ہیں، کیسے جواب دیتے ہی"
   img /img/figures/gict-300/unit-01/fig-U1-6.ur.svg natural=249x150 shown=true loading=lazy alt="سپر کمپیوٹر سے اندرونی کمپیوٹر تک پانچ سیڑھیاں، ہر سیڑھی پر طبقے کا نام اور استعمال کی ایک"
   img /img/figures/gict-300/unit-01/fig-U1-6.ur.dark.svg natural=0x0 shown=false loading=lazy alt="سپر کمپیوٹر سے اندرونی کمپیوٹر تک پانچ سیڑھیاں، ہر سیڑھی پر طبقے کا نام اور استعمال کی ایک"
   heading order: no skipped levels
   advisory bare-URL link text: https://open.umn.edu/opentextbooks/textbooks/infor | https://www.khanacademy.org/computing/computers-an

-- topic-04: headings=12 imgs=4 visibleBroken=0 notServed=0 missingAlt=0 bareUrlLinks=3 vagueLinks=0 hOverflow=false
   img /img/figures/gict-300/unit-01/fig-U1-7.ur.svg natural=249x150 shown=true loading=lazy alt="تصوراتی نقشہ جس کے درمیان میں کمپیوٹر اور انٹرنیٹ ہیں، شاخیں مواصلات، تعلیم، کام اور خدمات"
   img /img/figures/gict-300/unit-01/fig-U1-7.ur.dark.svg natural=0x0 shown=false loading=lazy alt="تصوراتی نقشہ جس کے درمیان میں کمپیوٹر اور انٹرنیٹ ہیں، شاخیں مواصلات، تعلیم، کام اور خدمات"
   img /img/figures/gict-300/unit-01/fig-U1-8.ur.svg natural=249x150 shown=true loading=lazy alt="پانچ شعبوں کا جدول، تعلیم، صحت، زراعت، بینکاری اور حکومت، ہر ایک کے ساتھ آئی سی ٹی کا کام "
   img /img/figures/gict-300/unit-01/fig-U1-8.ur.dark.svg natural=0x0 shown=false loading=lazy alt="پانچ شعبوں کا جدول، تعلیم، صحت، زراعت، بینکاری اور حکومت، ہر ایک کے ساتھ آئی سی ٹی کا کام "
   heading order: no skipped levels
   advisory bare-URL link text: https://unesdoc.unesco.org/ark:/48223/pf0000265723 | https://open.umn.edu/opentextbooks/textbooks/infor | https://pta.gov.pk/en/telecom-indicators

-- unit-assessment: headings=10 imgs=0 visibleBroken=0 notServed=0 missingAlt=0 bareUrlLinks=0 vagueLinks=0 hOverflow=false
   heading order: no skipped levels

-- unit-teacher-notes: headings=6 imgs=0 visibleBroken=0 notServed=0 missingAlt=0 bareUrlLinks=0 vagueLinks=0 hOverflow=false
   heading order: no skipped levels

===== B. NARROW 360x780 =====

-- index: docHorizontalOverflow=0px tables=0 figures=0 spill=0

-- topic-01: docHorizontalOverflow=0px tables=0 figures=2 spill=0
   figure[0] .figure client=328 scroll=328 scroller=none
   figure[1] .figure client=328 scroll=328 scroller=none

-- topic-02: docHorizontalOverflow=0px tables=0 figures=2 spill=0
   figure[0] .figure client=328 scroll=328 scroller=none
   figure[1] .figure client=328 scroll=328 scroller=none

-- topic-03: docHorizontalOverflow=0px tables=0 figures=2 spill=0
   figure[0] .figure client=328 scroll=328 scroller=none
   figure[1] .figure client=328 scroll=328 scroller=none

-- topic-04: docHorizontalOverflow=0px tables=0 figures=2 spill=0
   figure[0] .figure client=328 scroll=328 scroller=none
   figure[1] .figure client=328 scroll=328 scroller=none

-- unit-assessment: docHorizontalOverflow=0px tables=0 figures=0 spill=0

-- unit-teacher-notes: docHorizontalOverflow=0px tables=0 figures=0 spill=0

===== C. A4 PRINT EMULATION (794px) =====

-- index @print: clippedElems=0 figureImgs=0 answerHeadings=[]

-- topic-01 @print: clippedElems=0 figureImgs=4 answerHeadings=[]
   printfig /img/figures/gict-300/unit-01/fig-U1-1.ur.svg w=762 right=778 fits
   printfig /img/figures/gict-300/unit-01/fig-U1-1.ur.dark.svg w=0 right=0 fits
   printfig /img/figures/gict-300/unit-01/fig-U1-2.ur.svg w=762 right=778 fits
   printfig /img/figures/gict-300/unit-01/fig-U1-2.ur.dark.svg w=0 right=0 fits

-- topic-02 @print: clippedElems=0 figureImgs=4 answerHeadings=[]
   printfig /img/figures/gict-300/unit-01/fig-U1-3.ur.svg w=762 right=778 fits
   printfig /img/figures/gict-300/unit-01/fig-U1-3.ur.dark.svg w=0 right=0 fits
   printfig /img/figures/gict-300/unit-01/fig-U1-4.ur.svg w=762 right=778 fits
   printfig /img/figures/gict-300/unit-01/fig-U1-4.ur.dark.svg w=0 right=0 fits

-- topic-03 @print: clippedElems=0 figureImgs=4 answerHeadings=[]
   printfig /img/figures/gict-300/unit-01/fig-U1-5.ur.svg w=762 right=778 fits
   printfig /img/figures/gict-300/unit-01/fig-U1-5.ur.dark.svg w=0 right=0 fits
   printfig /img/figures/gict-300/unit-01/fig-U1-6.ur.svg w=762 right=778 fits
   printfig /img/figures/gict-300/unit-01/fig-U1-6.ur.dark.svg w=0 right=0 fits

-- topic-04 @print: clippedElems=0 figureImgs=4 answerHeadings=[]
   printfig /img/figures/gict-300/unit-01/fig-U1-7.ur.svg w=762 right=778 fits
   printfig /img/figures/gict-300/unit-01/fig-U1-7.ur.dark.svg w=0 right=0 fits
   printfig /img/figures/gict-300/unit-01/fig-U1-8.ur.svg w=762 right=778 fits
   printfig /img/figures/gict-300/unit-01/fig-U1-8.ur.dark.svg w=0 right=0 fits

-- unit-assessment @print: clippedElems=0 figureImgs=0 answerHeadings=["محدود جوابی سوالات (RRQs)​","تفصیلی جوابی سوالات (ERQs)​","جوابات اور نمبر دہی کی رہنمائی​","MCQ جوابی کلید​","RRQ نمونہ جوابات اور نمبر دہی کے خاکے​","ERQ روبرک​"]

-- unit-teacher-notes @print: clippedElems=0 figureImgs=0 answerHeadings=[]

===== D. SVG TEXT GEOMETRY =====
   fig-U1-1.ur [concept-map] viewBox=780x470 texts=11 wordmark@x=12 -> clean
   fig-U1-1.ur.dark [concept-map] viewBox=780x470 texts=11 wordmark@x=12 -> clean
   fig-U1-2.ur [table] viewBox=780x470 texts=27 wordmark@x=12 -> PROBLEM
      ! "ہر قطار پڑھ کر بتائیں کہ ایک کام ک" x=420.6 right=764 bottom=452.2 (overlaps the wordmark)
   DEFECT text "ہر قطار پڑھ کر بتائیں کہ ایک کام ک" overlaps the wordmark
   fig-U1-2.ur.dark [table] viewBox=780x470 texts=27 wordmark@x=12 -> PROBLEM
      ! "ہر قطار پڑھ کر بتائیں کہ ایک کام ک" x=420.6 right=764 bottom=452.2 (overlaps the wordmark)
   DEFECT text "ہر قطار پڑھ کر بتائیں کہ ایک کام ک" overlaps the wordmark
   fig-U1-3.ur [timeline] viewBox=780x470 texts=26 wordmark@x=12 -> clean
   fig-U1-3.ur.dark [timeline] viewBox=780x470 texts=26 wordmark@x=12 -> clean
   fig-U1-4.ur [table] viewBox=780x470 texts=27 wordmark@x=12 -> clean
   fig-U1-4.ur.dark [table] viewBox=780x470 texts=27 wordmark@x=12 -> clean
   fig-U1-5.ur [table] viewBox=780x470 texts=28 wordmark@x=12 -> clean
   fig-U1-5.ur.dark [table] viewBox=780x470 texts=28 wordmark@x=12 -> clean
   fig-U1-6.ur [diagram] viewBox=780x470 texts=20 wordmark@x=12 -> clean
   fig-U1-6.ur.dark [diagram] viewBox=780x470 texts=20 wordmark@x=12 -> clean
   fig-U1-7.ur [concept-map] viewBox=780x470 texts=12 wordmark@x=12 -> clean
   fig-U1-7.ur.dark [concept-map] viewBox=780x470 texts=12 wordmark@x=12 -> clean
   fig-U1-8.ur [table] viewBox=780x470 texts=26 wordmark@x=12 -> clean
   fig-U1-8.ur.dark [table] viewBox=780x470 texts=26 wordmark@x=12 -> clean

### finished: 2026-09-23T22:27:51.804Z
### defects: 2
###   fig-U1-2.ur: text "ہر قطار پڑھ کر بتائیں کہ ایک کام ک" overlaps the wordmark
###   fig-U1-2.ur.dark: text "ہر قطار پڑھ کر بتائیں کہ ایک کام ک" overlaps the wordmark
### exit_code: 1
