✓ static/img/figures/gnas-301/unit-06/fig-U6-1.dark.svg (780x470, widest text ends at 768.4, wordmark at 675.7)
✓ static/img/figures/gnas-301/unit-06/fig-U6-1.svg (780x470, widest text ends at 768.4, wordmark at 675.7)
✓ static/img/figures/gnas-301/unit-06/fig-U6-1.ur.dark.svg (780x470, widest text ends at 695.7, wordmark at 12)
✓ static/img/figures/gnas-301/unit-06/fig-U6-1.ur.svg (780x470, widest text ends at 695.7, wordmark at 12)
✓ static/img/figures/gnas-301/unit-06/fig-U6-10.dark.svg (780x470, widest text ends at 779.3, wordmark at 675.7)
✓ static/img/figures/gnas-301/unit-06/fig-U6-10.svg (780x470, widest text ends at 779.3, wordmark at 675.7)
✓ static/img/figures/gnas-301/unit-06/fig-U6-10.ur.dark.svg (780x470, widest text ends at 740, wordmark at 12)
✓ static/img/figures/gnas-301/unit-06/fig-U6-10.ur.svg (780x470, widest text ends at 740, wordmark at 12)
✓ static/img/figures/gnas-301/unit-06/fig-U6-11.dark.svg (780x470, widest text ends at 768.4, wordmark at 675.7)
✓ static/img/figures/gnas-301/unit-06/fig-U6-11.svg (780x470, widest text ends at 768.4, wordmark at 675.7)
✓ static/img/figures/gnas-301/unit-06/fig-U6-11.ur.dark.svg (780x470, widest text ends at 718.9, wordmark at 12)
✓ static/img/figures/gnas-301/unit-06/fig-U6-11.ur.svg (780x470, widest text ends at 718.9, wordmark at 12)
✓ static/img/figures/gnas-301/unit-06/fig-U6-12.dark.svg (780x470, widest text ends at 774.6, wordmark at 675.7)
✓ static/img/figures/gnas-301/unit-06/fig-U6-12.svg (780x470, widest text ends at 774.6, wordmark at 675.7)
✓ static/img/figures/gnas-301/unit-06/fig-U6-12.ur.dark.svg (780x470, widest text ends at 740.5, wordmark at 12)
✓ static/img/figures/gnas-301/unit-06/fig-U6-12.ur.svg (780x470, widest text ends at 740.5, wordmark at 12)
✓ static/img/figures/gnas-301/unit-06/fig-U6-2.dark.svg (780x470, widest text ends at 768.4, wordmark at 675.7)
✓ static/img/figures/gnas-301/unit-06/fig-U6-2.svg (780x470, widest text ends at 768.4, wordmark at 675.7)
✓ static/img/figures/gnas-301/unit-06/fig-U6-2.ur.dark.svg (780x470, widest text ends at 740.5, wordmark at 12)
✓ static/img/figures/gnas-301/unit-06/fig-U6-2.ur.svg (780x470, widest text ends at 740.5, wordmark at 12)
✓ static/img/figures/gnas-301/unit-06/fig-U6-3.dark.svg (780x470, widest text ends at 768.4, wordmark at 675.7)
✓ static/img/figures/gnas-301/unit-06/fig-U6-3.svg (780x470, widest text ends at 768.4, wordmark at 675.7)
✓ static/img/figures/gnas-301/unit-06/fig-U6-3.ur.dark.svg (780x470, widest text ends at 740, wordmark at 12)
✓ static/img/figures/gnas-301/unit-06/fig-U6-3.ur.svg (780x470, widest text ends at 740, wordmark at 12)
✓ static/img/figures/gnas-301/unit-06/fig-U6-4.dark.svg (780x470, widest text ends at 768.4, wordmark at 675.7)
✓ static/img/figures/gnas-301/unit-06/fig-U6-4.svg (780x470, widest text ends at 768.4, wordmark at 675.7)
✓ static/img/figures/gnas-301/unit-06/fig-U6-4.ur.dark.svg (780x470, widest text ends at 720, wordmark at 12)
✓ static/img/figures/gnas-301/unit-06/fig-U6-4.ur.svg (780x470, widest text ends at 720, wordmark at 12)
✓ static/img/figures/gnas-301/unit-06/fig-U6-5.dark.svg (780x470, widest text ends at 768.4, wordmark at 675.7)
✓ static/img/figures/gnas-301/unit-06/fig-U6-5.svg (780x470, widest text ends at 768.4, wordmark at 675.7)
✓ static/img/figures/gnas-301/unit-06/fig-U6-5.ur.dark.svg (780x470, widest text ends at 725, wordmark at 12)
✓ static/img/figures/gnas-301/unit-06/fig-U6-5.ur.svg (780x470, widest text ends at 725, wordmark at 12)
✓ static/img/figures/gnas-301/unit-06/fig-U6-6.dark.svg (780x470, widest text ends at 768.4, wordmark at 675.7)
✓ static/img/figures/gnas-301/unit-06/fig-U6-6.svg (780x470, widest text ends at 768.4, wordmark at 675.7)
✓ static/img/figures/gnas-301/unit-06/fig-U6-6.ur.dark.svg (780x470, widest text ends at 724, wordmark at 12)
✓ static/img/figures/gnas-301/unit-06/fig-U6-6.ur.svg (780x470, widest text ends at 724, wordmark at 12)
✓ static/img/figures/gnas-301/unit-06/fig-U6-7.dark.svg (780x470, widest text ends at 768.4, wordmark at 675.7)
✓ static/img/figures/gnas-301/unit-06/fig-U6-7.svg (780x470, widest text ends at 768.4, wordmark at 675.7)
✓ static/img/figures/gnas-301/unit-06/fig-U6-7.ur.dark.svg (780x470, widest text ends at 724, wordmark at 12)
✓ static/img/figures/gnas-301/unit-06/fig-U6-7.ur.svg (780x470, widest text ends at 724, wordmark at 12)
✓ static/img/figures/gnas-301/unit-06/fig-U6-8.dark.svg (780x470, widest text ends at 768.4, wordmark at 675.7)
✓ static/img/figures/gnas-301/unit-06/fig-U6-8.svg (780x470, widest text ends at 768.4, wordmark at 675.7)
✓ static/img/figures/gnas-301/unit-06/fig-U6-8.ur.dark.svg (780x470, widest text ends at 740.8, wordmark at 12)
✓ static/img/figures/gnas-301/unit-06/fig-U6-8.ur.svg (780x470, widest text ends at 740.8, wordmark at 12)
✓ static/img/figures/gnas-301/unit-06/fig-U6-9.dark.svg (780x470, widest text ends at 768.4, wordmark at 675.7)
✓ static/img/figures/gnas-301/unit-06/fig-U6-9.svg (780x470, widest text ends at 768.4, wordmark at 675.7)
✓ static/img/figures/gnas-301/unit-06/fig-U6-9.ur.dark.svg (780x470, widest text ends at 731.1, wordmark at 12)
✓ static/img/figures/gnas-301/unit-06/fig-U6-9.ur.svg (780x470, widest text ends at 731.1, wordmark at 12)
