✓ static/img/figures/gnas-301/unit-02/fig-U2-1.dark.svg (780x470, widest text ends at 768.4, wordmark at 675.7)
✓ static/img/figures/gnas-301/unit-02/fig-U2-1.svg (780x470, widest text ends at 768.4, wordmark at 675.7)
✓ static/img/figures/gnas-301/unit-02/fig-U2-1.ur.dark.svg (780x470, widest text ends at 635.4, wordmark at 12)
✓ static/img/figures/gnas-301/unit-02/fig-U2-1.ur.svg (780x470, widest text ends at 635.4, wordmark at 12)
✓ static/img/figures/gnas-301/unit-02/fig-U2-2.dark.svg (780x470, widest text ends at 768.4, wordmark at 675.7)
✓ static/img/figures/gnas-301/unit-02/fig-U2-2.svg (780x470, widest text ends at 768.4, wordmark at 675.7)
✓ static/img/figures/gnas-301/unit-02/fig-U2-2.ur.dark.svg (780x470, widest text ends at 740.5, wordmark at 12)
✓ static/img/figures/gnas-301/unit-02/fig-U2-2.ur.svg (780x470, widest text ends at 740.5, wordmark at 12)
✓ static/img/figures/gnas-301/unit-02/fig-U2-3.dark.svg (780x470, widest text ends at 768.4, wordmark at 675.7)
✓ static/img/figures/gnas-301/unit-02/fig-U2-3.svg (780x470, widest text ends at 768.4, wordmark at 675.7)
✓ static/img/figures/gnas-301/unit-02/fig-U2-3.ur.dark.svg (780x470, widest text ends at 735.6, wordmark at 12)
✓ static/img/figures/gnas-301/unit-02/fig-U2-3.ur.svg (780x470, widest text ends at 735.6, wordmark at 12)
✓ static/img/figures/gnas-301/unit-02/fig-U2-4.dark.svg (780x470, widest text ends at 768.4, wordmark at 675.7)
✓ static/img/figures/gnas-301/unit-02/fig-U2-4.svg (780x470, widest text ends at 768.4, wordmark at 675.7)
✓ static/img/figures/gnas-301/unit-02/fig-U2-4.ur.dark.svg (780x470, widest text ends at 740.7, wordmark at 12)
✓ static/img/figures/gnas-301/unit-02/fig-U2-4.ur.svg (780x470, widest text ends at 740.7, wordmark at 12)
✓ static/img/figures/gnas-301/unit-02/fig-U2-5.dark.svg (780x470, widest text ends at 768.4, wordmark at 675.7)
✓ static/img/figures/gnas-301/unit-02/fig-U2-5.svg (780x470, widest text ends at 768.4, wordmark at 675.7)
✓ static/img/figures/gnas-301/unit-02/fig-U2-5.ur.dark.svg (780x470, widest text ends at 750, wordmark at 12)
✓ static/img/figures/gnas-301/unit-02/fig-U2-5.ur.svg (780x470, widest text ends at 750, wordmark at 12)
✓ static/img/figures/gnas-301/unit-02/fig-U2-6.dark.svg (780x470, widest text ends at 768.4, wordmark at 675.7)
✓ static/img/figures/gnas-301/unit-02/fig-U2-6.svg (780x470, widest text ends at 768.4, wordmark at 675.7)
✓ static/img/figures/gnas-301/unit-02/fig-U2-6.ur.dark.svg (780x470, widest text ends at 740.6, wordmark at 12)
✓ static/img/figures/gnas-301/unit-02/fig-U2-6.ur.svg (780x470, widest text ends at 740.6, wordmark at 12)
EXIT_CODE=0
