### starting: npm run serve -- --port 4599
### render-inspect  GICT-300 Unit 6
### route: /semester-1/gict-300/unit-06  pages: 7  placed figures: 8
### host: http://127.0.0.1:4599   browser: chromium 149.0.7827.0
### started: 2026-09-23T20:42:08.100Z

===== A. DESKTOP 1280x900 =====

-- index: headings=5 imgs=0 visibleBroken=0 notServed=0 missingAlt=0 bareUrlLinks=0 vagueLinks=0 hOverflow=false
   heading order: no skipped levels

-- topic-01: headings=12 imgs=4 visibleBroken=0 notServed=0 missingAlt=0 bareUrlLinks=3 vagueLinks=0 hOverflow=false
   img /img/figures/gict-300/unit-06/fig-U6-1.svg natural=249x150 shown=true loading=lazy alt="Diagram of the journey of a web request: the browser asks for pages across the internet, t"
   img /img/figures/gict-300/unit-06/fig-U6-1.dark.svg natural=0x0 shown=false loading=lazy alt="Diagram of the journey of a web request: the browser asks for pages across the internet, t"
   img /img/figures/gict-300/unit-06/fig-U6-2.svg natural=249x150 shown=true loading=lazy alt="Table of five online communication tools, what each is best for, and one classroom use."
   img /img/figures/gict-300/unit-06/fig-U6-2.dark.svg natural=0x0 shown=false loading=lazy alt="Table of five online communication tools, what each is best for, and one classroom use."
   heading order: no skipped levels
   advisory bare-URL link text: https://open.umn.edu/opentextbooks/textbooks/infor | https://www.khanacademy.org/computing/computers-an | https://staysafeonline.org/

-- topic-02: headings=11 imgs=4 visibleBroken=0 notServed=0 missingAlt=0 bareUrlLinks=3 vagueLinks=0 hOverflow=false
   img /img/figures/gict-300/unit-06/fig-U6-3.svg natural=249x150 shown=true loading=lazy alt="Flowchart for evaluating a website: read the domain, decide whether it matches what it cla"
   img /img/figures/gict-300/unit-06/fig-U6-3.dark.svg natural=0x0 shown=false loading=lazy alt="Flowchart for evaluating a website: read the domain, decide whether it matches what it cla"
   img /img/figures/gict-300/unit-06/fig-U6-4.svg natural=249x150 shown=true loading=lazy alt="Table of five safe-browsing checks with what each tells you and what it does not tell you."
   img /img/figures/gict-300/unit-06/fig-U6-4.dark.svg natural=0x0 shown=false loading=lazy alt="Table of five safe-browsing checks with what each tells you and what it does not tell you."
   heading order: no skipped levels
   advisory bare-URL link text: https://staysafeonline.org/ | https://moitt.gov.pk/ | https://open.umn.edu/opentextbooks/textbooks/infor

-- topic-03: headings=12 imgs=4 visibleBroken=0 notServed=0 missingAlt=0 bareUrlLinks=3 vagueLinks=0 hOverflow=false
   img /img/figures/gict-300/unit-06/fig-U6-5.svg natural=249x150 shown=true loading=lazy alt="Concept map with emerging technologies at the centre and four branches: artificial intelli"
   img /img/figures/gict-300/unit-06/fig-U6-5.dark.svg natural=0x0 shown=false loading=lazy alt="Concept map with emerging technologies at the centre and four branches: artificial intelli"
   img /img/figures/gict-300/unit-06/fig-U6-6.svg natural=249x150 shown=true loading=lazy alt="Table of AI and IoT uses in education with one school use and the caution for each."
   img /img/figures/gict-300/unit-06/fig-U6-6.dark.svg natural=0x0 shown=false loading=lazy alt="Table of AI and IoT uses in education with one school use and the caution for each."
   heading order: no skipped levels
   advisory bare-URL link text: https://unesdoc.unesco.org/ark:/48223/pf0000376709 | https://open.umn.edu/opentextbooks/textbooks/infor | https://www.itu.int/rec/T-REC-Y.2060-201206-I

-- topic-04: headings=12 imgs=4 visibleBroken=0 notServed=0 missingAlt=0 bareUrlLinks=2 vagueLinks=0 hOverflow=false
   img /img/figures/gict-300/unit-06/fig-U6-7.svg natural=249x150 shown=true loading=lazy alt="Diagram of a blockchain as four linked blocks of records, each carrying the previous block"
   img /img/figures/gict-300/unit-06/fig-U6-7.dark.svg natural=0x0 shown=false loading=lazy alt="Diagram of a blockchain as four linked blocks of records, each carrying the previous block"
   img /img/figures/gict-300/unit-06/fig-U6-8.svg natural=249x150 shown=true loading=lazy alt="Table comparing virtual reality and augmented reality across what each does, what the lear"
   img /img/figures/gict-300/unit-06/fig-U6-8.dark.svg natural=0x0 shown=false loading=lazy alt="Table comparing virtual reality and augmented reality across what each does, what the lear"
   heading order: no skipped levels
   advisory bare-URL link text: https://doi.org/10.6028/NIST.IR.8202 | https://doi.org/10.1016/j.ssaho.2023.100532

-- unit-assessment: headings=10 imgs=0 visibleBroken=0 notServed=0 missingAlt=0 bareUrlLinks=0 vagueLinks=0 hOverflow=false
   heading order: no skipped levels

-- unit-teacher-notes: headings=6 imgs=0 visibleBroken=0 notServed=0 missingAlt=0 bareUrlLinks=0 vagueLinks=0 hOverflow=false
   heading order: no skipped levels

===== B. NARROW 360x780 =====

-- index: docHorizontalOverflow=0px tables=0 figures=0 spill=0

-- topic-01: docHorizontalOverflow=0px tables=0 figures=2 spill=0
   figure[0] .figure client=328 scroll=328 scroller=none
   figure[1] .figure client=328 scroll=328 scroller=none

-- topic-02: docHorizontalOverflow=0px tables=0 figures=2 spill=0
   figure[0] .figure client=328 scroll=328 scroller=none
   figure[1] .figure client=328 scroll=328 scroller=none

-- topic-03: docHorizontalOverflow=0px tables=0 figures=2 spill=0
   figure[0] .figure client=328 scroll=328 scroller=none
   figure[1] .figure client=328 scroll=328 scroller=none

-- topic-04: docHorizontalOverflow=0px tables=0 figures=2 spill=0
   figure[0] .figure client=328 scroll=328 scroller=none
   figure[1] .figure client=328 scroll=328 scroller=none

-- unit-assessment: docHorizontalOverflow=0px tables=0 figures=0 spill=0

-- unit-teacher-notes: docHorizontalOverflow=0px tables=0 figures=0 spill=0

===== C. A4 PRINT EMULATION (794px) =====

-- index @print: clippedElems=0 figureImgs=0 answerHeadings=[]

-- topic-01 @print: clippedElems=0 figureImgs=4 answerHeadings=[]
   printfig /img/figures/gict-300/unit-06/fig-U6-1.svg w=762 right=778 fits
   printfig /img/figures/gict-300/unit-06/fig-U6-1.dark.svg w=0 right=0 fits
   printfig /img/figures/gict-300/unit-06/fig-U6-2.svg w=762 right=778 fits
   printfig /img/figures/gict-300/unit-06/fig-U6-2.dark.svg w=0 right=0 fits

-- topic-02 @print: clippedElems=0 figureImgs=4 answerHeadings=[]
   printfig /img/figures/gict-300/unit-06/fig-U6-3.svg w=762 right=778 fits
   printfig /img/figures/gict-300/unit-06/fig-U6-3.dark.svg w=0 right=0 fits
   printfig /img/figures/gict-300/unit-06/fig-U6-4.svg w=762 right=778 fits
   printfig /img/figures/gict-300/unit-06/fig-U6-4.dark.svg w=0 right=0 fits

-- topic-03 @print: clippedElems=0 figureImgs=4 answerHeadings=[]
   printfig /img/figures/gict-300/unit-06/fig-U6-5.svg w=762 right=778 fits
   printfig /img/figures/gict-300/unit-06/fig-U6-5.dark.svg w=0 right=0 fits
   printfig /img/figures/gict-300/unit-06/fig-U6-6.svg w=762 right=778 fits
   printfig /img/figures/gict-300/unit-06/fig-U6-6.dark.svg w=0 right=0 fits

-- topic-04 @print: clippedElems=0 figureImgs=4 answerHeadings=[]
   printfig /img/figures/gict-300/unit-06/fig-U6-7.svg w=762 right=778 fits
   printfig /img/figures/gict-300/unit-06/fig-U6-7.dark.svg w=0 right=0 fits
   printfig /img/figures/gict-300/unit-06/fig-U6-8.svg w=762 right=778 fits
   printfig /img/figures/gict-300/unit-06/fig-U6-8.dark.svg w=0 right=0 fits

-- unit-assessment @print: clippedElems=0 figureImgs=0 answerHeadings=["Answers and marking guidance​","MCQ answer key​","RRQ model answers and mark schemes​","ERQ rubrics​"]

-- unit-teacher-notes @print: clippedElems=0 figureImgs=0 answerHeadings=[]

===== D. SVG TEXT GEOMETRY =====
   fig-U6-1.light [diagram] viewBox=780x470 texts=16 wordmark@x=675.7 -> clean
   fig-U6-1.dark [diagram] viewBox=780x470 texts=16 wordmark@x=675.7 -> clean
   fig-U6-2.light [table] viewBox=780x470 texts=25 wordmark@x=675.7 -> clean
   fig-U6-2.dark [table] viewBox=780x470 texts=25 wordmark@x=675.7 -> clean
   fig-U6-3.light [flowchart] viewBox=780x470 texts=18 wordmark@x=675.7 -> clean
   fig-U6-3.dark [flowchart] viewBox=780x470 texts=18 wordmark@x=675.7 -> clean
   fig-U6-4.light [table] viewBox=780x470 texts=24 wordmark@x=675.7 -> clean
   fig-U6-4.dark [table] viewBox=780x470 texts=24 wordmark@x=675.7 -> clean
   fig-U6-5.light [concept-map] viewBox=780x470 texts=18 wordmark@x=675.7 -> clean
   fig-U6-5.dark [concept-map] viewBox=780x470 texts=18 wordmark@x=675.7 -> clean
   fig-U6-6.light [table] viewBox=780x470 texts=26 wordmark@x=675.7 -> clean
   fig-U6-6.dark [table] viewBox=780x470 texts=26 wordmark@x=675.7 -> clean
   fig-U6-7.light [diagram] viewBox=780x470 texts=23 wordmark@x=675.7 -> clean
   fig-U6-7.dark [diagram] viewBox=780x470 texts=23 wordmark@x=675.7 -> clean
   fig-U6-8.light [table] viewBox=780x470 texts=25 wordmark@x=675.7 -> clean
   fig-U6-8.dark [table] viewBox=780x470 texts=25 wordmark@x=675.7 -> clean

### finished: 2026-09-23T20:43:35.377Z
### defects: 0
### exit_code: 0
