✓ static/img/figures/efmp-302/unit-03/fig-U3-1.ur.svg (900x400, widest text ends at 888, wordmark at 795.7)
✓ static/img/figures/efmp-302/unit-03/fig-U3-10.ur.svg (900x470, widest text ends at 888, wordmark at 795.7)
✓ static/img/figures/efmp-302/unit-03/fig-U3-2.ur.svg (900x460, widest text ends at 888, wordmark at 795.7)
✓ static/img/figures/efmp-302/unit-03/fig-U3-3.ur.svg (900x470, widest text ends at 888, wordmark at 795.7)
✓ static/img/figures/efmp-302/unit-03/fig-U3-4.ur.svg (800x470, widest text ends at 788, wordmark at 695.7)
✓ static/img/figures/efmp-302/unit-03/fig-U3-5.ur.svg (880x470, widest text ends at 868.6, wordmark at 775.7)
✓ static/img/figures/efmp-302/unit-03/fig-U3-6.ur.svg (880x520, widest text ends at 868.6, wordmark at 775.7)
✓ static/img/figures/efmp-302/unit-03/fig-U3-7.ur.svg (860x400, widest text ends at 848.4, wordmark at 755.7)
✓ static/img/figures/efmp-302/unit-03/fig-U3-8.ur.svg (860x490, widest text ends at 848.4, wordmark at 755.7)
✓ static/img/figures/efmp-302/unit-03/fig-U3-9.ur.svg (900x420, widest text ends at 888, wordmark at 795.7)
✓ static/img/figures/efmp-302/unit-03/fig-U3-1.ur.dark.svg (900x400, widest text ends at 888, wordmark at 795.7)
✓ static/img/figures/efmp-302/unit-03/fig-U3-10.ur.dark.svg (900x470, widest text ends at 888, wordmark at 795.7)
✓ static/img/figures/efmp-302/unit-03/fig-U3-2.ur.dark.svg (900x460, widest text ends at 888, wordmark at 795.7)
✓ static/img/figures/efmp-302/unit-03/fig-U3-3.ur.dark.svg (900x470, widest text ends at 888, wordmark at 795.7)
✓ static/img/figures/efmp-302/unit-03/fig-U3-4.ur.dark.svg (800x470, widest text ends at 788, wordmark at 695.7)
✓ static/img/figures/efmp-302/unit-03/fig-U3-5.ur.dark.svg (880x470, widest text ends at 868.6, wordmark at 775.7)
✓ static/img/figures/efmp-302/unit-03/fig-U3-6.ur.dark.svg (880x520, widest text ends at 868.6, wordmark at 775.7)
✓ static/img/figures/efmp-302/unit-03/fig-U3-7.ur.dark.svg (860x400, widest text ends at 848.4, wordmark at 755.7)
✓ static/img/figures/efmp-302/unit-03/fig-U3-8.ur.dark.svg (860x490, widest text ends at 848.4, wordmark at 755.7)
✓ static/img/figures/efmp-302/unit-03/fig-U3-9.ur.dark.svg (900x420, widest text ends at 888, wordmark at 795.7)
exit=0
