$ npm run check:no-em-dash   (GICT-300 U5 G3 as-is worktree run, 2026-09-23, worktree HEAD 6361ad6. Exit 1: all 9 occurrences are in specs/content/geng-300/intake/evaluation.md (pre-existing); zero occurrences in GICT-300 or any other authored content. Out of scope, as above.)


✖ Em dash found in authored content (9 occurrence(s)).

  specs/content/geng-300/intake/evaluation.md:1:33  U+2014 EM DASH
      ...GENG-300 · Functional English — Intake Evaluation
  specs/content/geng-300/intake/evaluation.md:41:17  U+2014 EM DASH
      ### 1. Identity — APPROVED
  specs/content/geng-300/intake/evaluation.md:47:18  U+2014 EM DASH
      ### 2. Partition — APPROVED
  specs/content/geng-300/intake/evaluation.md:53:17  U+2014 EM DASH
      ### 3. Coverage — APPROVED
  specs/content/geng-300/intake/evaluation.md:73:17  U+2014 EM DASH
      ### 4. Outcomes — APPROVED
  specs/content/geng-300/intake/evaluation.md:78:17  U+2014 EM DASH
      ### 5. Readings — APPROVED
  specs/content/geng-300/intake/evaluation.md:85:18  U+2014 EM DASH
      ### 6. Blueprint — APPROVED
  specs/content/geng-300/intake/evaluation.md:91:18  U+2014 EM DASH
      ### 7. Structure — APPROVED
  specs/content/geng-300/intake/evaluation.md:98:25  U+2014 EM DASH
      ### 8. Decision residue — APPROVED

Constitution Art. III.9: authored content contains zero em dash characters.
Restructure the sentence or use a spaced hyphen " - ". The en dash (U+2013)
is still allowed for numeric ranges. See specs/content/style-guide.md.

