### render-inspect  GNAS-301 Unit 2 (G3 round 2, fresh attempt)
### host: http://127.0.0.1:4614/semester-1/gnas-301/unit-02   browser: chromium 149.0.7827.0
### route: /semester-1/gnas-301/unit-02  pages: 6
### started: 2026-09-23T21:41:49.050Z

===== A. DESKTOP 1280x900 =====
-- index: headings=5 imgs=2 visibleBroken=0 missingAlt=0 bareUrlLinks=0 docHOverflow=0px skippedHeadingLevels=0
   img /img/logo.svg natural=150x150 shown=true loading=null alt="B.Ed Mega Textbook"
   img /img/logo.svg natural=150x150 shown=false loading=null alt="B.Ed Mega Textbook"
-- topic-01: headings=11 imgs=5 visibleBroken=0 missingAlt=0 bareUrlLinks=4 docHOverflow=0px skippedHeadingLevels=0
   img /img/logo.svg natural=150x150 shown=true loading=null alt="B.Ed Mega Textbook"
   img /img/figures/gnas-301/unit-02/fig-U2-1.svg natural=249x150 shown=true loading=lazy alt="Diagram of global water distribution as 100 droplets, 97 sal"
   img /img/figures/gnas-301/unit-02/fig-U2-1.dark.svg natural=0x0 shown=false loading=lazy alt="Diagram of global water distribution as 100 droplets, 97 sal"
   img /img/figures/gnas-301/unit-02/fig-U2-2.svg natural=249x150 shown=true loading=lazy alt="Table of Pakistan's four water resources, the Indus system, "
   img /img/figures/gnas-301/unit-02/fig-U2-2.dark.svg natural=0x0 shown=false loading=lazy alt="Table of Pakistan's four water resources, the Indus system, "
   advisory bare-URL link text: https://www.usgs.gov/special-topics/water-science-school/science/how-much-water-there-earth
   advisory bare-URL link text: https://doi.org/10.5194/hess-14-1669-2010
   advisory bare-URL link text: https://doi.org/10.46660/ijeeg.Vol13.Iss2.2022.705
   advisory bare-URL link text: https://www.who.int/news-room/fact-sheets/detail/drinking-water
-- topic-02: headings=12 imgs=5 visibleBroken=0 missingAlt=0 bareUrlLinks=2 docHOverflow=0px skippedHeadingLevels=0
   img /img/logo.svg natural=150x150 shown=true loading=null alt="B.Ed Mega Textbook"
   img /img/figures/gnas-301/unit-02/fig-U2-3.svg natural=249x150 shown=true loading=lazy alt="Flowchart of the water pollution pathway from source through"
   img /img/figures/gnas-301/unit-02/fig-U2-3.dark.svg natural=0x0 shown=false loading=lazy alt="Flowchart of the water pollution pathway from source through"
   img /img/figures/gnas-301/unit-02/fig-U2-4.svg natural=249x150 shown=true loading=lazy alt="Table of five water pollutant types with usual source, impac"
   img /img/figures/gnas-301/unit-02/fig-U2-4.dark.svg natural=0x0 shown=false loading=lazy alt="Table of five water pollutant types with usual source, impac"
   advisory bare-URL link text: https://www.who.int/news-room/fact-sheets/detail/drinking-water
   advisory bare-URL link text: https://www.who.int/news-room/fact-sheets/detail/sanitation
-- topic-03: headings=12 imgs=5 visibleBroken=0 missingAlt=0 bareUrlLinks=3 docHOverflow=0px skippedHeadingLevels=0
   img /img/logo.svg natural=150x150 shown=true loading=null alt="B.Ed Mega Textbook"
   img /img/figures/gnas-301/unit-02/fig-U2-5.svg natural=249x150 shown=true loading=lazy alt="Flowchart of the waste hierarchy as a descending staircase, "
   img /img/figures/gnas-301/unit-02/fig-U2-5.dark.svg natural=0x0 shown=false loading=lazy alt="Flowchart of the waste hierarchy as a descending staircase, "
   img /img/figures/gnas-301/unit-02/fig-U2-6.svg natural=249x150 shown=true loading=lazy alt="Table comparing hospital clinical waste and industrial hazar"
   img /img/figures/gnas-301/unit-02/fig-U2-6.dark.svg natural=0x0 shown=false loading=lazy alt="Table comparing hospital clinical waste and industrial hazar"
   advisory bare-URL link text: https://doi.org/10.1186/s13021-026-00403-x
   advisory bare-URL link text: https://www.who.int/news-room/fact-sheets/detail/sanitation
   advisory bare-URL link text: https://www.who.int/news-room/fact-sheets/detail/health-care-waste
-- unit-assessment: headings=10 imgs=1 visibleBroken=0 missingAlt=0 bareUrlLinks=0 docHOverflow=0px skippedHeadingLevels=0
   img /img/logo.svg natural=150x150 shown=true loading=null alt="B.Ed Mega Textbook"
-- unit-teacher-notes: headings=6 imgs=1 visibleBroken=0 missingAlt=0 bareUrlLinks=0 docHOverflow=0px skippedHeadingLevels=0
   img /img/logo.svg natural=150x150 shown=true loading=null alt="B.Ed Mega Textbook"

===== B. NARROW 360x780 =====
-- index: docHOverflow=0px tables=0 figures=0
-- topic-01: docHOverflow=0px tables=1 figures=2
   table[0] client=328 scroll=328 fits=true overflowX=auto display=block tabindex=null role=null aria-label="null"
   figure[0] client=328 scroll=328 scroller=visible fits=true
   figure[1] client=328 scroll=328 scroller=visible fits=true
-- topic-02: docHOverflow=0px tables=1 figures=2
   table[0] client=328 scroll=328 fits=true overflowX=auto display=block tabindex=null role=null aria-label="null"
   figure[0] client=328 scroll=328 scroller=visible fits=true
   figure[1] client=328 scroll=328 scroller=visible fits=true
-- topic-03: docHOverflow=0px tables=1 figures=2
   table[0] client=328 scroll=328 fits=true overflowX=auto display=block tabindex=null role=null aria-label="null"
   figure[0] client=328 scroll=328 scroller=visible fits=true
   figure[1] client=328 scroll=328 scroller=visible fits=true
-- unit-assessment: docHOverflow=0px tables=0 figures=0
-- unit-teacher-notes: docHOverflow=0px tables=0 figures=0
-- answers section located at 360px: true (narrow360-unit-assessment-answers.png)

===== C. PRINT A4 (emulated media, page.pdf) =====
-- index: print-a4-index.pdf generated  navVisible=false footerVisible=false
-- topic-01: print-a4-topic-01.pdf generated  navVisible=false footerVisible=false
-- topic-02: print-a4-topic-02.pdf generated  navVisible=false footerVisible=false
-- topic-03: print-a4-topic-03.pdf generated  navVisible=false footerVisible=false
-- unit-assessment: print-a4-unit-assessment.pdf generated  navVisible=false footerVisible=false
-- unit-teacher-notes: print-a4-unit-teacher-notes.pdf generated  navVisible=false footerVisible=false

console errors: none
### completed: 2026-09-23T21:42:26.190Z
