### starting: npm run serve -- --port 4624
### render-inspect  EFMP-302 Unit 4 (ur)
### route: /ur/semester-1/efmp-302/unit-04  pages: 7  placed figures: 8
### host: http://127.0.0.1:4624   browser: chromium 149.0.7827.0
### started: 2026-09-24T22:14:34.368Z

===== A. DESKTOP 1280x900 =====

-- index: headings=5 imgs=0 visibleBroken=0 notServed=0 missingAlt=0 bareUrlLinks=0 vagueLinks=0 hOverflow=false
   heading order: no skipped levels

-- topic-01: headings=14 imgs=4 visibleBroken=0 notServed=0 missingAlt=0 bareUrlLinks=2 vagueLinks=0 hOverflow=false
   img /img/figures/efmp-302/unit-04/fig-U4-1.ur.svg natural=300x133 shown=true loading=lazy alt="پیشہ ورانہ معیار، ضابطہ اخلاق اور نصاب کا موازنہ کرنے والا جدول: ہر ایک کس سوال کا جواب دی"
   img /img/figures/efmp-302/unit-04/fig-U4-1.ur.dark.svg natural=0x0 shown=false loading=lazy alt="پیشہ ورانہ معیار، ضابطہ اخلاق اور نصاب کا موازنہ کرنے والا جدول: ہر ایک کس سوال کا جواب دی"
   img /img/figures/efmp-302/unit-04/fig-U4-2.ur.svg natural=293x150 shown=true loading=lazy alt="پیشہ ورانہ معیار کا تصوراتی نقشہ جس کے مرکز سے چار شاخیں نکلی ہیں - ابتدائی تربیت، مسلسل ت"
   img /img/figures/efmp-302/unit-04/fig-U4-2.ur.dark.svg natural=0x0 shown=false loading=lazy alt="پیشہ ورانہ معیار کا تصوراتی نقشہ جس کے مرکز سے چار شاخیں نکلی ہیں - ابتدائی تربیت، مسلسل ت"
   heading order: no skipped levels
   advisory bare-URL link text: https://unesdoc.unesco.org/ark:/48223/pf0000372167 | https://files.eric.ed.gov/fulltext/ED530786.pdf

-- topic-02: headings=13 imgs=4 visibleBroken=0 notServed=0 missingAlt=0 bareUrlLinks=2 vagueLinks=0 hOverflow=false
   img /img/figures/efmp-302/unit-04/fig-U4-3.ur.svg natural=281x150 shown=true loading=lazy alt="پیشہ ورانہ معیار کی جڑواں ترتیب کا خاکہ: علم، رجحانات اور کارکردگی کے حصے، ان کے نیچے اشار"
   img /img/figures/efmp-302/unit-04/fig-U4-3.ur.dark.svg natural=0x0 shown=false loading=lazy alt="پیشہ ورانہ معیار کی جڑواں ترتیب کا خاکہ: علم، رجحانات اور کارکردگی کے حصے، ان کے نیچے اشار"
   img /img/figures/efmp-302/unit-04/fig-U4-4.ur.svg natural=252x150 shown=true loading=lazy alt="پاکستان کے دس قومی پیشہ ورانہ معیارات کا جدول، ہر ایک کے مرکز اور جماعتی شہادت کی مثال کے "
   img /img/figures/efmp-302/unit-04/fig-U4-4.ur.dark.svg natural=0x0 shown=false loading=lazy alt="پاکستان کے دس قومی پیشہ ورانہ معیارات کا جدول، ہر ایک کے مرکز اور جماعتی شہادت کی مثال کے "
   heading order: no skipped levels
   advisory bare-URL link text: https://files.eric.ed.gov/fulltext/ED521228.pdf | https://unesdoc.unesco.org/ark:/48223/pf0000372167

-- topic-03: headings=12 imgs=4 visibleBroken=0 notServed=0 missingAlt=0 bareUrlLinks=2 vagueLinks=0 hOverflow=false
   img /img/figures/efmp-302/unit-04/fig-U4-5.ur.svg natural=275x150 shown=true loading=lazy alt="پانچ منزلہ خود جائزہ چکر کا فلوچارٹ - اشاریہ چنیے، شہادت جمع کیجیے، فرق جانچیے، ایک تبدیلی"
   img /img/figures/efmp-302/unit-04/fig-U4-5.ur.dark.svg natural=0x0 shown=false loading=lazy alt="پانچ منزلہ خود جائزہ چکر کا فلوچارٹ - اشاریہ چنیے، شہادت جمع کیجیے، فرق جانچیے، ایک تبدیلی"
   img /img/figures/efmp-302/unit-04/fig-U4-6.ur.svg natural=300x140 shown=true loading=lazy alt="کسی اشاریے کے خلاف شہادت کی اقسام کا جدول - شاگردوں کا کام، مشاہدہ، منصوبہ بندی کے دستاویز"
   img /img/figures/efmp-302/unit-04/fig-U4-6.ur.dark.svg natural=0x0 shown=false loading=lazy alt="کسی اشاریے کے خلاف شہادت کی اقسام کا جدول - شاگردوں کا کام، مشاہدہ، منصوبہ بندی کے دستاویز"
   heading order: no skipped levels
   advisory bare-URL link text: https://files.eric.ed.gov/fulltext/ED521228.pdf | https://files.eric.ed.gov/fulltext/ED530786.pdf

-- topic-04: headings=13 imgs=4 visibleBroken=0 notServed=0 missingAlt=0 bareUrlLinks=2 vagueLinks=0 hOverflow=false
   img /img/figures/efmp-302/unit-04/fig-U4-7.ur.svg natural=300x140 shown=true loading=lazy alt="تدریسی کیریئر کا وقت خط جس پر معیارات کہاں لاگو ہوتے ہیں نشان زد ہے - داخلہ، سند بندی، لائ"
   img /img/figures/efmp-302/unit-04/fig-U4-7.ur.dark.svg natural=0x0 shown=false loading=lazy alt="تدریسی کیریئر کا وقت خط جس پر معیارات کہاں لاگو ہوتے ہیں نشان زد ہے - داخلہ، سند بندی، لائ"
   img /img/figures/efmp-302/unit-04/fig-U4-8.ur.svg natural=281x150 shown=true loading=lazy alt="جائزے کے اوزار کو تشکیلی اور مجموعی حصوں میں تقسیم کرتا ہوا خاکہ، ہر ایک کے مقصد، تقاضوں ا"
   img /img/figures/efmp-302/unit-04/fig-U4-8.ur.dark.svg natural=0x0 shown=false loading=lazy alt="جائزے کے اوزار کو تشکیلی اور مجموعی حصوں میں تقسیم کرتا ہوا خاکہ، ہر ایک کے مقصد، تقاضوں ا"
   heading order: no skipped levels
   advisory bare-URL link text: https://files.eric.ed.gov/fulltext/ED530786.pdf | https://files.eric.ed.gov/fulltext/ED521228.pdf

-- unit-assessment: headings=10 imgs=0 visibleBroken=0 notServed=0 missingAlt=0 bareUrlLinks=0 vagueLinks=0 hOverflow=false
   heading order: no skipped levels

-- unit-teacher-notes: headings=7 imgs=0 visibleBroken=0 notServed=0 missingAlt=0 bareUrlLinks=0 vagueLinks=0 hOverflow=false
   heading order: no skipped levels

===== B. NARROW 360x780 =====

-- index: docHorizontalOverflow=0px tables=0 figures=0 spill=0

-- topic-01: docHorizontalOverflow=0px tables=1 figures=2 spill=0
   table[0] client=328 scroll=328 fits=true lastHeader="ایک مضبوط جواب کیا کرتا " scroller=NONE
   figure[0] .figure client=328 scroll=900 scroller=FIGURE.figure
   figure[1] .figure client=328 scroll=900 scroller=FIGURE.figure

-- topic-02: docHorizontalOverflow=0px tables=1 figures=2 spill=0
   table[0] client=328 scroll=328 fits=true lastHeader="ایک مضبوط جواب کیا کرتا " scroller=NONE
   figure[0] .figure client=328 scroll=880 scroller=FIGURE.figure
   figure[1] .figure client=328 scroll=940 scroller=FIGURE.figure

-- topic-03: docHorizontalOverflow=0px tables=1 figures=2 spill=0
   table[0] client=328 scroll=328 fits=true lastHeader="ایک مضبوط جواب کیا کرتا " scroller=NONE
   figure[0] .figure client=328 scroll=880 scroller=FIGURE.figure
   figure[1] .figure client=328 scroll=900 scroller=FIGURE.figure

-- topic-04: docHorizontalOverflow=0px tables=1 figures=2 spill=0
   table[0] client=328 scroll=328 fits=true lastHeader="ایک مضبوط جواب کیا کرتا " scroller=NONE
   figure[0] .figure client=328 scroll=920 scroller=FIGURE.figure
   figure[1] .figure client=328 scroll=880 scroller=FIGURE.figure

-- unit-assessment: docHorizontalOverflow=0px tables=5 figures=0 spill=0
   table[0] client=328 scroll=328 fits=true lastHeader="مضبوط (4-5)" scroller=NONE
   table[1] client=328 scroll=328 fits=true lastHeader="مضبوط (4-5)" scroller=NONE
   table[2] client=328 scroll=328 fits=true lastHeader="مضبوط (4-5)" scroller=NONE
   table[3] client=328 scroll=328 fits=true lastHeader="مضبوط (4-5)" scroller=NONE
   table[4] client=328 scroll=328 fits=true lastHeader="مضبوط (4-5)" scroller=NONE

-- unit-teacher-notes: docHorizontalOverflow=0px tables=0 figures=0 spill=0

===== C. A4 PRINT EMULATION (794px) =====

-- index @print: clippedElems=0 figureImgs=0 answerHeadings=[]

-- topic-01 @print: clippedElems=0 figureImgs=4 answerHeadings=["معیارات کا استعمال بطور معیارِ تدریس اور جوابدہی کی ضمانت​"]
   printfig /img/figures/efmp-302/unit-04/fig-U4-1.ur.svg w=640 right=717 fits
   printfig /img/figures/efmp-302/unit-04/fig-U4-1.ur.dark.svg w=0 right=0 fits
   printfig /img/figures/efmp-302/unit-04/fig-U4-2.ur.svg w=640 right=717 fits
   printfig /img/figures/efmp-302/unit-04/fig-U4-2.ur.dark.svg w=0 right=0 fits

-- topic-02 @print: clippedElems=0 figureImgs=4 answerHeadings=[]
   printfig /img/figures/efmp-302/unit-04/fig-U4-3.ur.svg w=640 right=717 fits
   printfig /img/figures/efmp-302/unit-04/fig-U4-3.ur.dark.svg w=0 right=0 fits
   printfig /img/figures/efmp-302/unit-04/fig-U4-4.ur.svg w=640 right=717 fits
   printfig /img/figures/efmp-302/unit-04/fig-U4-4.ur.dark.svg w=0 right=0 fits

-- topic-03 @print: clippedElems=0 figureImgs=4 answerHeadings=[]
   printfig /img/figures/efmp-302/unit-04/fig-U4-5.ur.svg w=760 right=777 fits
   printfig /img/figures/efmp-302/unit-04/fig-U4-5.ur.dark.svg w=0 right=0 fits
   printfig /img/figures/efmp-302/unit-04/fig-U4-6.ur.svg w=640 right=717 fits
   printfig /img/figures/efmp-302/unit-04/fig-U4-6.ur.dark.svg w=0 right=0 fits

-- topic-04 @print: clippedElems=0 figureImgs=4 answerHeadings=[]
   printfig /img/figures/efmp-302/unit-04/fig-U4-7.ur.svg w=760 right=777 fits
   printfig /img/figures/efmp-302/unit-04/fig-U4-7.ur.dark.svg w=0 right=0 fits
   printfig /img/figures/efmp-302/unit-04/fig-U4-8.ur.svg w=640 right=717 fits
   printfig /img/figures/efmp-302/unit-04/fig-U4-8.ur.dark.svg w=0 right=0 fits

-- unit-assessment @print: clippedElems=0 figureImgs=0 answerHeadings=["محدود جوابی سوالات (RRQs)​","تفصیلی جوابی سوالات (ERQs)​","جوابات اور نمبر دہی کی رہنمائی​","MCQ جوابی کلید​","RRQ نمونہ جوابات اور نمبر دہی کے خاکے​"]

-- unit-teacher-notes @print: clippedElems=0 figureImgs=0 answerHeadings=[]

===== D. SVG TEXT GEOMETRY =====
   fig-U4-1.ur [table] viewBox=900x400 texts=33 wordmark@x=795.7 -> clean
   fig-U4-1.ur.dark [table] viewBox=900x400 texts=33 wordmark@x=795.7 -> clean
   fig-U4-2.ur [concept-map] viewBox=900x460 texts=19 wordmark@x=795.7 -> clean
   fig-U4-2.ur.dark [concept-map] viewBox=900x460 texts=19 wordmark@x=795.7 -> clean
   fig-U4-3.ur [diagram] viewBox=880x470 texts=19 wordmark@x=775.6 -> clean
   fig-U4-3.ur.dark [diagram] viewBox=880x470 texts=19 wordmark@x=775.6 -> clean
   fig-U4-4.ur [table] viewBox=940x560 texts=40 wordmark@x=835.7 -> clean
   fig-U4-4.ur.dark [table] viewBox=940x560 texts=40 wordmark@x=835.7 -> clean
   fig-U4-5.ur [flowchart] viewBox=880x480 texts=27 wordmark@x=775.6 -> clean
   fig-U4-5.ur.dark [flowchart] viewBox=880x480 texts=27 wordmark@x=775.6 -> clean
   fig-U4-6.ur [table] viewBox=900x420 texts=37 wordmark@x=795.7 -> clean
   fig-U4-6.ur.dark [table] viewBox=900x420 texts=37 wordmark@x=795.7 -> clean
   fig-U4-7.ur [timeline] viewBox=920x430 texts=32 wordmark@x=815.8 -> clean
   fig-U4-7.ur.dark [timeline] viewBox=920x430 texts=32 wordmark@x=815.8 -> clean
   fig-U4-8.ur [diagram] viewBox=880x470 texts=26 wordmark@x=775.6 -> clean
   fig-U4-8.ur.dark [diagram] viewBox=880x470 texts=26 wordmark@x=775.6 -> clean

### finished: 2026-09-24T22:15:21.343Z
### defects: 0
### exit_code: 0
