### starting: npm run serve -- --port 4599
### render-inspect  GICT-300 Unit 1
### route: /semester-1/gict-300/unit-01  pages: 7  placed figures: 8
### host: http://127.0.0.1:4599   browser: chromium 149.0.7827.0
### started: 2026-09-24T00:43:43.162Z

===== A. DESKTOP 1280x900 =====

-- index: headings=5 imgs=0 visibleBroken=0 notServed=0 missingAlt=0 bareUrlLinks=0 vagueLinks=0 hOverflow=false
   heading order: no skipped levels

-- topic-01: headings=12 imgs=4 visibleBroken=0 notServed=0 missingAlt=0 bareUrlLinks=4 vagueLinks=0 hOverflow=false
   img /img/figures/gict-300/unit-01/fig-U1-1.svg natural=249x150 shown=true loading=lazy alt="Concept map with computer literacy at the centre and five skill branches: operating a devi"
   img /img/figures/gict-300/unit-01/fig-U1-1.dark.svg natural=0x0 shown=false loading=lazy alt="Concept map with computer literacy at the centre and five skill branches: operating a devi"
   img /img/figures/gict-300/unit-01/fig-U1-2.svg natural=249x150 shown=true loading=lazy alt="Table of five everyday school tasks, each matched to the device, file-handling and informa"
   img /img/figures/gict-300/unit-01/fig-U1-2.dark.svg natural=0x0 shown=false loading=lazy alt="Table of five everyday school tasks, each matched to the device, file-handling and informa"
   heading order: no skipped levels
   advisory bare-URL link text: https://doi.org/10.2760/115376 | https://open.umn.edu/opentextbooks/textbooks/infor | https://unesdoc.unesco.org/ark:/48223/pf0000265723 | https://hec.gov.pk/english/services/universities/P

-- topic-02: headings=12 imgs=4 visibleBroken=0 notServed=0 missingAlt=0 bareUrlLinks=2 vagueLinks=0 hOverflow=false
   img /img/figures/gict-300/unit-01/fig-U1-3.svg natural=249x150 shown=true loading=lazy alt="Timeline of computing milestones from the ancient abacus, through mechanical calculators, "
   img /img/figures/gict-300/unit-01/fig-U1-3.dark.svg natural=0x0 shown=false loading=lazy alt="Timeline of computing milestones from the ancient abacus, through mechanical calculators, "
   img /img/figures/gict-300/unit-01/fig-U1-4.svg natural=249x150 shown=true loading=lazy alt="Table of the five computer generations with years, core technology and an example machine "
   img /img/figures/gict-300/unit-01/fig-U1-4.dark.svg natural=0x0 shown=false loading=lazy alt="Table of the five computer generations with years, core technology and an example machine "
   heading order: no skipped levels
   advisory bare-URL link text: https://www.khanacademy.org/computing/computers-an | https://open.umn.edu/opentextbooks/textbooks/infor

-- topic-03: headings=12 imgs=4 visibleBroken=0 notServed=0 missingAlt=0 bareUrlLinks=2 vagueLinks=0 hOverflow=false
   img /img/figures/gict-300/unit-01/fig-U1-5.svg natural=249x150 shown=true loading=lazy alt="Table comparing analog, digital and hybrid computers by the signal they work with, how the"
   img /img/figures/gict-300/unit-01/fig-U1-5.dark.svg natural=0x0 shown=false loading=lazy alt="Table comparing analog, digital and hybrid computers by the signal they work with, how the"
   img /img/figures/gict-300/unit-01/fig-U1-6.svg natural=249x150 shown=true loading=lazy alt="A five-step ladder from supercomputer down to embedded computer, each step naming the clas"
   img /img/figures/gict-300/unit-01/fig-U1-6.dark.svg natural=0x0 shown=false loading=lazy alt="A five-step ladder from supercomputer down to embedded computer, each step naming the clas"
   heading order: no skipped levels
   advisory bare-URL link text: https://open.umn.edu/opentextbooks/textbooks/infor | https://www.khanacademy.org/computing/computers-an

-- topic-04: headings=12 imgs=4 visibleBroken=0 notServed=0 missingAlt=0 bareUrlLinks=3 vagueLinks=0 hOverflow=false
   img /img/figures/gict-300/unit-01/fig-U1-7.svg natural=249x150 shown=true loading=lazy alt="Concept map with computers and the internet at the centre, branches to communication, educ"
   img /img/figures/gict-300/unit-01/fig-U1-7.dark.svg natural=0x0 shown=false loading=lazy alt="Concept map with computers and the internet at the centre, branches to communication, educ"
   img /img/figures/gict-300/unit-01/fig-U1-8.svg natural=249x150 shown=true loading=lazy alt="Table of five fields, education, health, agriculture, banking and government, each with wh"
   img /img/figures/gict-300/unit-01/fig-U1-8.dark.svg natural=0x0 shown=false loading=lazy alt="Table of five fields, education, health, agriculture, banking and government, each with wh"
   heading order: no skipped levels
   advisory bare-URL link text: https://unesdoc.unesco.org/ark:/48223/pf0000265723 | https://open.umn.edu/opentextbooks/textbooks/infor | https://pta.gov.pk/en/telecom-indicators

-- unit-assessment: headings=10 imgs=0 visibleBroken=0 notServed=0 missingAlt=0 bareUrlLinks=0 vagueLinks=0 hOverflow=false
   heading order: no skipped levels

-- unit-teacher-notes: headings=6 imgs=0 visibleBroken=0 notServed=0 missingAlt=0 bareUrlLinks=0 vagueLinks=0 hOverflow=false
   heading order: no skipped levels

===== B. NARROW 360x780 =====

-- index: docHorizontalOverflow=0px tables=0 figures=0 spill=0

-- topic-01: docHorizontalOverflow=0px tables=0 figures=2 spill=0
   figure[0] .figure client=328 scroll=328 scroller=none
   figure[1] .figure client=328 scroll=328 scroller=none

-- topic-02: docHorizontalOverflow=0px tables=0 figures=2 spill=0
   figure[0] .figure client=328 scroll=328 scroller=none
   figure[1] .figure client=328 scroll=328 scroller=none

-- topic-03: docHorizontalOverflow=0px tables=0 figures=2 spill=0
   figure[0] .figure client=328 scroll=328 scroller=none
   figure[1] .figure client=328 scroll=328 scroller=none

-- topic-04: docHorizontalOverflow=0px tables=0 figures=2 spill=0
   figure[0] .figure client=328 scroll=328 scroller=none
   figure[1] .figure client=328 scroll=328 scroller=none

-- unit-assessment: docHorizontalOverflow=0px tables=0 figures=0 spill=0

-- unit-teacher-notes: docHorizontalOverflow=0px tables=0 figures=0 spill=0

===== C. A4 PRINT EMULATION (794px) =====

-- index @print: clippedElems=0 figureImgs=0 answerHeadings=[]

-- topic-01 @print: clippedElems=0 figureImgs=4 answerHeadings=[]
   printfig /img/figures/gict-300/unit-01/fig-U1-1.svg w=762 right=778 fits
   printfig /img/figures/gict-300/unit-01/fig-U1-1.dark.svg w=0 right=0 fits
   printfig /img/figures/gict-300/unit-01/fig-U1-2.svg w=762 right=778 fits
   printfig /img/figures/gict-300/unit-01/fig-U1-2.dark.svg w=0 right=0 fits

-- topic-02 @print: clippedElems=0 figureImgs=4 answerHeadings=[]
   printfig /img/figures/gict-300/unit-01/fig-U1-3.svg w=762 right=778 fits
   printfig /img/figures/gict-300/unit-01/fig-U1-3.dark.svg w=0 right=0 fits
   printfig /img/figures/gict-300/unit-01/fig-U1-4.svg w=762 right=778 fits
   printfig /img/figures/gict-300/unit-01/fig-U1-4.dark.svg w=0 right=0 fits

-- topic-03 @print: clippedElems=0 figureImgs=4 answerHeadings=[]
   printfig /img/figures/gict-300/unit-01/fig-U1-5.svg w=762 right=778 fits
   printfig /img/figures/gict-300/unit-01/fig-U1-5.dark.svg w=0 right=0 fits
   printfig /img/figures/gict-300/unit-01/fig-U1-6.svg w=762 right=778 fits
   printfig /img/figures/gict-300/unit-01/fig-U1-6.dark.svg w=0 right=0 fits

-- topic-04 @print: clippedElems=0 figureImgs=4 answerHeadings=[]
   printfig /img/figures/gict-300/unit-01/fig-U1-7.svg w=762 right=778 fits
   printfig /img/figures/gict-300/unit-01/fig-U1-7.dark.svg w=0 right=0 fits
   printfig /img/figures/gict-300/unit-01/fig-U1-8.svg w=762 right=778 fits
   printfig /img/figures/gict-300/unit-01/fig-U1-8.dark.svg w=0 right=0 fits

-- unit-assessment @print: clippedElems=0 figureImgs=0 answerHeadings=["Answers and marking guidance​","MCQ answer key​","RRQ model answers and mark schemes​","ERQ rubrics​"]

-- unit-teacher-notes @print: clippedElems=0 figureImgs=0 answerHeadings=[]

===== D. SVG TEXT GEOMETRY =====
   fig-U1-1.light [concept-map] viewBox=780x470 texts=11 wordmark@x=675.7 -> clean
   fig-U1-1.dark [concept-map] viewBox=780x470 texts=11 wordmark@x=675.7 -> clean
   fig-U1-2.light [table] viewBox=780x470 texts=27 wordmark@x=675.7 -> clean
   fig-U1-2.dark [table] viewBox=780x470 texts=27 wordmark@x=675.7 -> clean
   fig-U1-3.light [timeline] viewBox=780x470 texts=26 wordmark@x=675.7 -> clean
   fig-U1-3.dark [timeline] viewBox=780x470 texts=26 wordmark@x=675.7 -> clean
   fig-U1-4.light [table] viewBox=780x470 texts=27 wordmark@x=675.7 -> clean
   fig-U1-4.dark [table] viewBox=780x470 texts=27 wordmark@x=675.7 -> clean
   fig-U1-5.light [table] viewBox=780x470 texts=28 wordmark@x=675.7 -> clean
   fig-U1-5.dark [table] viewBox=780x470 texts=28 wordmark@x=675.7 -> clean
   fig-U1-6.light [diagram] viewBox=780x470 texts=20 wordmark@x=675.7 -> clean
   fig-U1-6.dark [diagram] viewBox=780x470 texts=20 wordmark@x=675.7 -> clean
   fig-U1-7.light [concept-map] viewBox=780x470 texts=12 wordmark@x=675.7 -> clean
   fig-U1-7.dark [concept-map] viewBox=780x470 texts=12 wordmark@x=675.7 -> clean
   fig-U1-8.light [table] viewBox=780x470 texts=26 wordmark@x=675.7 -> clean
   fig-U1-8.dark [table] viewBox=780x470 texts=26 wordmark@x=675.7 -> clean

### finished: 2026-09-24T00:44:20.876Z
### defects: 0
### exit_code: 0
