### EFMP-302 Unit 3 G3 run-004: independent assessment derivation
### commit 70233c423b0747c99e1dca8b0928fc2d366126eb
### INTEGRITY DISCLOSURE: the run-003 report was read for carried-forward findings BEFORE
### this derivation, so its derived key was visible to this reviewer. Full blind derivation
### was therefore not achievable this cycle. To compensate, each key below was re-derived
### from the topic prose with the supporting passage named, not accepted from run-003.
### Recorded as a limitation rather than claimed as a blind solve.

MCQ derivation (from prose, with locator):
 1 -> c   topic-01.mdx 44-89: narrowing to past papers raises measured attainment (achievement
          gain) while cutting breadth of learner outcomes. (a)/(b) invert the pair; (d) denies
          the whole point of three competing definitions.
 2 -> a   topic-01.mdx 90-133 + fig-U3-2 alt ("within-classroom processes and factors beyond the
          classroom"): explanation/questioning, use of assessment and classroom climate are all
          within-classroom; contribution to colleagues is the beyond-classroom leaf.
 3 -> b   topic-02.mdx 40-62: attitude is read from ordinary conduct (preparedness, punctuality,
          follow-through), not asserted. (a) is the explicitly rejected option; (c)/(d) are
          credentials, not attitude.
 4 -> d   topic-02.mdx 91-139 trait-at-excess treatment: empathy unbalanced -> excusing and
          lowered expectation. (a) is empathy's opposite, not its excess.
 5 -> a   topic-03.mdx 38-76: the parent relationship is instrumental both ways - action at home
          and information the classroom cannot supply. (b)/(c)/(d) are by-products.
 6 -> c   topic-03.mdx 77-120 de-escalation sequence: the corridor move is about dignity, since
          a person who has lost face in front of an audience cannot retreat.
 7 -> d   topic-04.mdx 38-71: "Does everyone understand?" samples confidence, and the pupils who
          respond are those least in need of checking.
 8 -> b   topic-04.mdx 141-160: the unit names the channel-contradiction claim a practitioner's
          heuristic descending from the same experiments as the 93% claim, and explicitly
          declines to call it established. (c) is refuted in the topic: Furlich's null result
          concerned immediacy and motivation, not channel contradiction.
 9 -> a   topic-05.mdx 57-69: advance decision about evidence + kept comparison data = researcher.
10 -> d   topic-05.mdx 116-128 "Why these are additions, not replacements": cumulative, not
          replacement/sequence/choice.

Derived key : 1c 2a 3b 4d 5a 6c 7d 8b 9a 10d
Supplied key: 1c 2a 3b 4d 5a 6c 7d 8b 9a 10d   (unit-assessment.mdx 177-192)
Agreement   : 10/10. No discrepancy.
Distribution: a x3 (2,5,9), b x2 (3,8), c x2 (1,6), d x3 (4,7,10).
              A single-letter answering strategy scores at most 3/10.
Rationales  : no MCQ rationale names a distractor by option letter; item 8 names its distractor
              by content ("Calling it disproved by Furlich overstates"). Reordering-safe.
Distractors : on each item exactly one option survives the prose; no ambiguity found.

RRQ mark schemes (unit-assessment.mdx 194-243): each allocates marks per stated criterion and
the per-criterion marks sum to the declared total (6,4,4,9,5,4,5,5,4,4). RRQ 4's scheme
explicitly credits humour's failure as inversion rather than excess and instructs markers not
to penalise it, which matches topic-02.mdx. No conflicting key or criterion found.

ERQ rubrics (unit-assessment.mdx 245+): marked out of 20 across four criteria with
Limited/Adequate/Strong bands that differ in substance rather than in adverbs, and an overall
cap of 10 unless the analysis or evaluation criterion reaches Adequate. That is a real
higher-order gate, not a label.

Bloom demand, classified from the thinking required rather than the verb:
 - MCQ 1 and 9 are genuinely Apply (a new case must be run through a framework).
 - MCQ 4 and 7 are labelled (Apply) but present no new case and require recall of wording
   stated in topic-02.mdx and topic-04.mdx. Understand at best. ADVISORY (carried from run 003):
   the content-spec blueprint permits "Remember to Apply", so the items are in scope; only the
   frontmatter blooms_summary claim of "three at Apply" overstates.
 - ERQ 4 is labelled (Create) with a "Design reasoning (Create)" rubric criterion, while the
   frontmatter blooms_summary says "ERQs at Analyze and Evaluate". Blueprint permits
   "Analyze to Evaluate/Create", so only the summary is narrower than the bank. ADVISORY.
