### mcq10 + figure detail inspection, commit 70233c423b0747c99e1dca8b0928fc2d366126eb
### started: 2026-09-19T03:52:34-05:00
[desktop] {
 "last_item_text": "The five evolving roles are best understood as: (Understand) a) replacements for transmitting content b) stages a teacher passes through in order c) alternatives from which a teacher chooses one d) additions on top of transmitting content",
 "last_item_nested": 1,
 "last_item_options": [
  "a) replacements for transmitting content",
  "b) stages a teacher passes through in order",
  "c) alternatives from which a teacher chooses one",
  "d) additions on top of transmitting content"
 ],
 "ol_next": "H3 :: Restricted-response questions (RRQs)​"
}
[narrow] {
 "last_item_text": "The five evolving roles are best understood as: (Understand) a) replacements for transmitting content b) stages a teacher passes through in order c) alternatives from which a teacher chooses one d) additions on top of transmitting content",
 "last_item_nested": 1,
 "last_item_options": [
  "a) replacements for transmitting content",
  "b) stages a teacher passes through in order",
  "c) alternatives from which a teacher chooses one",
  "d) additions on top of transmitting content"
 ],
 "ol_next": "H3 :: Restricted-response questions (RRQs)​"
}
topic-01 [{"src":"/img/figures/efmp-302/unit-03/fig-U3-1.svg","alt":"Table comparing three definitions of teacher effectiveness - achievement gain, observed practice and breadth of learner outcomes - by what each counts, captures, misses, and who uses it.","loading":"lazy","caption":"textbook.com.pk"},{"src":"/img/figures/efmp-302/unit-03/fig-U3-2.svg","alt":"Concept map of teacher effectiveness branching into within-classroom processes and factors beyond the classroom, each leaf noting how it is evidenced.","loading":"lazy","caption":"textbook.com.pk"}]
topic-02 [{"src":"/img/figures/efmp-302/unit-03/fig-U3-3.svg","alt":"Table of seven teacher personality traits - empathy, patience, self-control, optimism, humour, resilience and adaptability - showing how each appears in a classroom, what it makes possible, and how each fails when overdone.","loading":"lazy","caption":"textbook.com.pk"},{"src":"/img/figures/efmp-302/unit-03/fig-U3-4.svg","alt":"Layered diagram of professional image with appearance as a thin outer band, then conduct, then reliability, and competence as the large core, each labelled with what it signals.","loading":"lazy","caption":"textbook.com.pk"}]
topic-03 [{"src":"/img/figures/efmp-302/unit-03/fig-U3-5.svg","alt":"Concept map with a teacher at the centre linked to pupils, parents, colleagues, the head and the community, each link labelled with what that relationship is for.","loading":"lazy","caption":"textbook.com.pk"},{"src":"/img/figures/efmp-302/unit-03/fig-U3-6.svg","alt":"Flowchart of a conflict de-escalation sequence from an angry first contact through decision points about place, readiness, facts and authority, to outcomes of resolved now, resolved after checking, or escalated.","loading":"lazy","caption":"textbook.com.pk"}]
topic-04 [{"src":"/img/figures/efmp-302/unit-03/fig-U3-7.svg","alt":"Table comparing verbal and non-verbal communication channels by what each carries best, how each fails, how fast each is read, and what happens when the two contradict each other.","loading":"lazy","caption":"textbook.com.pk"},{"src":"/img/figures/efmp-302/unit-03/fig-U3-8.svg","alt":"Overhead schematic of a classroom marking the teacher's non-verbal channels in place - proximity, body orientation, gaze, gesture and vocal variety - each labelled with its classroom use.","loading":"lazy","caption":"textbook.com.pk"}]
topic-05 [{"src":"/img/figures/efmp-302/unit-03/fig-U3-9.svg","alt":"Timeline of the shifting expected role of a teacher from transmitter of content through instructor and facilitator to the present combination of researcher, change agent, moral agent and life-long learner, noting that later roles were added rather than replacing earlier ones.","loading":"lazy","caption":"textbook.com.pk"},{"src":"/img/figures/efmp-302/unit-03/fig-U3-10.svg","alt":"Concept map of a teacher at the centre with five branches - facilitator, researcher, change agent, moral agent and life-long learner - each ending in one concrete classroom act that expresses that role.","loading":"lazy","caption":"textbook.com.pk"}]
### exit_code: 0
