### render-review: host browser inspection
### commit: 70233c423b0747c99e1dca8b0928fc2d366126eb
### served: npm run serve -- --port 3103 (static build/ dir, NOT rebuilt)
### script: scratchpad/inspect.mjs (playwright 1.61.1 chromium, imported by absolute path)
### viewports: 1280x900 desktop, 360x740 narrow, 794x1123 emulateMedia(print) + A4 pdf
### started: 2026-09-19T03:51:59-05:00
engine: chromium 149.0.7827.0
MCQ desktop: {
 "item_count": 10,
 "per_item": [
  {
   "n": 1,
   "stem": "",
   "nested_lists": 1,
   "options": 4
  },
  {
   "n": 2,
   "stem": "",
   "nested_lists": 1,
   "options": 4
  },
  {
   "n": 3,
   "stem": "",
   "nested_lists": 1,
   "options": 4
  },
  {
   "n": 4,
   "stem": "",
   "nested_lists": 1,
   "options": 4
  },
  {
   "n": 5,
   "stem": "",
   "nested_lists": 1,
   "options": 4
  },
  {
   "n": 6,
   "stem": "",
   "nested_lists": 1,
   "options": 4
  },
  {
   "n": 7,
   "stem": "",
   "nested_lists": 1,
   "options": 4
  },
  {
   "n": 8,
   "stem": "",
   "nested_lists": 1,
   "options": 4
  },
  {
   "n": 9,
   "stem": "",
   "nested_lists": 1,
   "options": 4
  },
  {
   "n": 10,
   "stem": "",
   "nested_lists": 1,
   "options": 4
  }
 ],
 "total_options": 40,
 "next_sibling_tag": "H3",
 "next_sibling_text": "Restricted-response questions (RRQs)​"
}
MCQ narrow total_options: 40
overflow(narrow): index=0 topic-01=0 topic-02=0 topic-03=0 topic-04=0 topic-05=0 unit-assessment=0 unit-teacher-notes=0
skips: index=0 topic-01=0 topic-02=0 topic-03=0 topic-04=0 topic-05=0 unit-assessment=0 unit-teacher-notes=0
noAlt: index=0 topic-01=0 topic-02=0 topic-03=0 topic-04=0 topic-05=0 unit-assessment=0 unit-teacher-notes=0
badLinks: index=0 topic-01=0 topic-02=0 topic-03=0 topic-04=0 topic-05=0 unit-assessment=0 unit-teacher-notes=0
a4 wide: index=0 topic-01=0 topic-02=0 topic-03=0 topic-04=0 topic-05=0 unit-assessment=0 unit-teacher-notes=0
a4 hiddenFigs: index=0 topic-01=0 topic-02=0 topic-03=0 topic-04=0 topic-05=0 unit-assessment=0 unit-teacher-notes=0
answers print: {"wide_count":0,"wide":[],"hiddenFigs":0,"answers_heading":"Answers and marking guidance​","answers_visible":true}
figs per page: index=0 topic-01=2 topic-02=2 topic-03=2 topic-04=2 topic-05=2 unit-assessment=0 unit-teacher-notes=0
### exit_code: 0
### finished: 2026-09-19T03:52:26-05:00
