### EFMP-302 Unit 3 G3 run-004: source support verification
### commit 70233c423b0747c99e1dca8b0928fc2d366126eb
### Bound excerpts read in full; no network retrieval performed or needed.

furlich2016 -- RUN-003 FINDING 3 REPAIR: VERIFIED RESOLVED
  Bound excerpt: specs/content/efmp-302/sources/texts/furlich2016.md, provenance "verbatim
  abstract". Abstract names only "a small liberal arts university"; states no N, no country.
  All three prose sites re-read this run:
   - topic-04.mdx 118-119: "studied instructor immediacy and student motivation at a small
     liberal arts university" -- matches the abstract's own wording.
   - topic-04.mdx 120-121: "The published abstract gives neither a sample size nor a country,
     so treat both as unstated rather than small and American." -- an explicit, correct
     disclosure of exactly what the earlier draft over-claimed.
   - topic-04.mdx 207-208: now "comes from university students, not from schoolchildren"; the
     "United States" assertion is gone.
   - topic-04.mdx 253-258 Further reading: "a small liberal arts university, per the paper's
     own title. The abstract states no sample size and names no country."
  The "N=77" figure and the United States attribution appear nowhere in the unit
  (grep for "77 " and "United States" over docs/semester-1/efmp-302/unit-03/ returns no hit).
  Direction of the result (verbal significant, non-verbal not) is verbatim-supported.

goe2008 -- RUN-003 FINDING 1: REPAIRED AT THE AUTHORITATIVE LAYER, STALE RESIDUE REMAINS
  Bound excerpt specs/content/efmp-302/sources/texts/goe2008.md, "What this settles":
  "Does NOT support Unit 3 coverage row U3-08".
  REPAIRED: coverage/unit-03.md U3-08 is now `no-external-source` (both the main table and the
  Reinforcement table). topic-03.mdx 207-212 Further reading now scopes goe2008 to U3-07 and
  states "It does not address conflict handling, which this topic's de-escalation sequence sets
  out as a reasoned default rather than a sourced finding." U3-07 support is real: the bound
  excerpt carries "ways teachers impact classrooms, colleagues, schools, and communities".
  Prose at topic-03.mdx 77-120 carries no citation. No learner is misled.
  NOT REPAIRED: sources/unit-03.md line 34, goe2008 table row, Supports column, still reads
  "topic-03.mdx U3-08 (relationships beyond the classroom as a component)". It names U3-08, the
  mapping the bound excerpt refutes, and glosses it with U3-07's subject.

suarez2022 -- RUN-003 FINDING 4: DECLARATION REPAIRED, STALE RESIDUE REMAINS
  Bound record summary specs/content/efmp-302/sources/texts/suarez2022.md: "Nothing in it
  addresses the teacher as change agent or moral agent."
  REPAIRED: coverage/unit-03.md U3-12 is now `no-external-source`. The "## Unverifiable sources"
  entry is now definitive, not tentative: "This does NOT leave the U3-12 mapping open: the bound
  record summary ... establishes that the work proposes a teacher-professional-identity model and
  addresses neither the change agent nor the moral agent." It no longer understates what it
  leaves unchecked. topic-05.mdx 71-94 carries no citation.
  NOT REPAIRED: sources/unit-03.md line 40, suarez2022 table row, Supports column, still reads
  "topic-05.mdx U3-12, U3-13", contradicting the declaration three paragraphs above it.

sources/unit-03.md preamble, line 20 -- NEW DEFECT INTRODUCED BY THE REPAIR
  "No `no-external-source` row was needed for this unit." A `no-external-source` row now exists
  as the last row of the table in the same file. The statement is false as committed.

hurst2009 / brookfield2017 unverifiable declarations -- NEW BLOCKING DEFECT (missed by runs 1-3)
  Cross-checked ID sets against coverage/unit-03.md as committed at this commit:
    coverage rows grounded in hurst2009      : U3-03, U3-04, U3-05, U3-07 (+ U3-05 reinforcement)
    hurst2009 declaration (line 28) leaves   : U3-03, U3-04, U3-05, "part of U3-13"
      -> omits U3-07 ; claims U3-13, which the matrix grounds in suarez2022 and which
         hurst2009's own Supports cell does not list.
    coverage rows grounded in brookfield2017 : U3-06, U3-11 (+ U3-11 reinforcement)
    brookfield2017 declaration (line 29)     : U3-06, U3-07, "part of U3-13"
      -> omits U3-11 ; claims U3-07, which the matrix grounds in hurst2009.
  Net effect: U3-11 ("The teacher as facilitator and as researcher", topic-05.mdx 42-70) is
  grounded solely in a print-only source whose cited passages are unread, and NO entry under
  "## Unverifiable sources" discloses that. Under the G3 rubric's "Unavailable source text"
  paragraph this is "a declaration that understates what it leaves unchecked".
  The prose itself is unembellished: topic-05.mdx 42-70 attributes nothing to Brookfield, and
  the one Brookfield attribution in the file (line 101-104, the U3-13 life-long-learner passage)
  is modest and attributed. The defect is in the declaration, not in the prose.
  Run 003 recorded "the ID lists are accurate and omit nothing"; re-derived independently this
  run, that statement is incorrect, and the U3-07/U3-11 rows did not change between cf13570 and
  70233c4 (git diff confirms), so this was already true at run 003.
