### starting: npm run serve -- --port 4623
### render-inspect  GICT-300 Unit 6 (ur)
### route: /ur/semester-1/gict-300/unit-06  pages: 7  placed figures: 8
### host: http://127.0.0.1:4623   browser: chromium 149.0.7827.0
### started: 2026-09-24T04:03:41.127Z

===== A. DESKTOP 1280x900 =====

-- index: headings=5 imgs=0 visibleBroken=0 notServed=0 missingAlt=0 bareUrlLinks=0 vagueLinks=0 hOverflow=false
   heading order: no skipped levels

-- topic-01: headings=12 imgs=4 visibleBroken=0 notServed=0 missingAlt=0 bareUrlLinks=3 vagueLinks=0 hOverflow=false
   img /img/figures/gict-300/unit-06/fig-U6-1.ur.svg natural=249x150 shown=true loading=lazy alt="ویب کی ایک درخواست کے سفر کا خاکہ: براؤزر انٹرنیٹ کے پار صفحات مانگتا ہے، ویب سرور صفحات ر"
   img /img/figures/gict-300/unit-06/fig-U6-1.ur.dark.svg natural=0x0 shown=false loading=lazy alt="ویب کی ایک درخواست کے سفر کا خاکہ: براؤزر انٹرنیٹ کے پار صفحات مانگتا ہے، ویب سرور صفحات ر"
   img /img/figures/gict-300/unit-06/fig-U6-2.ur.svg natural=249x150 shown=true loading=lazy alt="پانچ آن لائن مواصلاتی اوزاروں کا جدول: ہر ایک کس کام کے لیے بہترین ہے، اور ایک جماعتی استع"
   img /img/figures/gict-300/unit-06/fig-U6-2.ur.dark.svg natural=0x0 shown=false loading=lazy alt="پانچ آن لائن مواصلاتی اوزاروں کا جدول: ہر ایک کس کام کے لیے بہترین ہے، اور ایک جماعتی استع"
   heading order: no skipped levels
   advisory bare-URL link text: https://open.umn.edu/opentextbooks/textbooks/infor | https://www.khanacademy.org/computing/computers-an | https://staysafeonline.org/

-- topic-02: headings=11 imgs=4 visibleBroken=0 notServed=0 missingAlt=0 bareUrlLinks=3 vagueLinks=0 hOverflow=false
   img /img/figures/gict-300/unit-06/fig-U6-3.ur.svg natural=249x150 shown=true loading=lazy alt="کسی ویب سائٹ کے جائزے کا فلو چارٹ: ڈومین پڑھیں، طے کریں کہ وہ اپنے دعوے سے ملتا ہے یا نہیں"
   img /img/figures/gict-300/unit-06/fig-U6-3.ur.dark.svg natural=0x0 shown=false loading=lazy alt="کسی ویب سائٹ کے جائزے کا فلو چارٹ: ڈومین پڑھیں، طے کریں کہ وہ اپنے دعوے سے ملتا ہے یا نہیں"
   img /img/figures/gict-300/unit-06/fig-U6-4.ur.svg natural=249x150 shown=true loading=lazy alt="پانچ محفوظ براؤزنگ جانچوں کا جدول: ہر ایک آپ کو کیا بتاتی ہے اور کیا نہیں بتاتی۔"
   img /img/figures/gict-300/unit-06/fig-U6-4.ur.dark.svg natural=0x0 shown=false loading=lazy alt="پانچ محفوظ براؤزنگ جانچوں کا جدول: ہر ایک آپ کو کیا بتاتی ہے اور کیا نہیں بتاتی۔"
   heading order: no skipped levels
   advisory bare-URL link text: https://staysafeonline.org/ | https://moitt.gov.pk/ | https://open.umn.edu/opentextbooks/textbooks/infor

-- topic-03: headings=12 imgs=4 visibleBroken=0 notServed=0 missingAlt=0 bareUrlLinks=3 vagueLinks=0 hOverflow=false
   img /img/figures/gict-300/unit-06/fig-U6-5.ur.svg natural=249x150 shown=true loading=lazy alt="تصوراتی نقشہ جس کے مرکز میں ابھرتی ٹیکنالوجیاں ہیں اور چار شاخیں: مصنوعی ذہانت، انٹرنیٹ آف"
   img /img/figures/gict-300/unit-06/fig-U6-5.ur.dark.svg natural=0x0 shown=false loading=lazy alt="تصوراتی نقشہ جس کے مرکز میں ابھرتی ٹیکنالوجیاں ہیں اور چار شاخیں: مصنوعی ذہانت، انٹرنیٹ آف"
   img /img/figures/gict-300/unit-06/fig-U6-6.ur.svg natural=249x150 shown=true loading=lazy alt="تعلیم میں مصنوعی ذہانت اور انٹرنیٹ آف تھنگز کے استعمال کا جدول: ہر ایک کا ایک اسکولی استعم"
   img /img/figures/gict-300/unit-06/fig-U6-6.ur.dark.svg natural=0x0 shown=false loading=lazy alt="تعلیم میں مصنوعی ذہانت اور انٹرنیٹ آف تھنگز کے استعمال کا جدول: ہر ایک کا ایک اسکولی استعم"
   heading order: no skipped levels
   advisory bare-URL link text: https://unesdoc.unesco.org/ark:/48223/pf0000376709 | https://open.umn.edu/opentextbooks/textbooks/infor | https://www.itu.int/rec/T-REC-Y.2060-201206-I

-- topic-04: headings=12 imgs=4 visibleBroken=0 notServed=0 missingAlt=0 bareUrlLinks=2 vagueLinks=0 hOverflow=false
   img /img/figures/gict-300/unit-06/fig-U6-7.ur.svg natural=249x150 shown=true loading=lazy alt="بلاک چین کا خاکہ بطور ریکارڈ کے چار جڑے ہوئے بلاکس، ہر بلاک پچھلے بلاک کی مہر اٹھائے ہوئے،"
   img /img/figures/gict-300/unit-06/fig-U6-7.ur.dark.svg natural=0x0 shown=false loading=lazy alt="بلاک چین کا خاکہ بطور ریکارڈ کے چار جڑے ہوئے بلاکس، ہر بلاک پچھلے بلاک کی مہر اٹھائے ہوئے،"
   img /img/figures/gict-300/unit-06/fig-U6-8.ur.svg natural=249x150 shown=true loading=lazy alt="ورچوئل ریئلٹی اور آگمنٹڈ ریئلٹی کا موازنہ کرنے والا جدول: ہر ایک کیا کرتی ہے، سیکھنے والے "
   img /img/figures/gict-300/unit-06/fig-U6-8.ur.dark.svg natural=0x0 shown=false loading=lazy alt="ورچوئل ریئلٹی اور آگمنٹڈ ریئلٹی کا موازنہ کرنے والا جدول: ہر ایک کیا کرتی ہے، سیکھنے والے "
   heading order: no skipped levels
   advisory bare-URL link text: https://doi.org/10.6028/NIST.IR.8202 | https://doi.org/10.1016/j.ssaho.2023.100532

-- unit-assessment: headings=10 imgs=0 visibleBroken=0 notServed=0 missingAlt=0 bareUrlLinks=0 vagueLinks=0 hOverflow=false
   heading order: no skipped levels

-- unit-teacher-notes: headings=6 imgs=0 visibleBroken=0 notServed=0 missingAlt=0 bareUrlLinks=0 vagueLinks=0 hOverflow=false
   heading order: no skipped levels

===== B. NARROW 360x780 =====

-- index: docHorizontalOverflow=0px tables=0 figures=0 spill=0

-- topic-01: docHorizontalOverflow=0px tables=0 figures=2 spill=0
   figure[0] .figure client=328 scroll=328 scroller=none
   figure[1] .figure client=328 scroll=328 scroller=none

-- topic-02: docHorizontalOverflow=0px tables=0 figures=2 spill=0
   figure[0] .figure client=328 scroll=328 scroller=none
   figure[1] .figure client=328 scroll=328 scroller=none

-- topic-03: docHorizontalOverflow=0px tables=0 figures=2 spill=0
   figure[0] .figure client=328 scroll=328 scroller=none
   figure[1] .figure client=328 scroll=328 scroller=none

-- topic-04: docHorizontalOverflow=0px tables=0 figures=2 spill=0
   figure[0] .figure client=328 scroll=328 scroller=none
   figure[1] .figure client=328 scroll=328 scroller=none

-- unit-assessment: docHorizontalOverflow=0px tables=0 figures=0 spill=0

-- unit-teacher-notes: docHorizontalOverflow=0px tables=0 figures=0 spill=0

===== C. A4 PRINT EMULATION (794px) =====

-- index @print: clippedElems=0 figureImgs=0 answerHeadings=[]

-- topic-01 @print: clippedElems=0 figureImgs=4 answerHeadings=[]
   printfig /img/figures/gict-300/unit-06/fig-U6-1.ur.svg w=762 right=778 fits
   printfig /img/figures/gict-300/unit-06/fig-U6-1.ur.dark.svg w=0 right=0 fits
   printfig /img/figures/gict-300/unit-06/fig-U6-2.ur.svg w=762 right=778 fits
   printfig /img/figures/gict-300/unit-06/fig-U6-2.ur.dark.svg w=0 right=0 fits

-- topic-02 @print: clippedElems=0 figureImgs=4 answerHeadings=[]
   printfig /img/figures/gict-300/unit-06/fig-U6-3.ur.svg w=762 right=778 fits
   printfig /img/figures/gict-300/unit-06/fig-U6-3.ur.dark.svg w=0 right=0 fits
   printfig /img/figures/gict-300/unit-06/fig-U6-4.ur.svg w=762 right=778 fits
   printfig /img/figures/gict-300/unit-06/fig-U6-4.ur.dark.svg w=0 right=0 fits

-- topic-03 @print: clippedElems=0 figureImgs=4 answerHeadings=[]
   printfig /img/figures/gict-300/unit-06/fig-U6-5.ur.svg w=762 right=778 fits
   printfig /img/figures/gict-300/unit-06/fig-U6-5.ur.dark.svg w=0 right=0 fits
   printfig /img/figures/gict-300/unit-06/fig-U6-6.ur.svg w=762 right=778 fits
   printfig /img/figures/gict-300/unit-06/fig-U6-6.ur.dark.svg w=0 right=0 fits

-- topic-04 @print: clippedElems=0 figureImgs=4 answerHeadings=[]
   printfig /img/figures/gict-300/unit-06/fig-U6-7.ur.svg w=762 right=778 fits
   printfig /img/figures/gict-300/unit-06/fig-U6-7.ur.dark.svg w=0 right=0 fits
   printfig /img/figures/gict-300/unit-06/fig-U6-8.ur.svg w=762 right=778 fits
   printfig /img/figures/gict-300/unit-06/fig-U6-8.ur.dark.svg w=0 right=0 fits

-- unit-assessment @print: clippedElems=0 figureImgs=0 answerHeadings=["محدود جوابی سوالات (RRQs)​","تفصیلی جوابی سوالات (ERQs)​","جوابات اور نمبر دہی کی رہنمائی​","MCQ جوابی کلید​","RRQ نمونہ جوابات اور نمبر دہی کے خاکے​","ERQ روبرک​"]

-- unit-teacher-notes @print: clippedElems=0 figureImgs=0 answerHeadings=[]

===== D. SVG TEXT GEOMETRY =====
   fig-U6-1.ur [diagram] viewBox=780x470 texts=16 wordmark@x=12 -> clean
   fig-U6-1.ur.dark [diagram] viewBox=780x470 texts=16 wordmark@x=12 -> clean
   fig-U6-2.ur [table] viewBox=780x470 texts=25 wordmark@x=12 -> clean
   fig-U6-2.ur.dark [table] viewBox=780x470 texts=25 wordmark@x=12 -> clean
   fig-U6-3.ur [flowchart] viewBox=780x470 texts=18 wordmark@x=12 -> clean
   fig-U6-3.ur.dark [flowchart] viewBox=780x470 texts=18 wordmark@x=12 -> clean
   fig-U6-4.ur [table] viewBox=780x470 texts=24 wordmark@x=12 -> clean
   fig-U6-4.ur.dark [table] viewBox=780x470 texts=24 wordmark@x=12 -> clean
   fig-U6-5.ur [concept-map] viewBox=780x470 texts=18 wordmark@x=12 -> clean
   fig-U6-5.ur.dark [concept-map] viewBox=780x470 texts=18 wordmark@x=12 -> clean
   fig-U6-6.ur [table] viewBox=780x470 texts=26 wordmark@x=12 -> clean
   fig-U6-6.ur.dark [table] viewBox=780x470 texts=26 wordmark@x=12 -> clean
   fig-U6-7.ur [diagram] viewBox=780x470 texts=23 wordmark@x=12 -> clean
   fig-U6-7.ur.dark [diagram] viewBox=780x470 texts=23 wordmark@x=12 -> clean
   fig-U6-8.ur [table] viewBox=780x470 texts=25 wordmark@x=12 -> clean
   fig-U6-8.ur.dark [table] viewBox=780x470 texts=25 wordmark@x=12 -> clean

### finished: 2026-09-24T04:04:22.127Z
### defects: 0
### exit_code: 0
