# render-review (print): Playwright chromium, print media emulated at the A4 printable content width (680 CSS px = 180mm at 96dpi)
# host: http://localhost:3105 static build/ at HEAD ac13c5c3ca603ed07c649dc0e82c619189279265
# started_at: 2026-09-18T20:56:32Z
# ---
browser: 149.0.7827.0 | A4 printable content width emulated at 680 CSS px
index: pageOverflowsA4=false docScrollW=680 overflowingEls=0 clippedCells=0
topic-01: pageOverflowsA4=false docScrollW=680 overflowingEls=0 clippedCells=0
topic-02: pageOverflowsA4=false docScrollW=680 overflowingEls=0 clippedCells=0
topic-03: pageOverflowsA4=false docScrollW=680 overflowingEls=0 clippedCells=0
topic-04: pageOverflowsA4=false docScrollW=680 overflowingEls=0 clippedCells=0
unit-assessment: pageOverflowsA4=false docScrollW=680 overflowingEls=0 clippedCells=0
unit-teacher-notes: pageOverflowsA4=false docScrollW=680 overflowingEls=0 clippedCells=0

===== PRINT A4 JSON =====
{
 "index": {
  "docScrollW": 680,
  "viewportW": 680,
  "pageOverflowsA4": false,
  "overflowing": [],
  "cellClip": []
 },
 "topic-01": {
  "docScrollW": 680,
  "viewportW": 680,
  "pageOverflowsA4": false,
  "overflowing": [],
  "cellClip": []
 },
 "topic-02": {
  "docScrollW": 680,
  "viewportW": 680,
  "pageOverflowsA4": false,
  "overflowing": [],
  "cellClip": []
 },
 "topic-03": {
  "docScrollW": 680,
  "viewportW": 680,
  "pageOverflowsA4": false,
  "overflowing": [],
  "cellClip": []
 },
 "topic-04": {
  "docScrollW": 680,
  "viewportW": 680,
  "pageOverflowsA4": false,
  "overflowing": [],
  "cellClip": []
 },
 "unit-assessment": {
  "docScrollW": 680,
  "viewportW": 680,
  "pageOverflowsA4": false,
  "overflowing": [],
  "cellClip": []
 },
 "unit-teacher-notes": {
  "docScrollW": 680,
  "viewportW": 680,
  "pageOverflowsA4": false,
  "overflowing": [],
  "cellClip": []
 }
}
# ---
# exit_code: 0
# finished_at: 2026-09-18T20:56:48Z
