✓ static/img/figures/gnas-301/unit-03/fig-U3-1.dark.svg (780x470, widest text ends at 768.4, wordmark at 675.7)
✓ static/img/figures/gnas-301/unit-03/fig-U3-1.svg (780x470, widest text ends at 768.4, wordmark at 675.7)
✓ static/img/figures/gnas-301/unit-03/fig-U3-1.ur.dark.svg (780x470, widest text ends at 736, wordmark at 12)
✓ static/img/figures/gnas-301/unit-03/fig-U3-1.ur.svg (780x470, widest text ends at 736, wordmark at 12)
✓ static/img/figures/gnas-301/unit-03/fig-U3-2.dark.svg (780x470, widest text ends at 780, wordmark at 675.7)
✓ static/img/figures/gnas-301/unit-03/fig-U3-2.svg (780x470, widest text ends at 780, wordmark at 675.7)
✓ static/img/figures/gnas-301/unit-03/fig-U3-2.ur.dark.svg (780x470, widest text ends at 740.7, wordmark at 12)
✓ static/img/figures/gnas-301/unit-03/fig-U3-2.ur.svg (780x470, widest text ends at 740.7, wordmark at 12)
✓ static/img/figures/gnas-301/unit-03/fig-U3-3.dark.svg (780x470, widest text ends at 777.7, wordmark at 675.7)
✓ static/img/figures/gnas-301/unit-03/fig-U3-3.svg (780x470, widest text ends at 777.7, wordmark at 675.7)
✓ static/img/figures/gnas-301/unit-03/fig-U3-3.ur.dark.svg (780x470, widest text ends at 700.6, wordmark at 12)
✓ static/img/figures/gnas-301/unit-03/fig-U3-3.ur.svg (780x470, widest text ends at 700.6, wordmark at 12)
✓ static/img/figures/gnas-301/unit-03/fig-U3-4.dark.svg (780x470, widest text ends at 768.4, wordmark at 675.7)
✓ static/img/figures/gnas-301/unit-03/fig-U3-4.svg (780x470, widest text ends at 768.4, wordmark at 675.7)
✓ static/img/figures/gnas-301/unit-03/fig-U3-4.ur.dark.svg (780x470, widest text ends at 740, wordmark at 12)
✓ static/img/figures/gnas-301/unit-03/fig-U3-4.ur.svg (780x470, widest text ends at 740, wordmark at 12)
✓ static/img/figures/gnas-301/unit-03/fig-U3-5.dark.svg (780x470, widest text ends at 768.4, wordmark at 675.7)
✓ static/img/figures/gnas-301/unit-03/fig-U3-5.svg (780x470, widest text ends at 768.4, wordmark at 675.7)
✓ static/img/figures/gnas-301/unit-03/fig-U3-5.ur.dark.svg (780x470, widest text ends at 759.6, wordmark at 12)
✓ static/img/figures/gnas-301/unit-03/fig-U3-5.ur.svg (780x470, widest text ends at 759.6, wordmark at 12)
✓ static/img/figures/gnas-301/unit-03/fig-U3-6.dark.svg (780x470, widest text ends at 771, wordmark at 675.7)
✓ static/img/figures/gnas-301/unit-03/fig-U3-6.svg (780x470, widest text ends at 771, wordmark at 675.7)
✓ static/img/figures/gnas-301/unit-03/fig-U3-6.ur.dark.svg (780x470, widest text ends at 740.5, wordmark at 12)
✓ static/img/figures/gnas-301/unit-03/fig-U3-6.ur.svg (780x470, widest text ends at 740.5, wordmark at 12)
✓ static/img/figures/gnas-301/unit-03/fig-U3-7.dark.svg (780x470, widest text ends at 768.4, wordmark at 675.7)
✓ static/img/figures/gnas-301/unit-03/fig-U3-7.svg (780x470, widest text ends at 768.4, wordmark at 675.7)
✓ static/img/figures/gnas-301/unit-03/fig-U3-7.ur.dark.svg (780x470, widest text ends at 713, wordmark at 12)
✓ static/img/figures/gnas-301/unit-03/fig-U3-7.ur.svg (780x470, widest text ends at 713, wordmark at 12)
✓ static/img/figures/gnas-301/unit-03/fig-U3-8.dark.svg (780x470, widest text ends at 768.4, wordmark at 675.7)
✓ static/img/figures/gnas-301/unit-03/fig-U3-8.svg (780x470, widest text ends at 768.4, wordmark at 675.7)
✓ static/img/figures/gnas-301/unit-03/fig-U3-8.ur.dark.svg (780x470, widest text ends at 740.5, wordmark at 12)
✓ static/img/figures/gnas-301/unit-03/fig-U3-8.ur.svg (780x470, widest text ends at 740.5, wordmark at 12)
