G3 render-review - GNAS-301 Unit 3 - actual host browser/print inspection record
Date: 2026-09-23 (22:24-22:33 UTC)
Host: local worktree agent-a8eefd2fc607a93b9 (Linux 6.17.0-1020-oracle, 2-core)
Browser: Playwright 1.61.1 chromium (ms-playwright chromium-1228), headless
Site: `npm run build` (fresh; build/ was stale at 16:21 vs unit sources 16:24, so rebuilt
first - see logs/build.log, EXIT 0), served by `npx docusaurus serve --port 4611`
(logs/serve.log). Rendered input identity: worktree HEAD b1597b0, unit-03 files matching
the prepared manifest (all 104 input digests verified before review).

Pages inspected (7): index, topic-01..04, unit-assessment, unit-teacher-notes under
/semester-1/gnas-301/unit-03/.

Viewports: desktop 1280x900 (screenshots renders/desktop-*.png), narrow 360x780
(renders/narrow360-*.png), A4 print emulation 794x1123 with media=print
(renders/print-a4-*.pdf via page.pdf, printview-*.png full-page print-media screenshots,
print-check.json measurements).

Scripts: renders/render-inspect.mjs (first pass: headings, alt, broken images, console
errors, doc overflow, table geometry measured on the <table> element itself per the G3
rubric, figure fit, lazy-load forcing), renders/figure-pixel-check.mjs (figure element
shots + sharp pixel stdev proving non-blank render + SVG label extraction),
renders/print-check.mjs (print-media clipping, chrome hiding, figure fit, answers-section
presence). Raw outputs: renders/render-inspect.json, renders/figure-pixel-check.json,
renders/print-check.json; console transcripts in logs/render-inspect.log,
logs/figure-pixel-check.log, logs/print-check.log.

Findings recorded in the report (accessibility criterion):
- 0 broken images, 0 images without alt, 0 skipped heading levels, 1 h1 per page,
  0 console errors, 0 links without text, no document horizontal overflow at 360px
  (docScrollWidth 360/360) on all 7 pages.
- 8 figures across 4 topics: all lazy-loaded images loaded (naturalWidth>0) with alt text
  81-169 chars and figcaption present. Wordmark-only captions are the course convention
  (no unit in docs/semester-1 or licence/ passes a caption prop; SVG titles carry the
  figure heading, e.g. "The air pollution chain, and where controls act").
- Content tables (topic mini-rubrics) measured on the table element: clientWidth=328,
  scrollWidth=328 (fits) on every topic at 360px, so no swipe scrolling is required and
  hydration tabindex/role/aria-label are not needed (not scroll containers).
- Figures fit at 360px (right edge 344 of 360; wrapper overflow-x visible).
- Print emulation: no horizontal clipping (docScrollWidth=794 on all 7 pages), navbar and
  sidebar display:none, all 8 figures fit width and loaded, answers section present at
  y=2682 with content ending y=4528 (nothing clipped) in unit-assessment.
- node scripts/measure-figure-text.mjs over all 32 committed unit-03 SVGs (light, dark,
  ur, ur.dark): no text overflow of the 780x470 viewBox, no wordmark collision
  (logs/measure-figure-text-all.log, EXIT 0). Note fig-U3-2 widest text ends exactly at
  the 780 viewBox edge - within bounds.
- Figure element screenshots have pixel stdev 34.7-50.5 per channel (non-blank); SVG label
  extraction confirms each figure carries its instructional labels (see
  renders/figure-pixel-check.json svgLabels).

EXIT CODE: 0 (inspection completed; all checks recorded above ran to completion)
