### render-inspect  GNAS-301 Unit 2 (G3 fresh attempt)
### host: http://127.0.0.1:4604   browser: chromium 149.0.7827.0
### route: /semester-1/gnas-301/unit-02  pages: 6
### started: 2026-09-23T20:58:59.919Z

===== A. DESKTOP 1280x900 =====

-- index: headings=5 imgs=0 visibleBroken=0 missingAlt=0 bareUrlLinks=0 vagueLinks=0 docHOverflow=0px
   heading order: no skipped levels
-- topic-01: headings=11 imgs=4 visibleBroken=0 missingAlt=0 bareUrlLinks=3 vagueLinks=0 docHOverflow=0px
   img /img/figures/gnas-301/unit-02/fig-U2-1.svg natural=249x150 shown=true loading=lazy alt="Diagram of global water distribution as 100 droplets, 97 salt water, 2"
   img /img/figures/gnas-301/unit-02/fig-U2-1.dark.svg natural=0x0 shown=false loading=lazy alt="Diagram of global water distribution as 100 droplets, 97 salt water, 2"
   img /img/figures/gnas-301/unit-02/fig-U2-2.svg natural=249x150 shown=true loading=lazy alt="Table of Pakistan's four water resources, the Indus system, glaciers a"
   img /img/figures/gnas-301/unit-02/fig-U2-2.dark.svg natural=0x0 shown=false loading=lazy alt="Table of Pakistan's four water resources, the Indus system, glaciers a"
   heading order: no skipped levels
   advisory bare-URL link text: https://doi.org/10.5194/hess-14-1669-2010 | https://doi.org/10.46660/ijeeg.Vol13.Iss2.2022.705 | https://www.who.int/news-room/fact-sheets/detail/drinking-water
-- topic-02: headings=12 imgs=4 visibleBroken=0 missingAlt=0 bareUrlLinks=2 vagueLinks=0 docHOverflow=0px
   img /img/figures/gnas-301/unit-02/fig-U2-3.svg natural=249x150 shown=true loading=lazy alt="Flowchart of the water pollution pathway from source through pathway t"
   img /img/figures/gnas-301/unit-02/fig-U2-3.dark.svg natural=0x0 shown=false loading=lazy alt="Flowchart of the water pollution pathway from source through pathway t"
   img /img/figures/gnas-301/unit-02/fig-U2-4.svg natural=249x150 shown=true loading=lazy alt="Table of five water pollutant types with usual source, impact and one "
   img /img/figures/gnas-301/unit-02/fig-U2-4.dark.svg natural=0x0 shown=false loading=lazy alt="Table of five water pollutant types with usual source, impact and one "
   heading order: no skipped levels
   advisory bare-URL link text: https://www.who.int/news-room/fact-sheets/detail/drinking-water | https://www.who.int/news-room/fact-sheets/detail/sanitation
-- topic-03: headings=12 imgs=4 visibleBroken=0 missingAlt=0 bareUrlLinks=2 vagueLinks=0 docHOverflow=0px
   img /img/figures/gnas-301/unit-02/fig-U2-5.svg natural=249x150 shown=true loading=lazy alt="Flowchart of the waste hierarchy as a descending staircase, reduce, re"
   img /img/figures/gnas-301/unit-02/fig-U2-5.dark.svg natural=0x0 shown=false loading=lazy alt="Flowchart of the waste hierarchy as a descending staircase, reduce, re"
   img /img/figures/gnas-301/unit-02/fig-U2-6.svg natural=249x150 shown=true loading=lazy alt="Table comparing hospital clinical waste and industrial hazardous waste"
   img /img/figures/gnas-301/unit-02/fig-U2-6.dark.svg natural=0x0 shown=false loading=lazy alt="Table comparing hospital clinical waste and industrial hazardous waste"
   heading order: no skipped levels
   advisory bare-URL link text: https://doi.org/10.1186/s13021-026-00403-x | https://www.who.int/news-room/fact-sheets/detail/sanitation
-- unit-assessment: headings=10 imgs=0 visibleBroken=0 missingAlt=0 bareUrlLinks=0 vagueLinks=0 docHOverflow=0px
   heading order: no skipped levels
-- unit-teacher-notes: headings=6 imgs=0 visibleBroken=0 missingAlt=0 bareUrlLinks=0 vagueLinks=0 docHOverflow=0px
   heading order: no skipped levels

===== B. NARROW 360x780 =====

-- index: docHorizontalOverflow=0px tables=0 figures=0 spill=0
-- topic-01: docHorizontalOverflow=0px tables=1 figures=2 spill=0
   table[0] client=328 scroll=328 fits=true overflowX=auto display=block lastHeader="What a strong response does"
      keyboard attrs: tabindex=null role=null aria-label="null" data-scrollable=null
   figure[0] figure client=328 scroll=328 scroller=visible fits=true
   figure[1] figure client=328 scroll=328 scroller=visible fits=true
-- topic-02: docHorizontalOverflow=0px tables=1 figures=2 spill=0
   table[0] client=328 scroll=328 fits=true overflowX=auto display=block lastHeader="What a strong response does"
      keyboard attrs: tabindex=null role=null aria-label="null" data-scrollable=null
   figure[0] figure client=328 scroll=328 scroller=visible fits=true
   figure[1] figure client=328 scroll=328 scroller=visible fits=true
-- topic-03: docHorizontalOverflow=0px tables=1 figures=2 spill=0
   table[0] client=328 scroll=328 fits=true overflowX=auto display=block lastHeader="What a strong response does"
      keyboard attrs: tabindex=null role=null aria-label="null" data-scrollable=null
   figure[0] figure client=328 scroll=328 scroller=visible fits=true
   figure[1] figure client=328 scroll=328 scroller=visible fits=true
-- unit-assessment: docHorizontalOverflow=0px tables=0 figures=0 spill=0
-- unit-teacher-notes: docHorizontalOverflow=0px tables=0 figures=0 spill=0

===== C. PRINT A4 (emulated media, page.pdf) =====

-- index: print-a4-index.pdf generated
-- topic-01: print-a4-topic-01.pdf generated
-- topic-02: print-a4-topic-02.pdf generated
-- topic-03: print-a4-topic-03.pdf generated
-- unit-assessment: print-a4-unit-assessment.pdf generated
-- unit-teacher-notes: print-a4-unit-teacher-notes.pdf generated

### completed: 2026-09-23T20:59:56.587Z
### defects: 0

### command: node /tmp/g3-render-inspect.mjs (desktop 1280x900, narrow 360x780, A4 print via page.pdf; served build at http://127.0.0.1:4604, docusaurus serve --dir build of this worktree, rebuilt 2026-09-23)
### EXIT_CODE=0
