# Readability analysis - EFMP-302 Unit 3, G3 run005
# Prose only: front matter, imports, Figure/Glossary tags, tables, headings, list markers stripped.

index.mdx                sentences=  28 mean= 21.1 median= 22.5 max= 42  >30w=  3 (11%)  >40w=1
      [42w] Unit 2 supplies the ethical obligations that constrain what "effective" is permitted to mean, and that constraint runs through this whole unit: a meth
topic-01.mdx             sentences= 117 mean= 14.5 median= 13.0 max= 42  >30w=  9 (8%)  >40w=1
      [42w] Taylor and Thion (2023) put a sharper point, though note what they studied: reviewing the research literature on teaching effectiveness, they found ma
topic-02.mdx             sentences= 118 mean= 16.9 median= 16.0 max= 41  >30w= 11 (9%)  >40w=1
      [41w] Your case must show the same trait producing good practice earlier and harm later, identify what was missing that would have balanced it, and say what
topic-03.mdx             sentences=  98 mean= 16.5 median= 14.0 max= 70  >30w=  8 (8%)  >40w=3
      [70w] (Understand) Name the four decision points in the de-escalation sequence, in order, and say what each one    protects.
      [64w] Do not defend a colleague reflexively, and do not sacrifice one either.
      [44w] Analyse what that costs beyond the immediate error.
topic-04.mdx             sentences= 125 mean= 16.8 median= 15.0 max= 62  >30w= 12 (10%)  >40w=3
      [62w] Reassurance is not a verbal act.
      [51w] Whether that is a general law or a strong regularity is exactly what the previous section said is unestablished, but you do not need the general law t
      [42w] It is worth acting on, because the cost of acting on it is low and the cost of ignoring it is a class that does not believe you.
topic-05.mdx             sentences=  91 mean= 16.9 median= 16.0 max= 43  >30w=  8 (9%)  >40w=3
      [43w] Moral agent.
      [43w] He kept the approach anyway, but changed how the pairs report back, because what the comparison actually showed him was that the pupils who struggled 
      [41w] Mr Imran kept last year's marks.
unit-assessment.mdx      sentences=  74 mean= 25.7 median= 20.0 max=299  >30w= 13 (18%)  >40w=8
      [299w] (Remember) a) Contribution to colleagues b) Explanation and questioning c) Use of assessment d) Classroom climate A teacher's attitude toward the prof
      [73w] This is chiefly the role of: (Apply) a) researcher b) facilitator c) change agent d) moral agent The five evolving roles are best understood as: (Unde
      [52w] 4.
unit-teacher-notes.mdx   sentences=  54 mean= 16.7 median= 17.0 max= 32  >30w=  1 (2%)  >40w=0

# Glossary-wrapped terms in the unit
<Glossary term="Verbal Communication"
<Glossary term="Non-verbal Communication"
<Glossary term="Teacher Effectiveness"

