### starting: npm run serve -- --port 4603
### render-inspect  GICT-300 Unit 5
### route: /semester-1/gict-300/unit-05  pages: 6  placed figures: 6
### host: http://127.0.0.1:4603   browser: chromium 149.0.7827.0
### started: 2026-09-24T02:14:52.575Z

===== A. DESKTOP 1280x900 =====

-- index: headings=5 imgs=0 visibleBroken=0 notServed=0 missingAlt=0 bareUrlLinks=0 vagueLinks=0 hOverflow=false
   heading order: no skipped levels

-- topic-01: headings=11 imgs=4 visibleBroken=0 notServed=0 missingAlt=0 bareUrlLinks=3 vagueLinks=0 hOverflow=false
   img /img/figures/gict-300/unit-05/fig-U5-1.svg natural=249x150 shown=true loading=lazy alt="Concept map with digital citizenship at the centre and three branches - respect, educate a"
   img /img/figures/gict-300/unit-05/fig-U5-1.dark.svg natural=0x0 shown=false loading=lazy alt="Concept map with digital citizenship at the centre and three branches - respect, educate a"
   img /img/figures/gict-300/unit-05/fig-U5-2.svg natural=249x150 shown=true loading=lazy alt="Table of five digital citizen rights, each with its matching responsibility and one classr"
   img /img/figures/gict-300/unit-05/fig-U5-2.dark.svg natural=0x0 shown=false loading=lazy alt="Table of five digital citizen rights, each with its matching responsibility and one classr"
   heading order: no skipped levels
   advisory bare-URL link text: https://doi.org/10.2760/115376 | https://www.commonsense.org/education/digital-citi | https://hec.gov.pk/english/services/universities/P

-- topic-02: headings=11 imgs=4 visibleBroken=0 notServed=0 missingAlt=0 bareUrlLinks=3 vagueLinks=0 hOverflow=false
   img /img/figures/gict-300/unit-05/fig-U5-3.svg natural=249x150 shown=true loading=lazy alt="Table of six situations with the netiquette rule for each and why it matters."
   img /img/figures/gict-300/unit-05/fig-U5-3.dark.svg natural=0x0 shown=false loading=lazy alt="Table of six situations with the netiquette rule for each and why it matters."
   img /img/figures/gict-300/unit-05/fig-U5-4.svg natural=249x150 shown=true loading=lazy alt="A triangle diagram with three labelled corners - the reader, the purpose and the context -"
   img /img/figures/gict-300/unit-05/fig-U5-4.dark.svg natural=0x0 shown=false loading=lazy alt="A triangle diagram with three labelled corners - the reader, the purpose and the context -"
   heading order: no skipped levels
   advisory bare-URL link text: https://www.commonsense.org/education/digital-citi | https://staysafeonline.org/ | https://hec.gov.pk/english/services/universities/P

-- topic-03: headings=12 imgs=4 visibleBroken=0 notServed=0 missingAlt=0 bareUrlLinks=4 vagueLinks=0 hOverflow=false
   img /img/figures/gict-300/unit-05/fig-U5-5.svg natural=249x150 shown=true loading=lazy alt="Flowchart of the safe-assignment workflow: note in your own words, compare with the source"
   img /img/figures/gict-300/unit-05/fig-U5-5.dark.svg natural=0x0 shown=false loading=lazy alt="Flowchart of the safe-assignment workflow: note in your own words, compare with the source"
   img /img/figures/gict-300/unit-05/fig-U5-6.svg natural=249x150 shown=true loading=lazy alt="Table of five cases of using sources, each marked plagiarism or fine, with the reason why."
   img /img/figures/gict-300/unit-05/fig-U5-6.dark.svg natural=0x0 shown=false loading=lazy alt="Table of five cases of using sources, each marked plagiarism or fine, with the reason why."
   heading order: no skipped levels
   advisory bare-URL link text: https://open.umn.edu/opentextbooks/textbooks/infor | https://owl.purdue.edu/owl/avoiding_plagiarism/ind | https://www.wipo.int/about-ip/en/ | https://doi.org/10.1371/journal.pone.0202252

-- unit-assessment: headings=10 imgs=0 visibleBroken=0 notServed=0 missingAlt=0 bareUrlLinks=0 vagueLinks=0 hOverflow=false
   heading order: no skipped levels

-- unit-teacher-notes: headings=6 imgs=0 visibleBroken=0 notServed=0 missingAlt=0 bareUrlLinks=0 vagueLinks=0 hOverflow=false
   heading order: no skipped levels

===== B. NARROW 360x780 =====

-- index: docHorizontalOverflow=0px tables=0 figures=0 spill=0

-- topic-01: docHorizontalOverflow=0px tables=0 figures=2 spill=0
   figure[0] .figure client=328 scroll=328 scroller=none
   figure[1] .figure client=328 scroll=328 scroller=none

-- topic-02: docHorizontalOverflow=0px tables=0 figures=2 spill=0
   figure[0] .figure client=328 scroll=328 scroller=none
   figure[1] .figure client=328 scroll=328 scroller=none

-- topic-03: docHorizontalOverflow=0px tables=0 figures=2 spill=0
   figure[0] .figure client=328 scroll=328 scroller=none
   figure[1] .figure client=328 scroll=328 scroller=none

-- unit-assessment: docHorizontalOverflow=0px tables=0 figures=0 spill=0

-- unit-teacher-notes: docHorizontalOverflow=0px tables=0 figures=0 spill=0

===== C. A4 PRINT EMULATION (794px) =====

-- index @print: clippedElems=0 figureImgs=0 answerHeadings=[]

-- topic-01 @print: clippedElems=0 figureImgs=4 answerHeadings=[]
   printfig /img/figures/gict-300/unit-05/fig-U5-1.svg w=762 right=778 fits
   printfig /img/figures/gict-300/unit-05/fig-U5-1.dark.svg w=0 right=0 fits
   printfig /img/figures/gict-300/unit-05/fig-U5-2.svg w=762 right=778 fits
   printfig /img/figures/gict-300/unit-05/fig-U5-2.dark.svg w=0 right=0 fits

-- topic-02 @print: clippedElems=0 figureImgs=4 answerHeadings=[]
   printfig /img/figures/gict-300/unit-05/fig-U5-3.svg w=762 right=778 fits
   printfig /img/figures/gict-300/unit-05/fig-U5-3.dark.svg w=0 right=0 fits
   printfig /img/figures/gict-300/unit-05/fig-U5-4.svg w=762 right=778 fits
   printfig /img/figures/gict-300/unit-05/fig-U5-4.dark.svg w=0 right=0 fits

-- topic-03 @print: clippedElems=0 figureImgs=4 answerHeadings=[]
   printfig /img/figures/gict-300/unit-05/fig-U5-5.svg w=762 right=778 fits
   printfig /img/figures/gict-300/unit-05/fig-U5-5.dark.svg w=0 right=0 fits
   printfig /img/figures/gict-300/unit-05/fig-U5-6.svg w=762 right=778 fits
   printfig /img/figures/gict-300/unit-05/fig-U5-6.dark.svg w=0 right=0 fits

-- unit-assessment @print: clippedElems=0 figureImgs=0 answerHeadings=["Answers and marking guidance​","MCQ answer key​","RRQ model answers and mark schemes​","ERQ rubrics​"]

-- unit-teacher-notes @print: clippedElems=0 figureImgs=0 answerHeadings=[]

===== D. SVG TEXT GEOMETRY =====
   fig-U5-1.light [concept-map] viewBox=780x470 texts=16 wordmark@x=675.7 -> clean
   fig-U5-1.dark [concept-map] viewBox=780x470 texts=16 wordmark@x=675.7 -> clean
   fig-U5-2.light [table] viewBox=780x470 texts=30 wordmark@x=675.7 -> clean
   fig-U5-2.dark [table] viewBox=780x470 texts=30 wordmark@x=675.7 -> clean
   fig-U5-3.light [table] viewBox=780x470 texts=33 wordmark@x=675.7 -> clean
   fig-U5-3.dark [table] viewBox=780x470 texts=33 wordmark@x=675.7 -> clean
   fig-U5-4.light [diagram] viewBox=780x470 texts=12 wordmark@x=675.7 -> clean
   fig-U5-4.dark [diagram] viewBox=780x470 texts=12 wordmark@x=675.7 -> clean
   fig-U5-5.light [flowchart] viewBox=780x470 texts=17 wordmark@x=675.7 -> clean
   fig-U5-5.dark [flowchart] viewBox=780x470 texts=17 wordmark@x=675.7 -> clean
   fig-U5-6.light [table] viewBox=780x470 texts=30 wordmark@x=675.7 -> clean
   fig-U5-6.dark [table] viewBox=780x470 texts=30 wordmark@x=675.7 -> clean

### finished: 2026-09-24T02:15:22.753Z
### defects: 0
### exit_code: 0
