### starting: npm run serve -- --port 4599
### render-inspect  EFMP-302 Unit 6
### route: /semester-1/efmp-302/unit-06  pages: 7  placed figures: 8
### host: http://127.0.0.1:4599   browser: chromium 149.0.7827.0
### started: 2026-09-24T17:41:14.029Z

===== A. DESKTOP 1280x900 =====

-- index: headings=5 imgs=0 visibleBroken=0 notServed=0 missingAlt=0 bareUrlLinks=0 vagueLinks=0 hOverflow=false
   heading order: no skipped levels

-- topic-01: headings=13 imgs=4 visibleBroken=0 notServed=0 missingAlt=0 bareUrlLinks=2 vagueLinks=0 hOverflow=false
   img /img/figures/efmp-302/unit-06/fig-U6-1.svg natural=300x133 shown=true loading=lazy alt="Table comparing continuing professional development with a training course, a qualificatio"
   img /img/figures/efmp-302/unit-06/fig-U6-1.dark.svg natural=0x0 shown=false loading=lazy alt="Table comparing continuing professional development with a training course, a qualificatio"
   img /img/figures/efmp-302/unit-06/fig-U6-2.svg natural=295x150 shown=true loading=lazy alt="Concept map of development that changes practice with six branches - sustained, embedded, "
   img /img/figures/efmp-302/unit-06/fig-U6-2.dark.svg natural=0x0 shown=false loading=lazy alt="Concept map of development that changes practice with six branches - sustained, embedded, "
   heading order: no skipped levels
   advisory bare-URL link text: https://unesdoc.unesco.org/ark:/48223/pf0000133010 | https://doi.org/10.1016/S0742-051X(02)00101-4

-- topic-02: headings=13 imgs=4 visibleBroken=0 notServed=0 missingAlt=0 bareUrlLinks=1 vagueLinks=0 hOverflow=false
   img /img/figures/efmp-302/unit-06/fig-U6-3.svg natural=300x133 shown=true loading=lazy alt="Timeline of a teaching career across the preservice, new teacher and experienced teacher s"
   img /img/figures/efmp-302/unit-06/fig-U6-3.dark.svg natural=0x0 shown=false loading=lazy alt="Timeline of a teaching career across the preservice, new teacher and experienced teacher s"
   img /img/figures/efmp-302/unit-06/fig-U6-4.svg natural=300x117 shown=true loading=lazy alt="Table of the preservice, new teacher and experienced teacher stages showing the characteri"
   img /img/figures/efmp-302/unit-06/fig-U6-4.dark.svg natural=0x0 shown=false loading=lazy alt="Table of the preservice, new teacher and experienced teacher stages showing the characteri"
   heading order: no skipped levels
   advisory bare-URL link text: https://unesdoc.unesco.org/ark:/48223/pf0000133010

-- topic-03: headings=15 imgs=4 visibleBroken=1 notServed=0 missingAlt=0 bareUrlLinks=2 vagueLinks=0 hOverflow=false
   img /img/figures/efmp-302/unit-06/fig-U6-5.svg natural=300x128 shown=true loading=lazy alt="Table comparing conferences, workshops, online platforms, professional learning communitie"
   img /img/figures/efmp-302/unit-06/fig-U6-5.dark.svg natural=0x0 shown=false loading=lazy alt="Table comparing conferences, workshops, online platforms, professional learning communitie"
   img /img/figures/efmp-302/unit-06/fig-U6-6.svg natural=0x0 shown=true loading=lazy alt="Flowchart of the lesson study cycle - plan together, one teaches while others observe the "
   img /img/figures/efmp-302/unit-06/fig-U6-6.dark.svg natural=0x0 shown=false loading=lazy alt="Flowchart of the lesson study cycle - plan together, one teaches while others observe the "
   heading order: no skipped levels
   DEFECT visible image did not load: /img/figures/efmp-302/unit-06/fig-U6-6.svg
   advisory bare-URL link text: https://unesdoc.unesco.org/ark:/48223/pf0000133010 | https://doi.org/10.1016/j.caeo.2022.100080

-- topic-04: headings=13 imgs=4 visibleBroken=0 notServed=0 missingAlt=0 bareUrlLinks=0 vagueLinks=0 hOverflow=false
   img /img/figures/efmp-302/unit-06/fig-U6-7.svg natural=281x150 shown=true loading=lazy alt="Diagram of a one-page development plan with six blocks - the gap, the evidence for it, one"
   img /img/figures/efmp-302/unit-06/fig-U6-7.dark.svg natural=0x0 shown=false loading=lazy alt="Diagram of a one-page development plan with six blocks - the gap, the evidence for it, one"
   img /img/figures/efmp-302/unit-06/fig-U6-8.svg natural=293x150 shown=true loading=lazy alt="Flowchart of building and revising a development plan, ending at a mid-year decision point"
   img /img/figures/efmp-302/unit-06/fig-U6-8.dark.svg natural=0x0 shown=false loading=lazy alt="Flowchart of building and revising a development plan, ending at a mid-year decision point"
   heading order: no skipped levels

-- unit-assessment: headings=10 imgs=0 visibleBroken=0 notServed=0 missingAlt=0 bareUrlLinks=0 vagueLinks=0 hOverflow=false
   heading order: no skipped levels

-- unit-teacher-notes: headings=7 imgs=0 visibleBroken=0 notServed=0 missingAlt=0 bareUrlLinks=0 vagueLinks=0 hOverflow=false
   heading order: no skipped levels

===== B. NARROW 360x780 =====

-- index: docHorizontalOverflow=0px tables=0 figures=0 spill=0

-- topic-01: docHorizontalOverflow=0px tables=1 figures=2 spill=2
   table[0] client=328 scroll=328 fits=true lastHeader="What a strong response d" scroller=NONE
   figure[0] .figure client=328 scroll=900 scroller=FIGURE.figure
   figure[1] .figure client=328 scroll=924 scroller=FIGURE.figure

-- topic-02: docHorizontalOverflow=0px tables=1 figures=2 spill=2
   table[0] client=328 scroll=328 fits=true lastHeader="What a strong response d" scroller=NONE
   figure[0] .figure client=328 scroll=900 scroller=FIGURE.figure
   figure[1] .figure client=328 scroll=900 scroller=FIGURE.figure

-- topic-03: docHorizontalOverflow=0px tables=1 figures=2 spill=2
   table[0] client=328 scroll=328 fits=true lastHeader="What a strong response d" scroller=NONE
   figure[0] .figure client=328 scroll=936 scroller=FIGURE.figure
   figure[1] .figure client=328 scroll=880 scroller=FIGURE.figure

-- topic-04: docHorizontalOverflow=0px tables=1 figures=2 spill=2
   table[0] client=328 scroll=328 fits=true lastHeader="What a strong response d" scroller=NONE
   figure[0] .figure client=328 scroll=880 scroller=FIGURE.figure
   figure[1] .figure client=328 scroll=900 scroller=FIGURE.figure

-- unit-assessment: docHorizontalOverflow=0px tables=5 figures=0 spill=8
   table[0] client=328 scroll=482 fits=false lastHeader="Strong (4-5)" scroller=TABLE. (client=328 scroll=482 tabindex=0 aria-label=Scrollable table, scroll sideways to see all columns)
   table[1] client=328 scroll=483 fits=false lastHeader="Strong (4-5)" scroller=TABLE. (client=328 scroll=483 tabindex=0 aria-label=Scrollable table, scroll sideways to see all columns)
   table[2] client=328 scroll=488 fits=false lastHeader="Strong (4-5)" scroller=TABLE. (client=328 scroll=488 tabindex=0 aria-label=Scrollable table, scroll sideways to see all columns)
   table[3] client=328 scroll=439 fits=false lastHeader="Strong (4-5)" scroller=TABLE. (client=328 scroll=439 tabindex=0 aria-label=Scrollable table, scroll sideways to see all columns)
   table[4] client=328 scroll=524 fits=false lastHeader="Strong (4-5)" scroller=TABLE. (client=328 scroll=524 tabindex=0 aria-label=Scrollable table, scroll sideways to see all columns)

-- unit-teacher-notes: docHorizontalOverflow=0px tables=0 figures=0 spill=0

===== C. A4 PRINT EMULATION (794px) =====

-- index @print: clippedElems=0 figureImgs=0 answerHeadings=[]

-- topic-01 @print: clippedElems=0 figureImgs=4 answerHeadings=[]
   printfig /img/figures/efmp-302/unit-06/fig-U6-1.svg w=640 right=717 fits
   printfig /img/figures/efmp-302/unit-06/fig-U6-1.dark.svg w=0 right=0 fits
   printfig /img/figures/efmp-302/unit-06/fig-U6-2.svg w=640 right=717 fits
   printfig /img/figures/efmp-302/unit-06/fig-U6-2.dark.svg w=0 right=0 fits

-- topic-02 @print: clippedElems=0 figureImgs=4 answerHeadings=[]
   printfig /img/figures/efmp-302/unit-06/fig-U6-3.svg w=760 right=777 fits
   printfig /img/figures/efmp-302/unit-06/fig-U6-3.dark.svg w=0 right=0 fits
   printfig /img/figures/efmp-302/unit-06/fig-U6-4.svg w=640 right=717 fits
   printfig /img/figures/efmp-302/unit-06/fig-U6-4.dark.svg w=0 right=0 fits

-- topic-03 @print: clippedElems=0 figureImgs=4 answerHeadings=[]
   printfig /img/figures/efmp-302/unit-06/fig-U6-5.svg w=640 right=717 fits
   printfig /img/figures/efmp-302/unit-06/fig-U6-5.dark.svg w=0 right=0 fits
   printfig /img/figures/efmp-302/unit-06/fig-U6-6.svg w=760 right=777 fits
   printfig /img/figures/efmp-302/unit-06/fig-U6-6.dark.svg w=0 right=0 fits

-- topic-04 @print: clippedElems=0 figureImgs=4 answerHeadings=[]
   printfig /img/figures/efmp-302/unit-06/fig-U6-7.svg w=640 right=717 fits
   printfig /img/figures/efmp-302/unit-06/fig-U6-7.dark.svg w=0 right=0 fits
   printfig /img/figures/efmp-302/unit-06/fig-U6-8.svg w=760 right=777 fits
   printfig /img/figures/efmp-302/unit-06/fig-U6-8.dark.svg w=0 right=0 fits

-- unit-assessment @print: clippedElems=0 figureImgs=0 answerHeadings=["Answers and marking guidance​","MCQ answer key​","RRQ model answers and mark schemes​","ERQ rubrics​"]

-- unit-teacher-notes @print: clippedElems=0 figureImgs=0 answerHeadings=["Marking the unit assessment, and closing the course​"]

===== D. SVG TEXT GEOMETRY =====
   fig-U6-1.light [table] viewBox=900x400 texts=41 wordmark@x=795.7 -> clean
   fig-U6-1.dark [table] viewBox=900x400 texts=41 wordmark@x=795.7 -> clean
   fig-U6-2.light [concept-map] viewBox=924x470 texts=17 wordmark@x=819.8 -> clean
   fig-U6-2.dark [concept-map] viewBox=924x470 texts=17 wordmark@x=819.8 -> clean
   fig-U6-3.light [timeline] viewBox=900x400 texts=22 wordmark@x=795.7 -> clean
   fig-U6-3.dark [timeline] viewBox=900x400 texts=22 wordmark@x=795.7 -> clean
   fig-U6-4.light [table] viewBox=900x350 texts=28 wordmark@x=795.7 -> clean
   fig-U6-4.dark [table] viewBox=900x350 texts=28 wordmark@x=795.7 -> clean
   fig-U6-5.light [table] viewBox=936x400 texts=53 wordmark@x=831.7 -> clean
   fig-U6-5.dark [table] viewBox=936x400 texts=53 wordmark@x=831.7 -> clean
   fig-U6-6.light [flowchart] viewBox=880x430 texts=17 wordmark@x=775.6 -> clean
   fig-U6-6.dark [flowchart] viewBox=880x430 texts=17 wordmark@x=775.6 -> clean
   fig-U6-7.light [diagram] viewBox=880x470 texts=22 wordmark@x=775.6 -> clean
   fig-U6-7.dark [diagram] viewBox=880x470 texts=22 wordmark@x=775.6 -> clean
   fig-U6-8.light [flowchart] viewBox=900x460 texts=23 wordmark@x=795.7 -> clean
   fig-U6-8.dark [flowchart] viewBox=900x460 texts=23 wordmark@x=795.7 -> clean

### finished: 2026-09-24T17:42:00.865Z
### defects: 1
###   topic-03: visible image did not load: /img/figures/efmp-302/unit-06/fig-U6-6.svg
### exit_code: 1
