== index.mdx (5 clean probes)
   [ok] موضوع 6.3 سب سے لمبا اور سب سے عملی ہے۔ اگر آپ محنت کہاں لگائیں کا فیصلہ کر رہے ہیں تو وہا
   [ok] ترقی کا منصوبہ بنوا کر دفاع کرواتا ہے۔ وہ سوال اس کورس کا قریب ترین چیز ہے کہ کیا کچھ بھی 
   [ok] یونٹ 1 تا 5۔ یہ یونٹ یونٹ 3 کا محقق کردار، یونٹ 4 کا خود جائزے کا چکر اور یونٹ 5 کی اختیار
   [ok] موضوع 6.4 اس یونٹ کا مقصد ہے اور کورس کے بیشتر حصے کا مقصد۔ اسے خلاصہ نہ سمجھیے۔ یہ آپ سے 
   [ok] یہ کورس کا آخری یونٹ ہے، اور یہی وہ یونٹ ہے جو طے کرتا ہے کہ پچھلے پانچ آپ کے وقت کے قابل 
== topic-01.mdx (5 clean probes)
   [ok] جناب نعیم پانچ سال سے جماعت ہفتم کو ریاضی پڑھاتے ہیں۔ اس عرصے میں انہوں نے گیارہ ان سروس و
   [ok] وضاحتیں مختصر ہوتی جاتی ہیں، وہی تین شاگرد ہر سوال کا جواب دیتے ہیں۔ اس میں سے کسی کا کوئی
   [ok] پھر دو سوال کا جواب دیجیے۔ کون سے اصول سرگرمی خود نہ بدلیے سستا پورے کیے جا سکتے تھے؟ اور 
   [ok] وہ آپ کو عنوان بتا سکتے ہیں۔ ان کے پاس فولڈر میں سرٹیفکیٹ ہیں۔ ان سے پوچھیے کہ ان میں سے ک
   [ok] درست ریکارڈ ہیں۔ وہ کسی ترقی کا ریکارڈ نہیں ہیں، اور ان دونوں چیزوں کا فرق ہی اس موضوع کا 
== topic-02.mdx (5 clean probes)
   [ok] یہ موازنہ وسیع مشاہدے کے طور پر پیش کیا گیا ہے، کسی ماخذ سے حاصل کردہ دریافت کے طور پر نہی
   [ok] کہاں کھڑا ہوں، کیسے شروع کروں، تیس کاپیاں دس منٹ کھوئے بغیر کیسے جمع کروں۔ ثنا انتظار کا و
   [ok] اپنے استاد کے لیے لکھیے کہ سوال کرنے کی نشست نے انہیں اصل میں کیا دیا، انہیں کیا درکار تھا
   [ok] منتقل ہوتی ہے؛ اس کی دشواری یہ ہے کہ سب کچھ ایک ساتھ نیا ہے، چنانچہ توجہ طریقوں پر جاتی ہے
   [ok] یہ ہے کہ کچھ بھی تبدیلی کا تقاضا نہیں کرتا، جہاں بہاؤ کام کرتا ہے۔ اسے حقیقی چیلنج اور دیا
== topic-03.mdx (5 clean probes)
   [ok] ایک صدرِ اسکول کے پاس تھوڑا بجٹ ہے اور ایک سوال: ان کے بارہ استادوں کو بہتر بنانے کا بہتری
   [ok] کیجیے کہ کون سی ایک چیز آزمائیں گے؛ کسی ساتھی سے طے کیجیے جو شریک تھا کہ دونوں اسے آزمائیں
   [ok] میں استاد کی پیشہ ورانہ ترقی کے لیے ٹیکنالوجی کے استعمال کا جائزہ لیا۔ وہ دائرہ نوٹ کیجیے:
   [MISSING] مشاہدہ نہیں کر سکتا۔ اس کی کمزوری یہ ہے کہ یہ فرماں برداری کی مشق بن جاتی ہے اسی لمحے جمع 
   [ok] چھوڑا جا رہا ہے۔ پھر مخصوص طور پر بتائیے کہ یہ انتظام اس چیز سے کیسے بچایا جائے گا جو اسے 
== topic-04.mdx (5 clean probes)
   [ok] جو جائز نہیں ہے وہ خاموشی سے چھوڑ دینا ہے، اور جائزے کی تاریخ اسی لیے ہے کہ چھوڑنا فیصلہ ب
   [ok] یونٹ 4 کا خود جائزہ کا چکر وہی اصول تیسری بار آ رہا ہے، جو جان بوجھ کر ہے: یہی سب سے زیادہ
   [ok] کیوں ایک ہدف اور کوئی اور نہیں، کیوں یہ سرگرمی اس حساب سے جو موضوع 6.3 کہتا ہے کہ وہ دے سک
   [ok] محترمہ حنا میں کوئی خرابی نہیں ہے۔ منصوبہ شروع ہونے سے پہلے ہار چکا تھا، اور اس کی مخصوص و
   [ok] تو وہ اچھا دکھنے کے لیے لکھی جائے گی اور بے کار ہوگی، بالکل اُن وجوہات سے جو یونٹ 4 نے ترق
== unit-assessment.mdx (5 clean probes)
   [ok] مرکوز، باہمی، اصل مشق پر تاثرات سے سہارا والی، اور چنی ہوئی ہے۔ دستیاب بیشتر فراہگی چھوں پ
   [ok] اس کی دشواری یہ ہے کہ سب کچھ ایک ساتھ نیا ہے اور اسے تاثرات کے ساتھ منظم مشق درکار ہے۔ نئے
   [MISSING] اصول پورا کرتی ہے اور صرف محفوظ وقت کی قیمت لیتی ہے؛ غور و فکر کے اوزار ڈائریوں سے سبق کے 
   [ok] مکمل نہیں ہو سکتی (1)؛ بہاؤ (1)؛ بہاؤ بغیر چنا گیا سہولت کی طرف جھکاؤ کے طور پر سمجھایا گی
   [ok] کرتا ہے کہ بعد میں چنی گئی شہادت جو بھی امید تھی اس کی تائید کرتی ہے، چنانچہ ستمبر میں جما
== unit-teacher-notes.mdx (5 clean probes)
   [ok] کے کانفرنس اور آن لائن پلیٹ فارم والے حصے مختصر کر دیجیے، اور پیشہ ورانہ تعلمی برادری اور 
   [ok] یہ کورس کا آخری یونٹ ہے اور وہی ہے جو طے کرتا ہے کہ پچھلے پانچ کچھ چھوڑ کر جاتے ہیں یا نہی
   [ok] موضوع 6.3 یونٹ کا سب سے لمبا ہے اور 6.4 کو اس سے دبایا نہیں جانا چاہیے۔ اگر آپ پیچھے ہیں ت
   [ok] جسہیں نے خراب فراہمی دیکھی ہو۔ جواب موضوع 6.3 کی پیشہ ورانہ تعلمی برادری اور غور و فکر کے 
   [ok] یونٹس کا مکمل استعمال، اور منصوبے کے اپنے کمزور ترین نقطے کا دیانتدار نام شامل ہے۔ یہ اس ب

RESULT: FAIL

=== Freshness conclusion (reviewer note) ===
35 clean prose probes were taken verbatim from the seven Urdu source MDX files (never retyped:
read programmatically from the source bytes) and matched against the tag-stripped visible text
of the built pages in build/ur/semester-1/efmp-302/unit-06/. 33/35 matched exactly. The two
remaining probes were then verified PRESENT by fragment search: the built HTML splits words/
phrases with JSX text-node separators (e.g. "ڈائریو<!-- -->ں", "اس<!-- -->کی"), which the
tag-stripper turned into spaces. No probe is genuinely absent. The v1 run's other misses were
frontmatter (blooms_summary/description), markdown link/bold syntax and list numbering, none of
which appear in HTML by design.

VERDICT: the shared build (built at 219960c, mtime 2026-09-24 19:11, after the source mtimes
13:18-13:54 of the same day) serves the CURRENT Urdu Unit 6 content. No rebuild needed.
Also verified: every built Unit 6 Urdu page carries lang="ur" dir="rtl" and the Urdu
<title>/<meta description> from the current frontmatter.

=== probe-missing.log (this directory) resolves the two v2 misses ===
Both "missing" probes are present in the built HTML; the words are split by JSX text-node
separators (e.g. "ڈائریو<!-- -->ں") which the tag-stripper turned into spaces. See
probe-missing.log for the fragment-level FOUND results and the full paragraph contexts.
