== desktop-topic-04.png: figure region (fig-U6-7), content column x 300-980 ==
y=250 0.004
y=260 0.035 <== INK
y=270 0.000
y=280 0.000
y=290 0.018 <== INK
y=300 0.000
y=310 0.009
y=320 0.070 <== INK
y=330 0.057 <== INK
y=340 0.093 <== INK
y=350 0.216 <== INK
y=360 0.026 <== INK
y=370 0.004
y=380 0.075 <== INK
y=390 0.048 <== INK
y=400 0.203 <== INK
y=410 0.348 <== INK
y=420 0.167 <== INK
y=430 0.018 <== INK
y=440 0.013 <== INK
y=450 0.000
y=460 0.004
y=470 0.035 <== INK
y=480 0.154 <== INK
y=490 0.044 <== INK
y=500 0.000
y=510 0.000
y=520 0.000
y=530 0.000
y=540 0.216 <== INK
y=550 0.000
y=560 0.000
y=570 0.000
y=580 0.110 <== INK
y=590 0.031 <== INK
y=600 0.000
y=610 0.000
y=620 0.000
y=630 0.000
y=640 0.154 <== INK
y=650 0.000
y=660 0.260 <== INK
y=670 0.018 <== INK
y=680 0.013 <== INK
y=690 0.004
y=700 0.000
y=710 0.000
y=720 0.000
y=730 0.000
y=740 0.000
y=750 0.189 <== INK
y=760 0.000
y=770 0.013 <== INK
y=780 0.000
y=790 0.004
y=800 0.000
y=810 0.000
y=820 0.000
y=830 0.216 <== INK
y=840 0.000

== summary: ink coverage of the whole page in 200px bands ==
page size: 1280 7528
band     0-  500: ink 0.0434
band   500- 1000: ink 0.0325
band  1000- 1500: ink 0.0242
band  1500- 2000: ink 0.0384
band  2000- 2500: ink 0.0388
band  2500- 3000: ink 0.0220
band  3000- 3500: ink 0.0249
band  3500- 4000: ink 0.0376
band  4000- 4500: ink 0.0400
band  4500- 5000: ink 0.0181
band  5000- 5500: ink 0.0312
band  5500- 6000: ink 0.0217
band  6000- 6500: ink 0.0169
band  6500- 7000: ink 0.0163
band  7000- 7500: ink 0.1448
band  7500- 8000: ink 1.0000
