G3 round-2 render review - GNAS-301 Units 3 and 4 (one shared build)
=====================================================================
Host: local worktree agent-a8eefd2fc607a93b9 (branch 019-author-gnas-301, HEAD 05ece10)
Build: fresh `npm run build` (exit 0) at 2026-09-23T19:4x local; log: logs/build.log
       (build/ was stale against newer unit sources and was rebuilt before any inspection)
Serve: `npx docusaurus serve --port 4613` serving build/ at http://127.0.0.1:4613
       (log: logs/serve.log); both unit trees returned HTTP 200 before inspection
Browser: Playwright chromium 149.0.7827.0
Inspection window: 2026-09-24T00:50:15.650Z to 2026-09-24T00:51:44.756Z
Viewports: desktop 1280x900, narrow 360x780, A4 print emulation (794px, emulateMedia print)
Script: renders/render-inspect.mjs; raw measurements: renders/render-inspect.json
Method notes (G3 rubric): content tables measured on the <table> element itself
(its own scroll container), including a scrollLeft reachability re-measure;
hydration attributes (tabindex/role/aria-label) checked directly, not inferred;
figure lazy-load forced before pixel-variance measurement; hidden dark-theme
variant imgs (right=0, display:none) excluded from the print fit check.
Text-level verification of repaired passages: logs/render-text-check.log and
renders/render-text-check.json (rendered innerText + served SVG label extraction).

Per-page summary (script output):
unit-3 index: desktop(errors=0, broken=0, noAlt=0) narrow(overflow=false, tables=0) print(clipped=0, figsFit=true)
unit-3 topic-01: desktop(errors=0, broken=0, noAlt=0) narrow(overflow=false, tables=1) print(clipped=0, figsFit=false)
unit-3 topic-02: desktop(errors=0, broken=0, noAlt=0) narrow(overflow=false, tables=1) print(clipped=0, figsFit=false)
unit-3 topic-03: desktop(errors=0, broken=0, noAlt=0) narrow(overflow=false, tables=1) print(clipped=0, figsFit=false)
unit-3 topic-04: desktop(errors=0, broken=0, noAlt=0) narrow(overflow=false, tables=1) print(clipped=0, figsFit=false)
unit-3 unit-assessment: desktop(errors=0, broken=0, noAlt=0) narrow(overflow=false, tables=0) print(clipped=0, figsFit=true)
unit-3 unit-teacher-notes: desktop(errors=0, broken=0, noAlt=0) narrow(overflow=false, tables=0) print(clipped=0, figsFit=true)
unit-4 index: desktop(errors=0, broken=0, noAlt=0) narrow(overflow=false, tables=0) print(clipped=0, figsFit=true)
unit-4 topic-01: desktop(errors=0, broken=0, noAlt=0) narrow(overflow=false, tables=1) print(clipped=0, figsFit=false)
unit-4 topic-02: desktop(errors=0, broken=0, noAlt=0) narrow(overflow=false, tables=1) print(clipped=0, figsFit=false)
unit-4 topic-03: desktop(errors=0, broken=0, noAlt=0) narrow(overflow=false, tables=1) print(clipped=0, figsFit=false)
unit-4 topic-04: desktop(errors=0, broken=0, noAlt=0) narrow(overflow=false, tables=1) print(clipped=0, figsFit=false)
unit-4 topic-05: desktop(errors=0, broken=0, noAlt=0) narrow(overflow=false, tables=1) print(clipped=0, figsFit=false)
unit-4 topic-06: desktop(errors=0, broken=0, noAlt=0) narrow(overflow=false, tables=1) print(clipped=0, figsFit=false)
unit-4 topic-07: desktop(errors=0, broken=0, noAlt=0) narrow(overflow=false, tables=1) print(clipped=0, figsFit=false)
unit-4 unit-assessment: desktop(errors=0, broken=0, noAlt=0) narrow(overflow=false, tables=0) print(clipped=0, figsFit=true)
unit-4 unit-teacher-notes: desktop(errors=0, broken=0, noAlt=0) narrow(overflow=false, tables=0) print(clipped=0, figsFit=true)
render inspection complete
