[
 {
  "unit": 3,
  "page": "unit-assessment",
  "hasNewRRQ4": true,
  "hasOldRRQ4": false,
  "answersPresent": false
 },
 {
  "unit": 3,
  "page": "topic-01",
  "hasWinterOnlyMisconception": true,
  "hasRepairedAnwar": true,
  "hasOldAnwar": false
 },
 {
  "unit": 4,
  "page": "topic-02",
  "hasHypothetical": true,
  "hasOldAttributedQuote": false,
  "hasReformSentence": true
 },
 {
  "unit": 4,
  "page": "topic-07",
  "hasGeneralHeatwave": true,
  "has2015Specific": false,
  "hasHearingCitation": true,
  "hasMentalHealthCitation": true,
  "has12Billion": true
 },
 {
  "unit": 4,
  "page": "unit-assessment",
  "mcq10Present": true,
  "keyPresent": false
 },
 {
  "figure": "u3-fig-U3-3",
  "status": 200,
  "labelCount": 11,
  "labels": 11
 },
 {
  "figure": "u3-fig-U3-7",
  "status": 200,
  "labelCount": 20,
  "labels": 18
 },
 {
  "figure": "u4-fig-U4-3",
  "status": 200,
  "labelCount": 20,
  "labels": 18
 },
 {
  "figure": "u4-fig-U4-9",
  "status": 200,
  "labelCount": 17,
  "labels": 17
 },
 {
  "figure": "u4-fig-U4-11",
  "status": 200,
  "labelCount": 25,
  "labels": 18
 },
 {
  "figure": "u4-fig-U4-14",
  "status": 200,
  "labelCount": 22,
  "labels": 18
 }
]
