render-review host: chromium 149.0.7827.0 via playwright, serving build/ at http://localhost:3106/semester-1/efmp-302/unit-06
started 2026-09-19T07:01:11.953Z
[1280] topic-01: document scrollWidth=1280 clientWidth=1280 horizontalOverflow=0
   fig fig-U6-1.svg rendered 640x286 naturalWidth=300 width/height attrs=900/400 loading=lazy altChars=206
   fig fig-U6-1.dark.svg rendered 0x0 naturalWidth=0 width/height attrs=900/400 loading=lazy altChars=206
   fig fig-U6-2.svg rendered 640x327 naturalWidth=295 width/height attrs=924/470 loading=lazy altChars=192
   fig fig-U6-2.dark.svg rendered 0x0 naturalWidth=0 width/height attrs=924/470 loading=lazy altChars=192
[1280] topic-02: document scrollWidth=1280 clientWidth=1280 horizontalOverflow=0
   fig fig-U6-3.svg rendered 703x314 naturalWidth=300 width/height attrs=900/400 loading=lazy altChars=191
   fig fig-U6-3.dark.svg rendered 0x0 naturalWidth=0 width/height attrs=900/400 loading=lazy altChars=191
   fig fig-U6-4.svg rendered 640x250 naturalWidth=300 width/height attrs=900/350 loading=lazy altChars=179
   fig fig-U6-4.dark.svg rendered 0x0 naturalWidth=0 width/height attrs=900/350 loading=lazy altChars=179
[1280] topic-03: document scrollWidth=1280 clientWidth=1280 horizontalOverflow=0
   fig fig-U6-5.svg rendered 640x275 naturalWidth=300 width/height attrs=936/400 loading=lazy altChars=203
   fig fig-U6-5.dark.svg rendered 0x0 naturalWidth=0 width/height attrs=936/400 loading=lazy altChars=203
   fig fig-U6-6.svg rendered 703x345 naturalWidth=300 width/height attrs=880/430 loading=lazy altChars=222
   fig fig-U6-6.dark.svg rendered 0x0 naturalWidth=0 width/height attrs=880/430 loading=lazy altChars=222
[1280] topic-04: document scrollWidth=1280 clientWidth=1280 horizontalOverflow=0
   fig fig-U6-7.svg rendered 640x343 naturalWidth=281 width/height attrs=880/470 loading=lazy altChars=211
   fig fig-U6-7.dark.svg rendered 0x0 naturalWidth=0 width/height attrs=880/470 loading=lazy altChars=211
   fig fig-U6-8.svg rendered 703x360 naturalWidth=293 width/height attrs=900/460 loading=lazy altChars=185
   fig fig-U6-8.dark.svg rendered 0x0 naturalWidth=0 width/height attrs=900/460 loading=lazy altChars=185
[1280] unit-assessment: document scrollWidth=1280 clientWidth=1280 horizontalOverflow=0
[1280] index: document scrollWidth=1280 clientWidth=1280 horizontalOverflow=0
[360] topic-01: document scrollWidth=360 clientWidth=360 horizontalOverflow=0
   fig fig-U6-1.svg rendered 900x401 naturalWidth=300 width/height attrs=900/400 loading=lazy altChars=206
   fig fig-U6-1.dark.svg rendered 0x0 naturalWidth=0 width/height attrs=900/400 loading=lazy altChars=206
   fig fig-U6-2.svg rendered 924x471 naturalWidth=0 width/height attrs=924/470 loading=lazy altChars=192
   fig fig-U6-2.dark.svg rendered 0x0 naturalWidth=0 width/height attrs=924/470 loading=lazy altChars=192
[360] topic-02: document scrollWidth=360 clientWidth=360 horizontalOverflow=0
   fig fig-U6-3.svg rendered 900x401 naturalWidth=300 width/height attrs=900/400 loading=lazy altChars=191
   fig fig-U6-3.dark.svg rendered 0x0 naturalWidth=0 width/height attrs=900/400 loading=lazy altChars=191
   fig fig-U6-4.svg rendered 900x351 naturalWidth=0 width/height attrs=900/350 loading=lazy altChars=179
   fig fig-U6-4.dark.svg rendered 0x0 naturalWidth=0 width/height attrs=900/350 loading=lazy altChars=179
[360] topic-03: document scrollWidth=360 clientWidth=360 horizontalOverflow=0
   fig fig-U6-5.svg rendered 936x401 naturalWidth=300 width/height attrs=936/400 loading=lazy altChars=203
   fig fig-U6-5.dark.svg rendered 0x0 naturalWidth=0 width/height attrs=936/400 loading=lazy altChars=203
   fig fig-U6-6.svg rendered 880x431 naturalWidth=0 width/height attrs=880/430 loading=lazy altChars=222
   fig fig-U6-6.dark.svg rendered 0x0 naturalWidth=0 width/height attrs=880/430 loading=lazy altChars=222
[360] topic-04: document scrollWidth=360 clientWidth=360 horizontalOverflow=0
   fig fig-U6-7.svg rendered 880x471 naturalWidth=281 width/height attrs=880/470 loading=lazy altChars=211
   fig fig-U6-7.dark.svg rendered 0x0 naturalWidth=0 width/height attrs=880/470 loading=lazy altChars=211
   fig fig-U6-8.svg rendered 900x461 naturalWidth=293 width/height attrs=900/460 loading=lazy altChars=185
   fig fig-U6-8.dark.svg rendered 0x0 naturalWidth=0 width/height attrs=900/460 loading=lazy altChars=185
[360] unit-assessment: document scrollWidth=360 clientWidth=360 horizontalOverflow=0
[360] index: document scrollWidth=360 clientWidth=360 horizontalOverflow=0
[print A4 1240px] topic-03: docOverflow=0 figs=["fig-U6-5.svg 640x275","fig-U6-5.dark.svg 0x0","fig-U6-6.svg 760x372","fig-U6-6.dark.svg 0x0"] tables(scroll/client)=["823/823"]
[print A4 1240px] unit-assessment: docOverflow=0 figs=[] tables(scroll/client)=["823/823","823/823","823/823","823/823","823/823"]
SVG fig-U6-1.dark.svg: viewBox 900x400  text maxX=888.1 (overflowX=-11.9) maxY=392.6 (overflowY=-7.4) minX=19.3 widestRun="textbook.com.pk"
SVG fig-U6-1.svg: viewBox 900x400  text maxX=888.1 (overflowX=-11.9) maxY=392.6 (overflowY=-7.4) minX=19.3 widestRun="textbook.com.pk"
SVG fig-U6-2.dark.svg: viewBox 924x470  text maxX=912.3 (overflowX=-11.7) maxY=454.7 (overflowY=-15.3) minX=32 widestRun="textbook.com.pk"
SVG fig-U6-2.svg: viewBox 924x470  text maxX=912.3 (overflowX=-11.7) maxY=454.7 (overflowY=-15.3) minX=32 widestRun="textbook.com.pk"
SVG fig-U6-3.dark.svg: viewBox 900x400  text maxX=888.1 (overflowX=-11.9) maxY=384.6 (overflowY=-15.4) minX=29.3 widestRun="textbook.com.pk"
SVG fig-U6-3.svg: viewBox 900x400  text maxX=888.1 (overflowX=-11.9) maxY=384.6 (overflowY=-15.4) minX=29.3 widestRun="textbook.com.pk"
SVG fig-U6-4.dark.svg: viewBox 900x350  text maxX=888.1 (overflowX=-11.9) maxY=338.6 (overflowY=-11.4) minX=19.3 widestRun="textbook.com.pk"
SVG fig-U6-4.svg: viewBox 900x350  text maxX=888.1 (overflowX=-11.9) maxY=338.6 (overflowY=-11.4) minX=19.3 widestRun="textbook.com.pk"
SVG fig-U6-5.dark.svg: viewBox 936x400  text maxX=924.4 (overflowX=-11.6) maxY=392.7 (overflowY=-7.3) minX=19.3 widestRun="textbook.com.pk"
SVG fig-U6-5.svg: viewBox 936x400  text maxX=924.4 (overflowX=-11.6) maxY=392.7 (overflowY=-7.3) minX=19.3 widestRun="textbook.com.pk"
SVG fig-U6-6.dark.svg: viewBox 880x430  text maxX=868 (overflowX=-12) maxY=406.5 (overflowY=-23.5) minX=30 widestRun="textbook.com.pk"
SVG fig-U6-6.svg: viewBox 880x430  text maxX=868 (overflowX=-12) maxY=406.5 (overflowY=-23.5) minX=30 widestRun="textbook.com.pk"
SVG fig-U6-7.dark.svg: viewBox 880x470  text maxX=868 (overflowX=-12) maxY=454.5 (overflowY=-15.5) minX=42 widestRun="textbook.com.pk"
SVG fig-U6-7.svg: viewBox 880x470  text maxX=868 (overflowX=-12) maxY=454.5 (overflowY=-15.5) minX=42 widestRun="textbook.com.pk"
SVG fig-U6-8.dark.svg: viewBox 900x460  text maxX=888.1 (overflowX=-11.9) maxY=446.6 (overflowY=-13.4) minX=24.4 widestRun="textbook.com.pk"
SVG fig-U6-8.svg: viewBox 900x460  text maxX=888.1 (overflowX=-11.9) maxY=446.6 (overflowY=-13.4) minX=24.4 widestRun="textbook.com.pk"
unit-assessment DOM: ol total=4 nested=0 nestedItemCounts=[] sum=0
unit-assessment h3: ["Multiple-choice questions (MCQs)","Restricted-response questions (RRQs)","Extended-response questions (ERQs)","MCQ answer key","RRQ model answers and mark schemes","ERQ rubrics"]
[360] unit-assessment scroll regions: [{"tag":"DIV","name":"Skip to main content","sw":360,"cw":360},{"tag":"A","name":"","sw":271,"cw":271},{"tag":"A","name":"","sw":271,"cw":271},{"tag":"A","name":"","sw":271,"cw":271},{"tag":"A","name":"","sw":271,"cw":271},{"tag":"A","name":"","sw":271,"cw":271},{"tag":"A","name":"","sw":271,"cw":271},{"tag":"A","name":"","sw":215,"cw":215},{"tag":"A","name":"","sw":215,"cw":215},{"tag":"A","name":"","sw":215,"cw":215},{"tag":"A","name":"","sw":215,"cw":215},{"tag":"A","name":"","sw":215,"cw":215},{"tag":"A","name":"","sw":215,"cw":215},{"tag":"A","name":"","sw":247,"cw":247},{"tag":"A","name":"","sw":247,"cw":247},{"tag":"A","name":"","sw":247,"cw":247},{"tag":"A","name":"","sw":247,"cw":247},{"tag":"A","name":"","sw":247,"cw":247},{"tag":"A","name":"","sw":247,"cw":247},{"tag":"A","name":"","sw":259,"cw":259},{"tag":"TABLE","name":"Scrollable table, scroll sideways to see all columns","sw":482,"cw":328},{"tag":"TABLE","name":"Scrollable table, scroll sideways to see all columns","sw":483,"cw":328},{"tag":"TABLE","name":"Scrollable table, scroll sideways to see all columns","sw":488,"cw":328},{"tag":"TABLE","name":"Scrollable table, scroll sideways to see all columns","sw":439,"cw":328},{"tag":"TABLE","name":"Scrollable table, scroll sideways to see all columns","sw":524,"cw":328}]
[360] topic-03 figures/figcaptions: [{"cap":"textbook.com.pk","img":"fig-U6-5.svg"},{"cap":"textbook.com.pk","img":"fig-U6-6.svg"}]
completed 2026-09-19T07:01:45.516Z

--- probe pass ---
unit-assessment ordered lists: [
 {
  "i": 0,
  "items": 10,
  "nestedUl": 10,
  "optCounts": [
   4,
   4,
   4,
   4,
   4,
   4,
   4,
   4,
   4,
   4
  ],
  "first": " Continuing professional development differs "
 },
 {
  "i": 1,
  "items": 10,
  "nestedUl": 0,
  "optCounts": [
   0,
   0,
   0,
   0,
   0,
   0,
   0,
   0,
   0,
   0
  ],
  "first": " Distinguish continuing professional developm"
 },
 {
  "i": 2,
  "items": 5,
  "nestedUl": 0,
  "optCounts": [
   0,
   0,
   0,
   0,
   0
  ],
  "first": " Mr Naeem has eleven certificates and no chan"
 },
 {
  "i": 3,
  "items": 10,
  "nestedUl": 0,
  "optCounts": [
   0,
   0,
   0,
   0,
   0,
   0,
   0,
   0,
   0,
   0
  ],
  "first": "a - all three features together; length alone"
 }
]
[360] topic-03 fig-U6-5 ancestor chain: {
 "chain": [
  {
   "tag": "IMG",
   "cls": "figure__img figure__img--light",
   "w": 936,
   "left": 16,
   "right": 952,
   "ox": "clip",
   "maxW": "none",
   "width": "936px"
  },
  {
   "tag": "FIGURE",
   "cls": "figure figure--table",
   "w": 328,
   "left": 16,
   "right": 344,
   "ox": "auto",
   "maxW": "none",
   "width": "328px"
  },
  {
   "tag": "DIV",
   "cls": "theme-doc-markdown markdown",
   "w": 328,
   "left": 16,
   "right": 344,
   "ox": "visible",
   "maxW": "none",
   "width": "328px"
  },
  {
   "tag": "ARTICLE",
   "cls": "",
   "w": 328,
   "left": 16,
   "right": 344,
   "ox": "visible",
   "maxW": "none",
   "width": "328px"
  },
  {
   "tag": "DIV",
   "cls": "docItemContainer_Djhp",
   "w": 328,
   "left": 16,
   "right": 344,
   "ox": "visible",
   "maxW": "none",
   "width": "328px"
  },
  {
   "tag": "DIV",
   "cls": "col docItemCol_VOVn",
   "w": 360,
   "left": 0,
   "right": 360,
   "ox": "visible",
   "maxW": "100%",
   "width": "360px"
  },
  {
   "tag": "DIV",
   "cls": "row",
   "w": 360,
   "left": 0,
   "right": 360,
   "ox": "visible",
   "maxW": "none",
   "width": "360px"
  },
  {
   "tag": "DIV",
   "cls": "container padding-top--md padding-bottom--lg",
   "w": 360,
   "left": 0,
   "right": 360,
   "ox": "visible",
   "maxW": "1140px",
   "width": "360px"
  },
  {
   "tag": "MAIN",
   "cls": "docMainContainer_TBSr",
   "w": 360,
   "left": 0,
   "right": 360,
   "ox": "visible",
   "maxW": "none",
   "width": "360px"
  },
  {
   "tag": "DIV",
   "cls": "docRoot_UBD9",
   "w": 360,
   "left": 0,
   "right": 360,
   "ox": "visible",
   "maxW": "none",
   "width": "360px"
  },
  {
   "tag": "DIV",
   "cls": "docsWrapper_hBAB",
   "w": 360,
   "left": 0,
   "right": 360,
   "ox": "visible",
   "maxW": "none",
   "width": "360px"
  },
  {
   "tag": "DIV",
   "cls": "theme-layout-main main-wrapper mainWrapper_z2l0",
   "w": 360,
   "left": 0,
   "right": 360,
   "ox": "visible",
   "maxW": "none",
   "width": "360px"
  },
  {
   "tag": "DIV",
   "cls": "",
   "w": 360,
   "left": 0,
   "right": 360,
   "ox": "visible",
   "maxW": "none",
   "width": "360px"
  }
 ],
 "vw": 360
}
[1280 dark] topic-03 figure imgs: [{"src":"fig-U6-5.svg","w":0,"h":0},{"src":"fig-U6-5.dark.svg","w":640,"h":275},{"src":"fig-U6-6.svg","w":0,"h":0},{"src":"fig-U6-6.dark.svg","w":703,"h":345}]

--- probe pass ---
unit-assessment ordered lists: [
 {
  "i": 0,
  "items": 10,
  "nestedUl": 10,
  "optCounts": [
   4,
   4,
   4,
   4,
   4,
   4,
   4,
   4,
   4,
   4
  ],
  "first": " Continuing professional development differs "
 },
 {
  "i": 1,
  "items": 10,
  "nestedUl": 0,
  "optCounts": [
   0,
   0,
   0,
   0,
   0,
   0,
   0,
   0,
   0,
   0
  ],
  "first": " Distinguish continuing professional developm"
 },
 {
  "i": 2,
  "items": 5,
  "nestedUl": 0,
  "optCounts": [
   0,
   0,
   0,
   0,
   0
  ],
  "first": " Mr Naeem has eleven certificates and no chan"
 },
 {
  "i": 3,
  "items": 10,
  "nestedUl": 0,
  "optCounts": [
   0,
   0,
   0,
   0,
   0,
   0,
   0,
   0,
   0,
   0
  ],
  "first": "a - all three features together; length alone"
 }
]
[360] topic-03 fig-U6-5 ancestor chain: {
 "chain": [
  {
   "tag": "IMG",
   "cls": "figure__img figure__img--light",
   "w": 936,
   "left": 16,
   "right": 952,
   "ox": "clip",
   "maxW": "none",
   "width": "936px"
  },
  {
   "tag": "FIGURE",
   "cls": "figure figure--table",
   "w": 328,
   "left": 16,
   "right": 344,
   "ox": "auto",
   "maxW": "none",
   "width": "328px"
  },
  {
   "tag": "DIV",
   "cls": "theme-doc-markdown markdown",
   "w": 328,
   "left": 16,
   "right": 344,
   "ox": "visible",
   "maxW": "none",
   "width": "328px"
  },
  {
   "tag": "ARTICLE",
   "cls": "",
   "w": 328,
   "left": 16,
   "right": 344,
   "ox": "visible",
   "maxW": "none",
   "width": "328px"
  },
  {
   "tag": "DIV",
   "cls": "docItemContainer_Djhp",
   "w": 328,
   "left": 16,
   "right": 344,
   "ox": "visible",
   "maxW": "none",
   "width": "328px"
  },
  {
   "tag": "DIV",
   "cls": "col docItemCol_VOVn",
   "w": 360,
   "left": 0,
   "right": 360,
   "ox": "visible",
   "maxW": "100%",
   "width": "360px"
  },
  {
   "tag": "DIV",
   "cls": "row",
   "w": 360,
   "left": 0,
   "right": 360,
   "ox": "visible",
   "maxW": "none",
   "width": "360px"
  },
  {
   "tag": "DIV",
   "cls": "container padding-top--md padding-bottom--lg",
   "w": 360,
   "left": 0,
   "right": 360,
   "ox": "visible",
   "maxW": "1140px",
   "width": "360px"
  },
  {
   "tag": "MAIN",
   "cls": "docMainContainer_TBSr",
   "w": 360,
   "left": 0,
   "right": 360,
   "ox": "visible",
   "maxW": "none",
   "width": "360px"
  },
  {
   "tag": "DIV",
   "cls": "docRoot_UBD9",
   "w": 360,
   "left": 0,
   "right": 360,
   "ox": "visible",
   "maxW": "none",
   "width": "360px"
  },
  {
   "tag": "DIV",
   "cls": "docsWrapper_hBAB",
   "w": 360,
   "left": 0,
   "right": 360,
   "ox": "visible",
   "maxW": "none",
   "width": "360px"
  },
  {
   "tag": "DIV",
   "cls": "theme-layout-main main-wrapper mainWrapper_z2l0",
   "w": 360,
   "left": 0,
   "right": 360,
   "ox": "visible",
   "maxW": "none",
   "width": "360px"
  },
  {
   "tag": "DIV",
   "cls": "",
   "w": 360,
   "left": 0,
   "right": 360,
   "ox": "visible",
   "maxW": "none",
   "width": "360px"
  }
 ],
 "vw": 360
}
[1280 dark] topic-03 figure imgs: [{"src":"fig-U6-5.svg","w":0,"h":0},{"src":"fig-U6-5.dark.svg","w":640,"h":275},{"src":"fig-U6-6.svg","w":0,"h":0},{"src":"fig-U6-6.dark.svg","w":703,"h":345}]
