{
 "topic-01": {
  "narrow_figures": [
   {
    "fig_w": 328,
    "overflowX": "auto",
    "inner_overflowX": "auto",
    "img_w": 900,
    "img_natural": 300,
    "complete": true,
    "alt": "Table comparing three definitions of teacher effectiveness -",
    "clipped": true
   },
   {
    "fig_w": 328,
    "overflowX": "auto",
    "inner_overflowX": "auto",
    "img_w": 900,
    "img_natural": 0,
    "complete": false,
    "alt": "Concept map of teacher effectiveness branching into within-c",
    "clipped": true
   }
  ],
  "a4_print": {
   "client_width": 794,
   "wider_than_page": [],
   "hidden_figures": 0,
   "figures": 2,
   "answers_visible": false
  }
 },
 "topic-02": {
  "narrow_figures": [
   {
    "fig_w": 328,
    "overflowX": "auto",
    "inner_overflowX": "auto",
    "img_w": 900,
    "img_natural": 287,
    "complete": true,
    "alt": "Table of seven teacher personality traits - empathy, patienc",
    "clipped": true
   },
   {
    "fig_w": 328,
    "overflowX": "auto",
    "inner_overflowX": "auto",
    "img_w": 800,
    "img_natural": 255,
    "complete": true,
    "alt": "Layered diagram of professional image with appearance as a t",
    "clipped": true
   }
  ],
  "a4_print": {
   "client_width": 794,
   "wider_than_page": [],
   "hidden_figures": 0,
   "figures": 2,
   "answers_visible": false
  }
 },
 "topic-03": {
  "narrow_figures": [
   {
    "fig_w": 328,
    "overflowX": "auto",
    "inner_overflowX": "auto",
    "img_w": 880,
    "img_natural": 281,
    "complete": true,
    "alt": "Concept map with a teacher at the centre linked to pupils, p",
    "clipped": true
   },
   {
    "fig_w": 328,
    "overflowX": "auto",
    "inner_overflowX": "auto",
    "img_w": 880,
    "img_natural": 0,
    "complete": false,
    "alt": "Flowchart of a conflict de-escalation sequence from an angry",
    "clipped": true
   }
  ],
  "a4_print": {
   "client_width": 794,
   "wider_than_page": [],
   "hidden_figures": 0,
   "figures": 2,
   "answers_visible": false
  }
 },
 "topic-04": {
  "narrow_figures": [
   {
    "fig_w": 328,
    "overflowX": "auto",
    "inner_overflowX": "auto",
    "img_w": 860,
    "img_natural": 300,
    "complete": true,
    "alt": "Table comparing verbal and non-verbal communication channels",
    "clipped": true
   },
   {
    "fig_w": 328,
    "overflowX": "auto",
    "inner_overflowX": "auto",
    "img_w": 860,
    "img_natural": 263,
    "complete": true,
    "alt": "Overhead schematic of a classroom marking the teacher's non-",
    "clipped": true
   }
  ],
  "a4_print": {
   "client_width": 794,
   "wider_than_page": [],
   "hidden_figures": 0,
   "figures": 2,
   "answers_visible": false
  }
 },
 "topic-05": {
  "narrow_figures": [
   {
    "fig_w": 328,
    "overflowX": "auto",
    "inner_overflowX": "auto",
    "img_w": 900,
    "img_natural": 300,
    "complete": true,
    "alt": "Timeline of the shifting expected role of a teacher from tra",
    "clipped": true
   },
   {
    "fig_w": 328,
    "overflowX": "auto",
    "inner_overflowX": "auto",
    "img_w": 900,
    "img_natural": 287,
    "complete": true,
    "alt": "Concept map of a teacher at the centre with five branches - ",
    "clipped": true
   }
  ],
  "a4_print": {
   "client_width": 794,
   "wider_than_page": [],
   "hidden_figures": 0,
   "figures": 2,
   "answers_visible": false
  }
 },
 "unit-assessment": {
  "narrow_figures": [],
  "a4_print": {
   "client_width": 794,
   "wider_than_page": [],
   "hidden_figures": 0,
   "figures": 0,
   "answers_visible": true
  }
 }
}
