{
  "topic-04": {
    "clippedCount": 0,
    "clippedSample": [],
    "hasAnswers": false
  },
  "unit-assessment": {
    "clippedCount": 0,
    "clippedSample": [],
    "hasAnswers": true
  },
  "servedDigests": {
    "fig-U3-1": {
      "status": 200,
      "sha256": "e8fc197618fedb74"
    },
    "fig-U3-2": {
      "status": 200,
      "sha256": "f4d3c3b89887f400"
    },
    "fig-U3-3": {
      "status": 200,
      "sha256": "557c886a09fc1b22"
    },
    "fig-U3-4": {
      "status": 200,
      "sha256": "38d1365708e21a0c"
    },
    "fig-U3-5": {
      "status": 200,
      "sha256": "ae692d296a8c31d0"
    },
    "fig-U3-6": {
      "status": 200,
      "sha256": "5e9d7572fe7e1400"
    },
    "fig-U3-7": {
      "status": 200,
      "sha256": "7abc4c6345c1a8bf"
    },
    "fig-U3-8": {
      "status": 200,
      "sha256": "ba56c8b47ea75227"
    },
    "fig-U3-9": {
      "status": 200,
      "sha256": "5992728f41068d8c"
    },
    "fig-U3-10": {
      "status": 200,
      "sha256": "76db785411fc0384"
    }
  }
}
