build-freshness-probe feat023-r2 2026-09-25T00:20:21.920Z
Shared build at build/ (mtime 2026-09-24T19:10-05:00 = 2026-09-25T00:10Z, built at commit 219960c). No npm run build was run by this reviewer.
[a] F1 stance @ topic-02: repaired passage FOUND
[a] F4 tension @ topic-02: repaired passage FOUND
[a] F5 impose consequences @ topic-02: repaired passage FOUND
[a] F3 cost leg @ topic-03: repaired passage FOUND
[a] F2 not nothing @ topic-04: repaired passage FOUND
[a] F6 RRQ1 contrast @ unit-assessment: repaired passage FOUND
[a] F9 fixed rubric @ unit-assessment: repaired passage FOUND
[b] F1 old inverted stance @ topic-02: old defect string absent (correct)
[b] F4 old alternation @ topic-02: old defect string absent (correct)
[b] F5 old draw-conclusions @ topic-02: old defect string absent (correct)
[b] F3 old garbled cost @ topic-03: old defect string absent (correct)
[b] F2 old nothing-at-all @ topic-04: old defect string absent (correct)
[b] F6 old duty-vs-duty @ unit-assessment: old defect string absent (correct)
[b] F9 old untranslated fixed (the only Latin "fixed" in the built page is the navbar--fixed-top CSS class, verified separately) @ unit-assessment: old defect string absent (correct)
[c] spread probe @ index: source yes / built FOUND :: اس یونٹ کی تقسیم کے بارے میں ا
[c] spread probe @ topic-01: source yes / built FOUND :: انسانی خدمت والے پیشوں
[c] spread probe @ topic-01: source yes / built FOUND :: کثیر درجاتی کلاس روم
[c] spread probe @ topic-02: source yes / built FOUND :: کاغذ ہی وہ چیز ہے جو نظام میں 
[c] spread probe @ topic-03: source yes / built FOUND :: ملے جلے ہیں۔ ملا جلا ہی وہ اہم
[c] spread probe @ topic-03: source yes / built FOUND :: پیشہ واریت کا موضوع ہے، ٹیکنال
[c] spread probe @ topic-04: source yes / built FOUND :: سرپرست کی معاونت
[c] spread probe @ unit-assessment: source yes / built FOUND :: کثیر انتخابی سوالات (MCQs)
[c] spread probe @ unit-assessment: source yes / built FOUND :: مجموعی طور پر 10 سے اوپر نہیں 
[c] spread probe @ unit-assessment: source yes / built FOUND :: MCQ جوابی کلید
[c] spread probe @ unit-teacher-notes: source yes / built FOUND :: دو ہفتوں کے بلاک میں ترتیب
[c] spread probe @ unit-teacher-notes: source yes / built FOUND :: بار بار آنے والی غلط فہمیاں
[d] Urdu figure assets in build: 16
[d] fig-U5-1.ur.dark.svg: byte-identical to static/
[d] fig-U5-1.ur.svg: byte-identical to static/
[d] fig-U5-2.ur.dark.svg: byte-identical to static/
[d] fig-U5-2.ur.svg: byte-identical to static/
[d] fig-U5-3.ur.dark.svg: byte-identical to static/
[d] fig-U5-3.ur.svg: byte-identical to static/
[d] fig-U5-4.ur.dark.svg: byte-identical to static/
[d] fig-U5-4.ur.svg: byte-identical to static/
[d] fig-U5-5.ur.dark.svg: byte-identical to static/
[d] fig-U5-5.ur.svg: byte-identical to static/
[d] fig-U5-6.ur.dark.svg: byte-identical to static/
[d] fig-U5-6.ur.svg: byte-identical to static/
[d] fig-U5-7.ur.dark.svg: byte-identical to static/
[d] fig-U5-7.ur.svg: byte-identical to static/
[d] fig-U5-8.ur.dark.svg: byte-identical to static/
[d] fig-U5-8.ur.svg: byte-identical to static/
[d] fig-U5-4.ur.svg: Law public-recognition cell (x=112,y=158) reads ملے جلے: true
[d] fig-U5-4.ur.dark.svg: Law public-recognition cell (x=112,y=158) reads ملے جلے: true
[d] fig-U5-8.ur.svg: station 1 label نظم و ضبط present, ششہ absent: true
[d] fig-U5-8.ur.dark.svg: station 1 label نظم و ضبط present, ششہ absent: true
VERDICT: shared build is FRESH for EFMP-302 Unit 5 Urdu (all repaired passages render; no stale defect strings; 16/16 figure assets identical)
