site-build (feat023-r2) - shared-build freshness evidence, NOT a rebuild
Date: 2026-09-24T21:55:00Z (UTC)

CONTEXT
- The parent supplied a fresh two-locale build at build/, built immediately after the
  repair commit c138103 (committed 2026-09-24 16:37:58 -0500). Build artifacts for this
  unit carry mtimes 2026-09-24 16:38:47-16:39:08 -0500, i.e. after the repair commit.
- Per the review contract this entry records freshness evidence for the shared build
  (npm run build was NOT run by this reviewer).
- Process check before any consideration of a rebuild: pgrep -f 'docusaurus build' and
  pgrep -f webpack returned no running build at review time (one transient PID matched
  during the check and was gone when inspected; ps confirmed no build processes).

FRESHNESS EVIDENCE FOR UNIT 3 (URDU ROUTE)
1. All eight Urdu unit pages exist in the served build:
   build/ur/semester-1/efmp-302/unit-03/{index,topic-01..05,unit-assessment,unit-teacher-notes}/index.html
2. Every one of the eight cycle-1 blocking repairs is present verbatim in the served
   pages (grep -a over the built HTML, newlines flattened):
   - B-01 build/ur/.../topic-02/index.html:
     "جوش عموماً مہارت کے پیچھے آتا ہے، آگے نہیں۔"
   - B-02 build/ur/.../topic-01/index.html:
     "...پائے جو غلط یا محض اشارہ شدہ تعریفیں استعمال کرتے تھے"
   - B-03 build/ur/.../topic-01/index.html:
     "جو معروضی لگتا ہے اور ہر اس فیصلے کو چھپاتا ہے جو اس میں شامل تھا"
   - B-04 build/ur/.../unit-teacher-notes/index.html:
     "کسی زیرِ خدمت استاد کے مشاہدے"
   - B-05 build/ur/.../topic-05/index.html:
     "یقینی بنانے کا طریقہ ہے کہ کوئی آپ کی بات نہیں سنتا۔"
   - B-06 build/ur/.../topic-05/index.html:
     "اور یہ چاہے اس کا ارادہ کیا جائے یا نہ کیا جائے، ہوتی رہتی ہے۔"
   - B-07 build/ur/.../topic-02/index.html:
     "کیونکہ ہر سبق اسی وقت بنا بنا کر پڑھایا جاتا ہے۔"
   - B-08 build/ur/.../topic-03/index.html:
     "جس کی ترتیب اس موضوع نے ایک سوچا سمجھا طے شدہ راستے کے طور پر بیان کی ہے،
     کسی ماخذ سے حاصل کردہ دریافت کے طور پر نہیں"
3. Figure assets: all 40 SVGs under build/img/figures/efmp-302/unit-03/ (20 EN + 20 UR,
   light and dark) are byte-identical by SHA-256 to static/img/figures/efmp-302/unit-03/
   (compared=40, matching=40).
4. The pre-repair defect forms are absent from the served pages: no occurrence of
   "مہارت کے آگے آتا ہے، پیچھے نہیں" (B-01 old form), "نہ صرف اشارہ شدہ" (B-02 old
   form), "موضوعی لگتا" (B-03 old form), "فرضی استاد" (B-04 old form),
   "سنانے سے روکنے" (B-05 old form), "چاہے بھی ہو یا نہ ہو" (B-06 old form),
   "مہارت سے ہوا ہوا" (B-07 old form), or "ایک منطقی ہے" (B-08 old form) remains in
   the corresponding built Urdu pages.

CONCLUSION: the shared build at build/ is fresh for EFMP-302 Unit 3 at commit c138103.
No rebuild was needed or performed. Render inspection (render-review) was run against
this build; see logs-feat023-r2/render-inspect.log and renders-feat023-r2/.
Exit code 0 (all freshness checks passed).
