targeted-shots (feat023-r2) 2026-09-24T21:58:27.960Z
serving existing build/ on http://127.0.0.1:4623 (npm run serve, no rebuild)
server up: http://127.0.0.1:4623
browser: chromium 149.0.7827.0
OK p-repair-B01-topic02-summary-enthusiasm.png :: B-01 topic-02 summary: enthusiasm follows competence
   passage: پیشے کی جانب رویہ جذبہ نہیں، مؤقف ہے، یہ عام طرزِ عمل میں دکھائی دیتا ہے، اور جوش عموماً مہارت کے پیچھے آتا ہے، آگے نہیں۔ پیشہ ورانہ تاثر تہہ دار ہے: ظاہری صورت
OK p-repair-B02-topic01-taylor.png :: B-02 topic-01: inaccurate or merely implied definitions
   passage: Taylor اور Thion (2023) اس پر تیز نکتہ رکھتے ہیں، مگر غور کیجیے کہ انہوں نے کیا مطالعہ کیا: تدریس کی افادیت پر تحقیقی ادب کا جائزہ لیتے ہوئے انہوں نے بہت سے مقا
OK p-repair-B03-topic01-objective.png :: B-03 topic-01: the aggregate number feels objective
   passage: پہلی، اجزاء شہادت ہیں، نمبر نہیں۔ انہیں جمع کرنے سے ایسا عدد بنتا ہے جو معروضی لگتا ہے اور ہر اس فیصلے کو چھپاتا ہے جو اس میں شامل تھا۔ Goe اور ساتھی صاف کہتے ہ
OK p-repair-B04-notes-serving-teacher.png :: B-04 teacher-notes: observing a serving teacher
   passage: اس یونٹ کی تین پریکٹیکم سرگرمیاں کسی زیرِ خدمت استاد کے مشاہدے سے جڑی ہیں: 3.1 میں جائزے کی پوچھ، 3.2 میں خصوصیت کا مشاہہ، اور 3.3 میں تنازع کا انٹرویو۔ دو احتی
OK p-repair-B05-topic05-nobody-listens.png :: B-05 topic-05: ensuring nobody listens to you
   passage: تبدیلی کا داعی کردار کی ایک ناکامی بھی رکھتا ہے جس کا نام لینا ضروری ہے: نیا استاد جو یہ سمجھتے ہوئے آئے کہ سب کچھ غلط ہے اور کہتا پھرے۔ وہ تبدیلی کی داعی گری ن
OK p-repair-B06-topic05-intended.png :: B-06 topic-05: whether or not it is intended
   passage: اخلاقی نمونہ۔ اخلاقی نمونہ یہ پہچانتا ہے کہ تدریس لوگوں کو ڈھالتی ہے، اور یہ چاہے اس کا ارادہ کیا جائے یا نہ کیا جائے، ہوتی رہتی ہے۔ یونٹ 2 نے بنیاد رکھی تھی: ا
OK p-repair-B07-topic02-improvised.png :: B-07 topic-02: every lesson is improvised
   passage: موزونیت منصوبہ بدلنا جب کمرہ آپ کو اشارہ دے۔ حد سے زیادہ ہو کر یہ بے ترتیبی بن جاتی ہے، ایسی جماعت جو کبھی کوئی ترتیب نہیں دیکھتی کیونکہ ہر سبق اسی وقت بنا بنا 
OK p-repair-B08-topic03-reasoned-default.png :: B-08 topic-03: a reasoned default rather than a sourced finding
   passage: Goe, L., Bell, C., & Little, O. (2008). Approaches to evaluating teacher effectiveness: A research synthesis. National Comprehensive Center for Teacher Quality.
OK p-narrow360-B01-summary.png (narrow 360x780) :: پیشے کی جانب رویہ جذبہ نہیں، مؤقف ہے، یہ عام طرزِ عمل میں دکھائی دیتا ہے، اور جوش عموماً مہارت کے پی
OK p-narrow360-B06-intended.png (narrow 360x780) :: اخلاقی نمونہ۔ اخلاقی نمونہ یہ پہچانتا ہے کہ تدریس لوگوں کو ڈھالتی ہے، اور یہ چاہے اس کا ارادہ کیا جا
result: 10/10 targeted shots captured
