# figure-text-overlap - EFMP-302 unit-02, G3 feat023-r2
# started: 2026-09-24T15:28:26.108Z
# base: http://127.0.0.1:4599   browser: chromium 149.0.7827.0
# method: served bytes sha256-matched to committed bytes, inlined at viewBox size,
#         getBBox per <text> in SVG user units, pairwise bbox intersection, then
#         canvas pixel ink-intersection for every overlapping pair.
fig-U2-1.light.svg: texts=35 bboxPairs=0 collisions=0 nearMisses=0 wmTextOverlaps=0 wmRectHits=3 servedMatch=true
   WORDMARK-SHAPE: vs rect.bg 93x13
   WORDMARK-SHAPE: vs rect.focus 88.4x4
   WORDMARK-SHAPE: vs rect.grid 88.4x4
fig-U2-1.dark.svg: texts=35 bboxPairs=0 collisions=0 nearMisses=0 wmTextOverlaps=0 wmRectHits=3 servedMatch=true
   WORDMARK-SHAPE: vs rect.bg 93x13
   WORDMARK-SHAPE: vs rect.focus 88.4x4
   WORDMARK-SHAPE: vs rect.grid 88.4x4
fig-U2-2.light.svg: texts=16 bboxPairs=0 collisions=0 nearMisses=0 wmTextOverlaps=0 wmRectHits=1 servedMatch=true
   WORDMARK-SHAPE: vs rect.bg 93x13
fig-U2-2.dark.svg: texts=16 bboxPairs=0 collisions=0 nearMisses=0 wmTextOverlaps=0 wmRectHits=1 servedMatch=true
   WORDMARK-SHAPE: vs rect.bg 93x13
fig-U2-3.light.svg: texts=32 bboxPairs=2 collisions=0 nearMisses=0 wmTextOverlaps=0 wmRectHits=1 servedMatch=true
   INK-COLLISION: "a verdict handed to a pupil" vs "the pupil, silently" box 1.5x5 sharedInkPx=0 (aOnly=768 bOnly=485)
   INK-COLLISION: "travels and is never checked" vs "every later teacher" box 13x4 sharedInkPx=0 (aOnly=822 bOnly=512)
   bbox-overlap (pixel-tested): "a verdict handed to a pupil" vs "the pupil, silently" 1.5x5
   bbox-overlap (pixel-tested): "travels and is never checked" vs "every later teacher" 13x4
   WORDMARK-SHAPE: vs rect.bg 93x13
fig-U2-3.dark.svg: texts=32 bboxPairs=2 collisions=0 nearMisses=0 wmTextOverlaps=0 wmRectHits=1 servedMatch=true
   INK-COLLISION: "a verdict handed to a pupil" vs "the pupil, silently" box 1.5x5 sharedInkPx=0 (aOnly=762 bOnly=477)
   INK-COLLISION: "travels and is never checked" vs "every later teacher" box 13x4 sharedInkPx=0 (aOnly=819 bOnly=498)
   bbox-overlap (pixel-tested): "a verdict handed to a pupil" vs "the pupil, silently" 1.5x5
   bbox-overlap (pixel-tested): "travels and is never checked" vs "every later teacher" 13x4
   WORDMARK-SHAPE: vs rect.bg 93x13
fig-U2-4.light.svg: texts=15 bboxPairs=0 collisions=0 nearMisses=0 wmTextOverlaps=0 wmRectHits=1 servedMatch=true
   WORDMARK-SHAPE: vs rect.bg 93x13
fig-U2-4.dark.svg: texts=15 bboxPairs=0 collisions=0 nearMisses=0 wmTextOverlaps=0 wmRectHits=1 servedMatch=true
   WORDMARK-SHAPE: vs rect.bg 93x13
fig-U2-5.light.svg: texts=20 bboxPairs=1 collisions=1 nearMisses=0 wmTextOverlaps=0 wmRectHits=1 servedMatch=true
   INK-COLLISION: "was outweighed" vs "did not follow through" box 97.6x14 sharedInkPx=281 (aOnly=217 bOnly=339)
   bbox-overlap (pixel-tested): "was outweighed" vs "did not follow through" 97.6x14
   WORDMARK-SHAPE: vs rect.bg 93x13
fig-U2-5.dark.svg: texts=20 bboxPairs=1 collisions=1 nearMisses=0 wmTextOverlaps=0 wmRectHits=1 servedMatch=true
   INK-COLLISION: "was outweighed" vs "did not follow through" box 97.6x14 sharedInkPx=270 (aOnly=216 bOnly=339)
   bbox-overlap (pixel-tested): "was outweighed" vs "did not follow through" 97.6x14
   WORDMARK-SHAPE: vs rect.bg 93x13
fig-U2-6.light.svg: texts=16 bboxPairs=0 collisions=0 nearMisses=0 wmTextOverlaps=0 wmRectHits=1 servedMatch=true
   WORDMARK-SHAPE: vs rect.bg 93x13
fig-U2-6.dark.svg: texts=16 bboxPairs=0 collisions=0 nearMisses=0 wmTextOverlaps=0 wmRectHits=1 servedMatch=true
   WORDMARK-SHAPE: vs rect.bg 93x13
fig-U2-7.light.svg: texts=34 bboxPairs=0 collisions=0 nearMisses=0 wmTextOverlaps=0 wmRectHits=1 servedMatch=true
   WORDMARK-SHAPE: vs rect.bg 93x13
fig-U2-7.dark.svg: texts=34 bboxPairs=0 collisions=0 nearMisses=0 wmTextOverlaps=0 wmRectHits=1 servedMatch=true
   WORDMARK-SHAPE: vs rect.bg 93x13
fig-U2-8.light.svg: texts=27 bboxPairs=0 collisions=0 nearMisses=0 wmTextOverlaps=0 wmRectHits=1 servedMatch=true
   WORDMARK-SHAPE: vs rect.bg 93x13
fig-U2-8.dark.svg: texts=27 bboxPairs=0 collisions=0 nearMisses=0 wmTextOverlaps=0 wmRectHits=1 servedMatch=true
   WORDMARK-SHAPE: vs rect.bg 93x13

# NEGATIVE CONTROL: same measurement over the b8f8ffe bytes (known bad)
fig-U2-1.b8f8ffe.svg: texts=35 bboxOverlapPairs=3 inkCollisions=0
   OVERLAP: "Professional" vs "ethics" (61.2x3)
   OVERLAP: "What it cannot" vs "reach" (56.7x3)
   OVERLAP: "A teaching" vs "example" (86x3)
fig-U2-2.b8f8ffe.svg: texts=16 bboxOverlapPairs=7 inkCollisions=5
   OVERLAP: "Pupils entrust" vs "their learning andsafety" (142.8x8)
   OVERLAP: "their learning andsafety" vs "breach: a confidencerepeated" (142.8x12)
   OVERLAP: "their children" vs "breach: a reportthat misleads" (106.6x2)
   OVERLAP: "The state entrusts" vs "its curriculum andmarks" (144.7x8)
   OVERLAP: "its curriculum andmarks" vs "breach: a marknobody earned" (107.3x12)
   OVERLAP: "Colleagues entrust" vs "the profession'sstanding" (126.8x8)
   OVERLAP: "the profession'sstanding" vs "breach: oneteacher's misconduct" (126.8x12)
fig-U2-5.b8f8ffe.svg: texts=20 bboxOverlapPairs=9 inkCollisions=4
   OVERLAP: "1 Moral" vs "sensitivity" (76.3x3)
   OVERLAP: "sensitivity" vs "noticing it isethical" (85.6x9)
   OVERLAP: "2 Moral" vs "judgement" (76.3x3)
   OVERLAP: "judgement" vs "working out what isright" (110.7x9)
   OVERLAP: "3 Moral" vs "motivation" (76.3x3)
   OVERLAP: "motivation" vs "choosing it over therest" (109.7x9)
   OVERLAP: "4 Moral" vs "character" (76.3x3)
   OVERLAP: "was outweighed" vs "did not followthrough" (94.8x16)
   OVERLAP: "No ethical action" vs "the same result, by four differentroutes" (171.5x5)
control detects known-bad geometry: true

SUMMARY {"filesChecked":16,"servedMismatch":0,"bboxOverlapPairsTotal":6,"inkCollisionsTotal":2,"nearMissTotal":0,"wmTextOverlapsTotal":0}
# finished: 2026-09-24T15:28:29.956Z
