✓ static/img/figures/efmp-302/unit-02/fig-U2-1.dark.svg (780x470, widest text ends at 768.4, wordmark at 675.7)
  ~ shape .focus [574,16,764,454] collides with the wordmark by 88.3 x 4.5px
✓ static/img/figures/efmp-302/unit-02/fig-U2-1.svg (780x470, widest text ends at 768.4, wordmark at 675.7)
  ~ shape .focus [574,16,764,454] collides with the wordmark by 88.3 x 4.5px
✓ static/img/figures/efmp-302/unit-02/fig-U2-1.ur.dark.svg (780x470, widest text ends at 768.4, wordmark at 675.7)
✓ static/img/figures/efmp-302/unit-02/fig-U2-1.ur.svg (780x470, widest text ends at 768.4, wordmark at 675.7)
✓ static/img/figures/efmp-302/unit-02/fig-U2-2.dark.svg (780x470, widest text ends at 768.4, wordmark at 675.7)
✓ static/img/figures/efmp-302/unit-02/fig-U2-2.svg (780x470, widest text ends at 768.4, wordmark at 675.7)
✓ static/img/figures/efmp-302/unit-02/fig-U2-2.ur.dark.svg (780x470, widest text ends at 768.4, wordmark at 675.7)
✓ static/img/figures/efmp-302/unit-02/fig-U2-2.ur.svg (780x470, widest text ends at 768.4, wordmark at 675.7)
✓ static/img/figures/efmp-302/unit-02/fig-U2-3.dark.svg (780x430, widest text ends at 768.4, wordmark at 675.7)
✓ static/img/figures/efmp-302/unit-02/fig-U2-3.svg (780x430, widest text ends at 768.4, wordmark at 675.7)
✓ static/img/figures/efmp-302/unit-02/fig-U2-3.ur.dark.svg (780x430, widest text ends at 768.4, wordmark at 675.7)
✓ static/img/figures/efmp-302/unit-02/fig-U2-3.ur.svg (780x430, widest text ends at 768.4, wordmark at 675.7)
✓ static/img/figures/efmp-302/unit-02/fig-U2-4.dark.svg (780x470, widest text ends at 768.4, wordmark at 675.7)
✓ static/img/figures/efmp-302/unit-02/fig-U2-4.svg (780x470, widest text ends at 768.4, wordmark at 675.7)
✓ static/img/figures/efmp-302/unit-02/fig-U2-4.ur.dark.svg (780x470, widest text ends at 768.4, wordmark at 675.7)
✓ static/img/figures/efmp-302/unit-02/fig-U2-4.ur.svg (780x470, widest text ends at 768.4, wordmark at 675.7)
✓ static/img/figures/efmp-302/unit-02/fig-U2-5.dark.svg (780x430, widest text ends at 768.4, wordmark at 675.7)
✓ static/img/figures/efmp-302/unit-02/fig-U2-5.svg (780x430, widest text ends at 768.4, wordmark at 675.7)
✓ static/img/figures/efmp-302/unit-02/fig-U2-5.ur.dark.svg (780x430, widest text ends at 768.4, wordmark at 675.7)
✓ static/img/figures/efmp-302/unit-02/fig-U2-5.ur.svg (780x430, widest text ends at 768.4, wordmark at 675.7)
✓ static/img/figures/efmp-302/unit-02/fig-U2-6.dark.svg (780x430, widest text ends at 768.4, wordmark at 675.7)
✓ static/img/figures/efmp-302/unit-02/fig-U2-6.svg (780x430, widest text ends at 768.4, wordmark at 675.7)
✓ static/img/figures/efmp-302/unit-02/fig-U2-6.ur.dark.svg (780x430, widest text ends at 768.4, wordmark at 675.7)
✓ static/img/figures/efmp-302/unit-02/fig-U2-6.ur.svg (780x430, widest text ends at 768.4, wordmark at 675.7)
✓ static/img/figures/efmp-302/unit-02/fig-U2-7.dark.svg (780x420, widest text ends at 769.9, wordmark at 675.7)
✓ static/img/figures/efmp-302/unit-02/fig-U2-7.svg (780x420, widest text ends at 769.9, wordmark at 675.7)
✓ static/img/figures/efmp-302/unit-02/fig-U2-7.ur.dark.svg (780x420, widest text ends at 768.4, wordmark at 675.7)
✓ static/img/figures/efmp-302/unit-02/fig-U2-7.ur.svg (780x420, widest text ends at 768.4, wordmark at 675.7)
✓ static/img/figures/efmp-302/unit-02/fig-U2-8.dark.svg (780x430, widest text ends at 768.4, wordmark at 675.7)
✓ static/img/figures/efmp-302/unit-02/fig-U2-8.svg (780x430, widest text ends at 768.4, wordmark at 675.7)
✓ static/img/figures/efmp-302/unit-02/fig-U2-8.ur.dark.svg (780x430, widest text ends at 768.4, wordmark at 675.7)
✓ static/img/figures/efmp-302/unit-02/fig-U2-8.ur.svg (780x430, widest text ends at 768.4, wordmark at 675.7)

2 cosmetic wordmark collision(s) - reported, not failed.
