# page-inspect - EFMP-302 unit-02, G3 feat023-r2 (independent of render-inspect)
# started: 2026-09-24T15:33:15.495Z  base: http://127.0.0.1:4599  viewport: 360x780 mobile
-- index: h1=1 headingSkips=0 darkShownInLight=0 docOverflow=0px scrollers=0 allReachableBySwipe=true allKeyboardFocusable=true
-- topic-01: h1=1 headingSkips=0 darkShownInLight=0 docOverflow=0px scrollers=2 allReachableBySwipe=true allKeyboardFocusable=true
   scroller FIGURE.figure client=328 scroll=780 lastContentRight=-108 reachable=true tabindex=0 role=region aria="Scrollable figure, scroll sideways to see the whole diagram"
   scroller FIGURE.figure client=328 scroll=780 lastContentRight=-108 reachable=true tabindex=0 role=region aria="Scrollable figure, scroll sideways to see the whole diagram"
-- topic-02: h1=1 headingSkips=0 darkShownInLight=0 docOverflow=0px scrollers=2 allReachableBySwipe=true allKeyboardFocusable=true
   scroller FIGURE.figure client=328 scroll=780 lastContentRight=-108 reachable=true tabindex=0 role=region aria="Scrollable figure, scroll sideways to see the whole diagram"
   scroller FIGURE.figure client=328 scroll=780 lastContentRight=-108 reachable=true tabindex=0 role=region aria="Scrollable figure, scroll sideways to see the whole diagram"
-- topic-03: h1=1 headingSkips=0 darkShownInLight=0 docOverflow=0px scrollers=3 allReachableBySwipe=true allKeyboardFocusable=true
   scroller FIGURE.figure client=328 scroll=780 lastContentRight=-108 reachable=true tabindex=0 role=region aria="Scrollable figure, scroll sideways to see the whole diagram"
   scroller TABLE. client=328 scroll=368 lastContentRight=344 reachable=true tabindex=0 role=region aria="Scrollable table, scroll sideways to see all columns"
   scroller FIGURE.figure client=328 scroll=780 lastContentRight=-108 reachable=true tabindex=0 role=region aria="Scrollable figure, scroll sideways to see the whole diagram"
-- topic-04: h1=1 headingSkips=0 darkShownInLight=0 docOverflow=0px scrollers=2 allReachableBySwipe=true allKeyboardFocusable=true
   scroller FIGURE.figure client=328 scroll=780 lastContentRight=-108 reachable=true tabindex=0 role=region aria="Scrollable figure, scroll sideways to see the whole diagram"
   scroller FIGURE.figure client=328 scroll=780 lastContentRight=-108 reachable=true tabindex=0 role=region aria="Scrollable figure, scroll sideways to see the whole diagram"
-- unit-assessment: h1=1 headingSkips=0 darkShownInLight=0 docOverflow=0px scrollers=5 allReachableBySwipe=true allKeyboardFocusable=true
   scroller TABLE. client=328 scroll=507 lastContentRight=344 reachable=true tabindex=0 role=region aria="Scrollable table, scroll sideways to see all columns"
   scroller TABLE. client=328 scroll=517 lastContentRight=343 reachable=true tabindex=0 role=region aria="Scrollable table, scroll sideways to see all columns"
   scroller TABLE. client=328 scroll=551 lastContentRight=344 reachable=true tabindex=0 role=region aria="Scrollable table, scroll sideways to see all columns"
   scroller TABLE. client=328 scroll=503 lastContentRight=344 reachable=true tabindex=0 role=region aria="Scrollable table, scroll sideways to see all columns"
   scroller TABLE. client=328 scroll=533 lastContentRight=344 reachable=true tabindex=0 role=region aria="Scrollable table, scroll sideways to see all columns"
-- unit-teacher-notes: h1=1 headingSkips=0 darkShownInLight=0 docOverflow=0px scrollers=0 allReachableBySwipe=true allKeyboardFocusable=true
# finished: 2026-09-24T15:33:21.672Z
# failures: 0
