$ render-review (host browser/print inspection record) - agent-g3-efmp302-u2-feat023-r2
2026-09-24T15:22:00Z - 2026-09-24T15:36:00Z

HOW INSPECTION RAN
==================
Fresh production build of both locales (en, ur) at 2026-09-24T15:22-15:26Z (npm run build,
exit 0, logs-feat023-r2/site-build.log, "Generated static files in build" and "build/ur").
All inspection below ran against that build, served by docusaurus serve on 127.0.0.1:4599.

1. render-inspect tool over the served build (chromium 149.0.7827.0), 7 unit pages,
   exit 0, defects 0: renders-feat023-r2/render-inspect.log
   A. desktop 1280x900: no skipped heading levels on any page; every img served with
      non-empty alt; light/dark pairs share alt with exactly one shown; no broken images;
      no bare-URL or vague link text; no horizontal overflow.
   B. narrow 360x780: document overflow 0px on all 7 pages; the Rest diagnostic table
      (topic-03, scroll 368 in client 328) and all five ERQ rubric tables (503-551 in 328)
      are their own scroll containers with tabindex="0" and an aria-label; figures scroll
      via FIGURE.figure.
   C. A4 print emulation 794px: clippedElems=0 on all 7 pages; every print figure fits
      (rightmost 717-777); the answers and marking guidance section renders unclipped
      (answerHeadings present on unit-assessment); print-a4-*.pdf saved.
   D. SVG geometry per the committed tool: all 16 EN variants (8 figures x light/dark)
      clean for viewBox overflow and wordmark overprint.

2. Independent page inspection (this reviewer's own driver, not the tool's log):
   logs-feat023-r2/page-inspect.log + page-inspect.json. Same served build, 360x780
   mobile. Per page: exactly one h1, no heading-level skips, no dark variant shown in
   light mode, document overflow 0px. For every horizontally scrolling element the G3
   reference's scroll-to-edge test was applied (scrollLeft = scrollWidth, then re-measure
   the rightmost content): all 14 scrollers across the 7 pages are reachable by swipe and
   carry tabindex="0" role="region" plus an aria-label ("Scrollable figure, scroll
   sideways to see the whole diagram" / "Scrollable table, scroll sideways to see all
   columns"). Addendum in the log: the FIGURE rows' lastContentRight=-108 used
   lastElementChild (the figcaption); direct re-measurement of the visible image after
   scroll-to-edge puts its right edge at 344px, inside the 360px viewport, so figure
   content is reachable; the conclusion stands. Exit 0.

3. Figure text-on-text overlap measurement (the check neither measure-figure-text nor
   check:figures performs; the cycle-1 accessibility pass was earned without it):
   logs-feat023-r2/figure-text-overlap.log + figure-text-overlap.json, instrument
   renders-feat023-r2/figure-text-overlap.mjs.
   Method: for each of the 16 EN variants the SERVED bytes were fetched and
   sha256-matched to the committed static/img bytes (servedMismatch=0), inlined into a
   blank page at natural viewBox size in headless Chromium; every <text> element's
   getBBox() was measured in SVG user units; pairwise bbox intersection was computed
   between all distinct text pairs (including the wordmark); every bbox-overlapping pair
   was then pixel-tested by rendering the SVG three times into canvases (element A alone,
   element B alone, all text hidden) and counting pixels inked in both A and B relative
   to the empty variant. The wordmark was additionally bbox-checked against every painted
   shape.
   RESULT: 14 of 16 variants have zero bbox-overlapping pairs and zero shared ink.
   fig-U2-3 (both variants) has two bbox-overlapping label pairs ("a verdict handed to
   a pupil" vs "the pupil, silently" 1.5x5; "travels and is never checked" vs "every
   later teacher" 13x4) that share ZERO ink pixels - box padding graze only, no visual
   superposition, not a defect.
   DEFECT (blocking finding B-01): fig-U2-5.svg and fig-U2-5.dark.svg superpose the
   failure-branch labels "was outweighed" (x 488.0-585.6) and "did not follow through"
   (x 467.8-600.0) on the same baseline band y 139-153: 97.6x14 box overlap with 281
   shared ink pixels (light) and 270 (dark). Precise boxes, pixel counts and 4x crops:
   logs-feat023-r2/fig-U2-5-collision-detail.json and
   renders-feat023-r2/fig-U2-5-collision-crop-*.png. The current bytes are identical to
   the original figure render commit 96dcf38 ("content(efmp-302): render Unit 2's eight
   figures"), which already contains both labels at x=488 (left-aligned) and x=600
   (right-aligned) on y=150: the collision is a pre-existing authoring defect, not
   introduced by b8f8ffe and not by the 69bae9e repair, and it was invisible to every
   prior gate and to cycle 1 because nothing measured figure-internal text geometry.
   Urdu variants: fig-U2-5.ur.svg / .ur.dark.svg failure labels are disjoint
   (fig-U2-5-collision-detail.json); the remaining 14 Urdu variants have zero
   bbox-overlapping pairs (logs-feat023-r2/ur-variants-overlap-check.log), so the
   defect is confined to the two EN theme variants.
   NEGATIVE CONTROL: the identical measurement over the known-bad b8f8ffe bytes
   (extracted with: git show b8f8ffe:static/img/figures/efmp-302/unit-02/fig-U2-{1,2,5}.svg)
   detects 3, 7 and 9 bbox-overlapping pairs respectively, with real ink collisions in
   fig-U2-2 (5 pairs) and fig-U2-5 (4 pairs), including the same label pair at 94.8x16:
   figure-text-overlap-control-b8f8ffe.json. The result on current bytes is a measured
   absence with a proven-sensitive instrument, and the one collision it does find is
   precisely localised.
   Script exit code 1 by design (it exits non-zero when any pair shares ink).

4. Wordmark assessment (fig-U2-1 graze): measure-figure-text reports the .focus
   highlight rect grazing the wordmark by 88.3x4.5px in both EN variants (reported, not
   failed). This reviewer verified the wordmark is the LAST element in document order in
   all 8 figures, so it always paints on top and is never occluded; its contrast is
   2.94:1 on the white background and 2.51:1 over the .focus fill - a marginal change to
   a decorative, aria-hidden branding mark. This is the pre-existing cosmetic
   shape-wordmark graze class that prior reviews accepted (specs/gaps.md G-2026-62 action
   note). Recorded as advisory, not blocking.

5. Served-bytes identity: all 16 served EN variants hash-match the committed
   static/img/figures/efmp-302/unit-02/*.svg bytes (servedMatch=true throughout,
   figure-text-overlap.json), and the prepared feat023-r2 manifest recomputes identically
   against the working tree (103/103 inputs, verified with scripts/lib/review-evidence.mjs
   inputManifest before review began).

RENDERED ARTIFACTS SAVED (renders-feat023-r2/)
===============================================
- desktop-{index,topic-01..04,unit-assessment,unit-teacher-notes}.png (1280x900)
- narrow360-*.png (360x780, same 7 pages)
- print-a4-*.pdf (794px print emulation, 7 pages)
- fig-U2-{1..8}{,.dark}-standalone-2x.png (each committed EN variant rendered at 2x)
- fig-U2-5-collision-crop-fig-U2-5{,.dark,.ur,.ur.dark}.png (4x crops of the collision band)
- figure-text-overlap.mjs, fig-U2-5-collision-detail.mjs, page-inspect.mjs (the instruments)
- render-inspect.log / render-inspect.json (the committed tool's own record)

LIMITATION, RECORDED HONESTLY
=============================
This reviewer session could not view raster images directly (PNG reads returned no visual
content), the same limitation the unit-03 cycle-1 and cycle-2 reviewers recorded. Visual
inspection was therefore performed by real-browser DOM geometry measurement and
pixel-level ink intersection over the actual built and served pages and SVGs, with a
negative control proving the instrument detects the known-bad geometry, and all
screenshots, crops and PDFs saved under renders-feat023-r2/ for human verification. This
is stronger than eyeballing for overlap detection, but a human should still look at the
renders before publication.

EXIT=1 (inspection completed and recorded; one hard defect found: fig-U2-5 EN label
superposition, reported as blocking finding B-01 in agent-g3-efmp302-u2-feat023-r2.json)
